###############################################################################
#
# IAR ELF Linker V9.40.1.364/W64 for ARM                  02/Jun/2026  22:22:02
# Copyright 2007-2023 IAR Systems AB.
#
#    Output file  =
#        C:\Users\jty\Desktop\navigation-master\CYT4BB7_Library-master\CYT4BB7_Library-master\Example\Motherboard_Demo\E4_imu\luntui_3\iar\project_config\Debug_m7_0\Exe\cyt4bb7_cm_7_0.out
#    Map file     =
#        C:\Users\jty\Desktop\navigation-master\CYT4BB7_Library-master\CYT4BB7_Library-master\Example\Motherboard_Demo\E4_imu\luntui_3\iar\Debug_m7_0\List\cyt4bb7_cm_7_0.map
#    Command line =
#        -f
#        C:\Users\jty\Desktop\navigation-master\CYT4BB7_Library-master\CYT4BB7_Library-master\Example\Motherboard_Demo\E4_imu\luntui_3\iar\project_config\Debug_m7_0\Exe\cyt4bb7_cm_7_0.out.rsp
#        (C:\Users\jty\Desktop\navigation-master\CYT4BB7_Library-master\CYT4BB7_Library-master\Example\Motherboard_Demo\E4_imu\luntui_3\iar\Debug_m7_0\Obj\user_8514941877209965082.dir\cm7_0_isr.o
#        C:\Users\jty\Desktop\navigation-master\CYT4BB7_Library-master\CYT4BB7_Library-master\Example\Motherboard_Demo\E4_imu\luntui_3\iar\Debug_m7_0\Obj\adc_11722776235721520015.dir\cy_adc.o
#        C:\Users\jty\Desktop\navigation-master\CYT4BB7_Library-master\CYT4BB7_Library-master\Example\Motherboard_Demo\E4_imu\luntui_3\iar\Debug_m7_0\Obj\button_4990804375159372270.dir\cy_button.o
#        C:\Users\jty\Desktop\navigation-master\CYT4BB7_Library-master\CYT4BB7_Library-master\Example\Motherboard_Demo\E4_imu\luntui_3\iar\Debug_m7_0\Obj\canfd_1800690984773873875.dir\cy_canfd.o
#        C:\Users\jty\Desktop\navigation-master\CYT4BB7_Library-master\CYT4BB7_Library-master\Example\Motherboard_Demo\E4_imu\luntui_3\iar\Debug_m7_0\Obj\cpu_15938736945165268644.dir\cy_cpu.o
#        C:\Users\jty\Desktop\navigation-master\CYT4BB7_Library-master\CYT4BB7_Library-master\Example\Motherboard_Demo\E4_imu\luntui_3\iar\Debug_m7_0\Obj\crypto_1190170608956581615.dir\cy_crypto_config.o
#        C:\Users\jty\Desktop\navigation-master\CYT4BB7_Library-master\CYT4BB7_Library-master\Example\Motherboard_Demo\E4_imu\luntui_3\iar\Debug_m7_0\Obj\eth_phy_18133017486186456677.dir\cy_dp83867.o
#        C:\Users\jty\Desktop\navigation-master\CYT4BB7_Library-master\CYT4BB7_Library-master\Example\Motherboard_Demo\E4_imu\luntui_3\iar\Debug_m7_0\Obj\ethernet_6029839089178797009.dir\cy_ethif.o
#        C:\Users\jty\Desktop\navigation-master\CYT4BB7_Library-master\CYT4BB7_Library-master\Example\Motherboard_Demo\E4_imu\luntui_3\iar\Debug_m7_0\Obj\evtgen_3404189088603873129.dir\cy_evtgen.o
#        C:\Users\jty\Desktop\navigation-master\CYT4BB7_Library-master\CYT4BB7_Library-master\Example\Motherboard_Demo\E4_imu\luntui_3\iar\Debug_m7_0\Obj\flash_8529866181315662935.dir\cy_flash.o
#        C:\Users\jty\Desktop\navigation-master\CYT4BB7_Library-master\CYT4BB7_Library-master\Example\Motherboard_Demo\E4_imu\luntui_3\iar\Debug_m7_0\Obj\gpio_3999404635324069351.dir\cy_gpio.o
#        C:\Users\jty\Desktop\navigation-master\CYT4BB7_Library-master\CYT4BB7_Library-master\Example\Motherboard_Demo\E4_imu\luntui_3\iar\Debug_m7_0\Obj\audioss_1346650047966882938.dir\cy_i2s.o
#        C:\Users\jty\Desktop\navigation-master\CYT4BB7_Library-master\CYT4BB7_Library-master\Example\Motherboard_Demo\E4_imu\luntui_3\iar\Debug_m7_0\Obj\rev_b_6162237342861132223.dir\cy_interrupt_map.o
#        C:\Users\jty\Desktop\navigation-master\CYT4BB7_Library-master\CYT4BB7_Library-master\Example\Motherboard_Demo\E4_imu\luntui_3\iar\Debug_m7_0\Obj\ipc_10145506163450686023.dir\cy_ipc_drv.o
#        C:\Users\jty\Desktop\navigation-master\CYT4BB7_Library-master\CYT4BB7_Library-master\Example\Motherboard_Demo\E4_imu\luntui_3\iar\Debug_m7_0\Obj\ipc_10145506163450686023.dir\cy_ipc_pipe.o
#        C:\Users\jty\Desktop\navigation-master\CYT4BB7_Library-master\CYT4BB7_Library-master\Example\Motherboard_Demo\E4_imu\luntui_3\iar\Debug_m7_0\Obj\ipc_10145506163450686023.dir\cy_ipc_sema.o
#        C:\Users\jty\Desktop\navigation-master\CYT4BB7_Library-master\CYT4BB7_Library-master\Example\Motherboard_Demo\E4_imu\luntui_3\iar\Debug_m7_0\Obj\lin_18429031207028094880.dir\cy_lin.o
#        C:\Users\jty\Desktop\navigation-master\CYT4BB7_Library-master\CYT4BB7_Library-master\Example\Motherboard_Demo\E4_imu\luntui_3\iar\Debug_m7_0\Obj\lvd_6353935867039560245.dir\cy_lvd.o
#        C:\Users\jty\Desktop\navigation-master\CYT4BB7_Library-master\CYT4BB7_Library-master\Example\Motherboard_Demo\E4_imu\luntui_3\iar\Debug_m7_0\Obj\mcwdt_4052485907822033969.dir\cy_mcwdt.o
#        C:\Users\jty\Desktop\navigation-master\CYT4BB7_Library-master\CYT4BB7_Library-master\Example\Motherboard_Demo\E4_imu\luntui_3\iar\Debug_m7_0\Obj\dma_12106025507578611576.dir\cy_mdma.o
#        C:\Users\jty\Desktop\navigation-master\CYT4BB7_Library-master\CYT4BB7_Library-master\Example\Motherboard_Demo\E4_imu\luntui_3\iar\Debug_m7_0\Obj\mpu_5663187252346826382.dir\cy_mpu.o
#        C:\Users\jty\Desktop\navigation-master\CYT4BB7_Library-master\CYT4BB7_Library-master\Example\Motherboard_Demo\E4_imu\luntui_3\iar\Debug_m7_0\Obj\flash_864493325053435817.dir\cy_mw_flash.o
#        C:\Users\jty\Desktop\navigation-master\CYT4BB7_Library-master\CYT4BB7_Library-master\Example\Motherboard_Demo\E4_imu\luntui_3\iar\Debug_m7_0\Obj\dma_12106025507578611576.dir\cy_pdma.o
#        C:\Users\jty\Desktop\navigation-master\CYT4BB7_Library-master\CYT4BB7_Library-master\Example\Motherboard_Demo\E4_imu\luntui_3\iar\Debug_m7_0\Obj\power_14453085144426420577.dir\cy_power.o
#        C:\Users\jty\Desktop\navigation-master\CYT4BB7_Library-master\CYT4BB7_Library-master\Example\Motherboard_Demo\E4_imu\luntui_3\iar\Debug_m7_0\Obj\prot_10722960861768657883.dir\cy_prot.o
#        C:\Users\jty\Desktop\navigation-master\CYT4BB7_Library-master\CYT4BB7_Library-master\Example\Motherboard_Demo\E4_imu\luntui_3\iar\Debug_m7_0\Obj\scb_15490842639181808494.dir\cy_scb_common.o
#        C:\Users\jty\Desktop\navigation-master\CYT4BB7_Library-master\CYT4BB7_Library-master\Example\Motherboard_Demo\E4_imu\luntui_3\iar\Debug_m7_0\Obj\scb_15490842639181808494.dir\cy_scb_ezi2c.o
#        C:\Users\jty\Desktop\navigation-master\CYT4BB7_Library-master\CYT4BB7_Library-master\Example\Motherboard_Demo\E4_imu\luntui_3\iar\Debug_m7_0\Obj\scb_15490842639181808494.dir\cy_scb_i2c.o
#        C:\Users\jty\Desktop\navigation-master\CYT4BB7_Library-master\CYT4BB7_Library-master\Example\Motherboard_Demo\E4_imu\luntui_3\iar\Debug_m7_0\Obj\scb_15490842639181808494.dir\cy_scb_spi.o
#        C:\Users\jty\Desktop\navigation-master\CYT4BB7_Library-master\CYT4BB7_Library-master\Example\Motherboard_Demo\E4_imu\luntui_3\iar\Debug_m7_0\Obj\scb_15490842639181808494.dir\cy_scb_uart.o
#        C:\Users\jty\Desktop\navigation-master\CYT4BB7_Library-master\CYT4BB7_Library-master\Example\Motherboard_Demo\E4_imu\luntui_3\iar\Debug_m7_0\Obj\sd_host_2982766354293506895.dir\cy_sd_host.o
#        C:\Users\jty\Desktop\navigation-master\CYT4BB7_Library-master\CYT4BB7_Library-master\Example\Motherboard_Demo\E4_imu\luntui_3\iar\Debug_m7_0\Obj\semihosting_143864889731838620.dir\cy_semihosting.o
#        C:\Users\jty\Desktop\navigation-master\CYT4BB7_Library-master\CYT4BB7_Library-master\Example\Motherboard_Demo\E4_imu\luntui_3\iar\Debug_m7_0\Obj\smartio_5451710003740070188.dir\cy_smartio.o
#        C:\Users\jty\Desktop\navigation-master\CYT4BB7_Library-master\CYT4BB7_Library-master\Example\Motherboard_Demo\E4_imu\luntui_3\iar\Debug_m7_0\Obj\smif_427648126384146252.dir\cy_smif.o
#        C:\Users\jty\Desktop\navigation-master\CYT4BB7_Library-master\CYT4BB7_Library-master\Example\Motherboard_Demo\E4_imu\luntui_3\iar\Debug_m7_0\Obj\smif_mem_6470536964353725183.dir\cy_smif_device_common.o
#        C:\Users\jty\Desktop\navigation-master\CYT4BB7_Library-master\CYT4BB7_Library-master\Example\Motherboard_Demo\E4_imu\luntui_3\iar\Debug_m7_0\Obj\smif_mem_6470536964353725183.dir\cy_smif_hb_flash.o
#        C:\Users\jty\Desktop\navigation-master\CYT4BB7_Library-master\CYT4BB7_Library-master\Example\Motherboard_Demo\E4_imu\luntui_3\iar\Debug_m7_0\Obj\smif_427648126384146252.dir\cy_smif_memslot.o
#        C:\Users\jty\Desktop\navigation-master\CYT4BB7_Library-master\CYT4BB7_Library-master\Example\Motherboard_Demo\E4_imu\luntui_3\iar\Debug_m7_0\Obj\smif_mem_6470536964353725183.dir\cy_smif_s25fl.o
#        C:\Users\jty\Desktop\navigation-master\CYT4BB7_Library-master\CYT4BB7_Library-master\Example\Motherboard_Demo\E4_imu\luntui_3\iar\Debug_m7_0\Obj\smif_mem_6470536964353725183.dir\cy_smif_s25fs.o
#        C:\Users\jty\Desktop\navigation-master\CYT4BB7_Library-master\CYT4BB7_Library-master\Example\Motherboard_Demo\E4_imu\luntui_3\iar\Debug_m7_0\Obj\smif_mem_6470536964353725183.dir\cy_smif_semp.o
#        C:\Users\jty\Desktop\navigation-master\CYT4BB7_Library-master\CYT4BB7_Library-master\Example\Motherboard_Demo\E4_imu\luntui_3\iar\Debug_m7_0\Obj\smif_427648126384146252.dir\cy_smif_ver_specific.o
#        C:\Users\jty\Desktop\navigation-master\CYT4BB7_Library-master\CYT4BB7_Library-master\Example\Motherboard_Demo\E4_imu\luntui_3\iar\Debug_m7_0\Obj\srom_13018798572330080582.dir\cy_srom.o
#        C:\Users\jty\Desktop\navigation-master\CYT4BB7_Library-master\CYT4BB7_Library-master\Example\Motherboard_Demo\E4_imu\luntui_3\iar\Debug_m7_0\Obj\sw_timer_4215635015939382130.dir\cy_sw_tmr.o
#        C:\Users\jty\Desktop\navigation-master\CYT4BB7_Library-master\CYT4BB7_Library-master\Example\Motherboard_Demo\E4_imu\luntui_3\iar\Debug_m7_0\Obj\sysclk_16149231235676103872.dir\cy_sysclk.o
#        C:\Users\jty\Desktop\navigation-master\CYT4BB7_Library-master\CYT4BB7_Library-master\Example\Motherboard_Demo\E4_imu\luntui_3\iar\Debug_m7_0\Obj\sysflt_12293435975120599261.dir\cy_sysflt.o
#        C:\Users\jty\Desktop\navigation-master\CYT4BB7_Library-master\CYT4BB7_Library-master\Example\Motherboard_Demo\E4_imu\luntui_3\iar\Debug_m7_0\Obj\sysint_7435970359207984181.dir\cy_sysint.o
#        C:\Users\jty\Desktop\navigation-master\CYT4BB7_Library-master\CYT4BB7_Library-master\Example\Motherboard_Demo\E4_imu\luntui_3\iar\Debug_m7_0\Obj\syslib_16330585751512546975.dir\cy_syslib.o
#        C:\Users\jty\Desktop\navigation-master\CYT4BB7_Library-master\CYT4BB7_Library-master\Example\Motherboard_Demo\E4_imu\luntui_3\iar\Debug_m7_0\Obj\syslib_16330585751512546975.dir\cy_syslib_iar.o
#        C:\Users\jty\Desktop\navigation-master\CYT4BB7_Library-master\CYT4BB7_Library-master\Example\Motherboard_Demo\E4_imu\luntui_3\iar\Debug_m7_0\Obj\syspm_10887939769544754770.dir\cy_syspm.o
#        C:\Users\jty\Desktop\navigation-master\CYT4BB7_Library-master\CYT4BB7_Library-master\Example\Motherboard_Demo\E4_imu\luntui_3\iar\Debug_m7_0\Obj\sysreghc_17676636058511625587.dir\cy_sysreghc.o
#        C:\Users\jty\Desktop\navigation-master\CYT4BB7_Library-master\CYT4BB7_Library-master\Example\Motherboard_Demo\E4_imu\luntui_3\iar\Debug_m7_0\Obj\sysreset_14586141425677365288.dir\cy_sysreset.o
#        C:\Users\jty\Desktop\navigation-master\CYT4BB7_Library-master\CYT4BB7_Library-master\Example\Motherboard_Demo\E4_imu\luntui_3\iar\Debug_m7_0\Obj\sysrtc_10747768817563771611.dir\cy_sysrtc.o
#        C:\Users\jty\Desktop\navigation-master\CYT4BB7_Library-master\CYT4BB7_Library-master\Example\Motherboard_Demo\E4_imu\luntui_3\iar\Debug_m7_0\Obj\systick_16016591671695740695.dir\cy_systick.o
#        C:\Users\jty\Desktop\navigation-master\CYT4BB7_Library-master\CYT4BB7_Library-master\Example\Motherboard_Demo\E4_imu\luntui_3\iar\Debug_m7_0\Obj\syswdt_9118657615806274156.dir\cy_syswdt.o
#        C:\Users\jty\Desktop\navigation-master\CYT4BB7_Library-master\CYT4BB7_Library-master\Example\Motherboard_Demo\E4_imu\luntui_3\iar\Debug_m7_0\Obj\tcpwm_422923530147891246.dir\cy_tcpwm.o
#        C:\Users\jty\Desktop\navigation-master\CYT4BB7_Library-master\CYT4BB7_Library-master\Example\Motherboard_Demo\E4_imu\luntui_3\iar\Debug_m7_0\Obj\tcpwm_422923530147891246.dir\cy_tcpwm_counter.o
#        C:\Users\jty\Desktop\navigation-master\CYT4BB7_Library-master\CYT4BB7_Library-master\Example\Motherboard_Demo\E4_imu\luntui_3\iar\Debug_m7_0\Obj\tcpwm_422923530147891246.dir\cy_tcpwm_pwm.o
#        C:\Users\jty\Desktop\navigation-master\CYT4BB7_Library-master\CYT4BB7_Library-master\Example\Motherboard_Demo\E4_imu\luntui_3\iar\Debug_m7_0\Obj\tcpwm_422923530147891246.dir\cy_tcpwm_quaddec.o
#        C:\Users\jty\Desktop\navigation-master\CYT4BB7_Library-master\CYT4BB7_Library-master\Example\Motherboard_Demo\E4_imu\luntui_3\iar\Debug_m7_0\Obj\tcpwm_422923530147891246.dir\cy_tcpwm_sr.o
#        C:\Users\jty\Desktop\navigation-master\CYT4BB7_Library-master\CYT4BB7_Library-master\Example\Motherboard_Demo\E4_imu\luntui_3\iar\Debug_m7_0\Obj\trigmux_9729677290734583340.dir\cy_trigmux.o
#        C:\Users\jty\Desktop\navigation-master\CYT4BB7_Library-master\CYT4BB7_Library-master\Example\Motherboard_Demo\E4_imu\luntui_3\iar\Debug_m7_0\Obj\ethernet_6029839089178797009.dir\edd.o
#        C:\Users\jty\Desktop\navigation-master\CYT4BB7_Library-master\CYT4BB7_Library-master\Example\Motherboard_Demo\E4_imu\luntui_3\iar\Debug_m7_0\Obj\ethernet_6029839089178797009.dir\edd_rx.o
#        C:\Users\jty\Desktop\navigation-master\CYT4BB7_Library-master\CYT4BB7_Library-master\Example\Motherboard_Demo\E4_imu\luntui_3\iar\Debug_m7_0\Obj\ethernet_6029839089178797009.dir\edd_tx.o
#        C:\Users\jty\Desktop\navigation-master\CYT4BB7_Library-master\CYT4BB7_Library-master\Example\Motherboard_Demo\E4_imu\luntui_3\iar\Debug_m7_0\Obj\code_17896468042025673432.dir\image.o
#        C:\Users\jty\Desktop\navigation-master\CYT4BB7_Library-master\CYT4BB7_Library-master\Example\Motherboard_Demo\E4_imu\luntui_3\iar\Debug_m7_0\Obj\code_17896468042025673432.dir\key.o
#        C:\Users\jty\Desktop\navigation-master\CYT4BB7_Library-master\CYT4BB7_Library-master\Example\Motherboard_Demo\E4_imu\luntui_3\iar\Debug_m7_0\Obj\code_17896468042025673432.dir\leg_control.o
#        C:\Users\jty\Desktop\navigation-master\CYT4BB7_Library-master\CYT4BB7_Library-master\Example\Motherboard_Demo\E4_imu\luntui_3\iar\Debug_m7_0\Obj\user_8514941877209965082.dir\main_cm7_0.o
#        C:\Users\jty\Desktop\navigation-master\CYT4BB7_Library-master\CYT4BB7_Library-master\Example\Motherboard_Demo\E4_imu\luntui_3\iar\Debug_m7_0\Obj\code_17896468042025673432.dir\menu.o
#        C:\Users\jty\Desktop\navigation-master\CYT4BB7_Library-master\CYT4BB7_Library-master\Example\Motherboard_Demo\E4_imu\luntui_3\iar\Debug_m7_0\Obj\code_17896468042025673432.dir\motor_control.o
#        C:\Users\jty\Desktop\navigation-master\CYT4BB7_Library-master\CYT4BB7_Library-master\Example\Motherboard_Demo\E4_imu\luntui_3\iar\Debug_m7_0\Obj\code_17896468042025673432.dir\pid.o
#        C:\Users\jty\Desktop\navigation-master\CYT4BB7_Library-master\CYT4BB7_Library-master\Example\Motherboard_Demo\E4_imu\luntui_3\iar\Debug_m7_0\Obj\code_17896468042025673432.dir\scan.o
#        C:\Users\jty\Desktop\navigation-master\CYT4BB7_Library-master\CYT4BB7_Library-master\Example\Motherboard_Demo\E4_imu\luntui_3\iar\Debug_m7_0\Obj\zf_components_14936052685886095442.dir\seekfree_assistant.o
#        C:\Users\jty\Desktop\navigation-master\CYT4BB7_Library-master\CYT4BB7_Library-master\Example\Motherboard_Demo\E4_imu\luntui_3\iar\Debug_m7_0\Obj\zf_components_14936052685886095442.dir\seekfree_assistant_interface.o
#        C:\Users\jty\Desktop\navigation-master\CYT4BB7_Library-master\CYT4BB7_Library-master\Example\Motherboard_Demo\E4_imu\luntui_3\iar\Debug_m7_0\Obj\code_17896468042025673432.dir\small_driver_uart_control.o
#        C:\Users\jty\Desktop\navigation-master\CYT4BB7_Library-master\CYT4BB7_Library-master\Example\Motherboard_Demo\E4_imu\luntui_3\iar\Debug_m7_0\Obj\startup_479057977785470282.dir\startup.o
#        C:\Users\jty\Desktop\navigation-master\CYT4BB7_Library-master\CYT4BB7_Library-master\Example\Motherboard_Demo\E4_imu\luntui_3\iar\Debug_m7_0\Obj\startup_479057977785470282.dir\startup_cm7.o
#        C:\Users\jty\Desktop\navigation-master\CYT4BB7_Library-master\CYT4BB7_Library-master\Example\Motherboard_Demo\E4_imu\luntui_3\iar\Debug_m7_0\Obj\rev_b_4986922561640112550.dir\system_tviibh4m_cm7.o
#        C:\Users\jty\Desktop\navigation-master\CYT4BB7_Library-master\CYT4BB7_Library-master\Example\Motherboard_Demo\E4_imu\luntui_3\iar\Debug_m7_0\Obj\zf_common_1201165462030747823.dir\zf_common_clock.o
#        C:\Users\jty\Desktop\navigation-master\CYT4BB7_Library-master\CYT4BB7_Library-master\Example\Motherboard_Demo\E4_imu\luntui_3\iar\Debug_m7_0\Obj\zf_common_1201165462030747823.dir\zf_common_debug.o
#        C:\Users\jty\Desktop\navigation-master\CYT4BB7_Library-master\CYT4BB7_Library-master\Example\Motherboard_Demo\E4_imu\luntui_3\iar\Debug_m7_0\Obj\zf_common_1201165462030747823.dir\zf_common_fifo.o
#        C:\Users\jty\Desktop\navigation-master\CYT4BB7_Library-master\CYT4BB7_Library-master\Example\Motherboard_Demo\E4_imu\luntui_3\iar\Debug_m7_0\Obj\zf_common_1201165462030747823.dir\zf_common_font.o
#        C:\Users\jty\Desktop\navigation-master\CYT4BB7_Library-master\CYT4BB7_Library-master\Example\Motherboard_Demo\E4_imu\luntui_3\iar\Debug_m7_0\Obj\zf_common_1201165462030747823.dir\zf_common_function.o
#        C:\Users\jty\Desktop\navigation-master\CYT4BB7_Library-master\CYT4BB7_Library-master\Example\Motherboard_Demo\E4_imu\luntui_3\iar\Debug_m7_0\Obj\zf_common_1201165462030747823.dir\zf_common_interrupt.o
#        C:\Users\jty\Desktop\navigation-master\CYT4BB7_Library-master\CYT4BB7_Library-master\Example\Motherboard_Demo\E4_imu\luntui_3\iar\Debug_m7_0\Obj\zf_device_6570275422786408770.dir\zf_device_ble6a20.o
#        C:\Users\jty\Desktop\navigation-master\CYT4BB7_Library-master\CYT4BB7_Library-master\Example\Motherboard_Demo\E4_imu\luntui_3\iar\Debug_m7_0\Obj\zf_device_6570275422786408770.dir\zf_device_dl1a.o
#        C:\Users\jty\Desktop\navigation-master\CYT4BB7_Library-master\CYT4BB7_Library-master\Example\Motherboard_Demo\E4_imu\luntui_3\iar\Debug_m7_0\Obj\zf_device_6570275422786408770.dir\zf_device_dl1b.o
#        C:\Users\jty\Desktop\navigation-master\CYT4BB7_Library-master\CYT4BB7_Library-master\Example\Motherboard_Demo\E4_imu\luntui_3\iar\Debug_m7_0\Obj\zf_device_6570275422786408770.dir\zf_device_gnss.o
#        C:\Users\jty\Desktop\navigation-master\CYT4BB7_Library-master\CYT4BB7_Library-master\Example\Motherboard_Demo\E4_imu\luntui_3\iar\Debug_m7_0\Obj\zf_device_6570275422786408770.dir\zf_device_icm20602.o
#        C:\Users\jty\Desktop\navigation-master\CYT4BB7_Library-master\CYT4BB7_Library-master\Example\Motherboard_Demo\E4_imu\luntui_3\iar\Debug_m7_0\Obj\zf_device_6570275422786408770.dir\zf_device_imu660ra.o
#        C:\Users\jty\Desktop\navigation-master\CYT4BB7_Library-master\CYT4BB7_Library-master\Example\Motherboard_Demo\E4_imu\luntui_3\iar\Debug_m7_0\Obj\zf_device_6570275422786408770.dir\zf_device_imu660rb.o
#        C:\Users\jty\Desktop\navigation-master\CYT4BB7_Library-master\CYT4BB7_Library-master\Example\Motherboard_Demo\E4_imu\luntui_3\iar\Debug_m7_0\Obj\zf_device_6570275422786408770.dir\zf_device_imu660rc.o
#        C:\Users\jty\Desktop\navigation-master\CYT4BB7_Library-master\CYT4BB7_Library-master\Example\Motherboard_Demo\E4_imu\luntui_3\iar\Debug_m7_0\Obj\zf_device_6570275422786408770.dir\zf_device_imu963ra.o
#        C:\Users\jty\Desktop\navigation-master\CYT4BB7_Library-master\CYT4BB7_Library-master\Example\Motherboard_Demo\E4_imu\luntui_3\iar\Debug_m7_0\Obj\zf_device_6570275422786408770.dir\zf_device_ips114.o
#        C:\Users\jty\Desktop\navigation-master\CYT4BB7_Library-master\CYT4BB7_Library-master\Example\Motherboard_Demo\E4_imu\luntui_3\iar\Debug_m7_0\Obj\zf_device_6570275422786408770.dir\zf_device_ips200.o
#        C:\Users\jty\Desktop\navigation-master\CYT4BB7_Library-master\CYT4BB7_Library-master\Example\Motherboard_Demo\E4_imu\luntui_3\iar\Debug_m7_0\Obj\zf_device_6570275422786408770.dir\zf_device_ips200pro.o
#        C:\Users\jty\Desktop\navigation-master\CYT4BB7_Library-master\CYT4BB7_Library-master\Example\Motherboard_Demo\E4_imu\luntui_3\iar\Debug_m7_0\Obj\zf_device_6570275422786408770.dir\zf_device_key.o
#        C:\Users\jty\Desktop\navigation-master\CYT4BB7_Library-master\CYT4BB7_Library-master\Example\Motherboard_Demo\E4_imu\luntui_3\iar\Debug_m7_0\Obj\zf_device_6570275422786408770.dir\zf_device_lora3a22.o
#        C:\Users\jty\Desktop\navigation-master\CYT4BB7_Library-master\CYT4BB7_Library-master\Example\Motherboard_Demo\E4_imu\luntui_3\iar\Debug_m7_0\Obj\zf_device_6570275422786408770.dir\zf_device_menc15a.o
#        C:\Users\jty\Desktop\navigation-master\CYT4BB7_Library-master\CYT4BB7_Library-master\Example\Motherboard_Demo\E4_imu\luntui_3\iar\Debug_m7_0\Obj\zf_device_6570275422786408770.dir\zf_device_mt9v03x.o
#        C:\Users\jty\Desktop\navigation-master\CYT4BB7_Library-master\CYT4BB7_Library-master\Example\Motherboard_Demo\E4_imu\luntui_3\iar\Debug_m7_0\Obj\zf_device_6570275422786408770.dir\zf_device_oled.o
#        C:\Users\jty\Desktop\navigation-master\CYT4BB7_Library-master\CYT4BB7_Library-master\Example\Motherboard_Demo\E4_imu\luntui_3\iar\Debug_m7_0\Obj\zf_device_6570275422786408770.dir\zf_device_pmw3901.o
#        C:\Users\jty\Desktop\navigation-master\CYT4BB7_Library-master\CYT4BB7_Library-master\Example\Motherboard_Demo\E4_imu\luntui_3\iar\Debug_m7_0\Obj\zf_device_6570275422786408770.dir\zf_device_tft180.o
#        C:\Users\jty\Desktop\navigation-master\CYT4BB7_Library-master\CYT4BB7_Library-master\Example\Motherboard_Demo\E4_imu\luntui_3\iar\Debug_m7_0\Obj\zf_device_6570275422786408770.dir\zf_device_tsl1401.o
#        C:\Users\jty\Desktop\navigation-master\CYT4BB7_Library-master\CYT4BB7_Library-master\Example\Motherboard_Demo\E4_imu\luntui_3\iar\Debug_m7_0\Obj\zf_device_6570275422786408770.dir\zf_device_type.o
#        C:\Users\jty\Desktop\navigation-master\CYT4BB7_Library-master\CYT4BB7_Library-master\Example\Motherboard_Demo\E4_imu\luntui_3\iar\Debug_m7_0\Obj\zf_device_6570275422786408770.dir\zf_device_uart_receiver.o
#        C:\Users\jty\Desktop\navigation-master\CYT4BB7_Library-master\CYT4BB7_Library-master\Example\Motherboard_Demo\E4_imu\luntui_3\iar\Debug_m7_0\Obj\zf_device_6570275422786408770.dir\zf_device_wifi_spi.o
#        C:\Users\jty\Desktop\navigation-master\CYT4BB7_Library-master\CYT4BB7_Library-master\Example\Motherboard_Demo\E4_imu\luntui_3\iar\Debug_m7_0\Obj\zf_device_6570275422786408770.dir\zf_device_wifi_uart.o
#        C:\Users\jty\Desktop\navigation-master\CYT4BB7_Library-master\CYT4BB7_Library-master\Example\Motherboard_Demo\E4_imu\luntui_3\iar\Debug_m7_0\Obj\zf_device_6570275422786408770.dir\zf_device_wireless_uart.o
#        C:\Users\jty\Desktop\navigation-master\CYT4BB7_Library-master\CYT4BB7_Library-master\Example\Motherboard_Demo\E4_imu\luntui_3\iar\Debug_m7_0\Obj\zf_driver_11922370083829174090.dir\zf_driver_adc.o
#        C:\Users\jty\Desktop\navigation-master\CYT4BB7_Library-master\CYT4BB7_Library-master\Example\Motherboard_Demo\E4_imu\luntui_3\iar\Debug_m7_0\Obj\zf_driver_11922370083829174090.dir\zf_driver_delay.o
#        C:\Users\jty\Desktop\navigation-master\CYT4BB7_Library-master\CYT4BB7_Library-master\Example\Motherboard_Demo\E4_imu\luntui_3\iar\Debug_m7_0\Obj\zf_driver_11922370083829174090.dir\zf_driver_dma.o
#        C:\Users\jty\Desktop\navigation-master\CYT4BB7_Library-master\CYT4BB7_Library-master\Example\Motherboard_Demo\E4_imu\luntui_3\iar\Debug_m7_0\Obj\zf_driver_11922370083829174090.dir\zf_driver_encoder.o
#        C:\Users\jty\Desktop\navigation-master\CYT4BB7_Library-master\CYT4BB7_Library-master\Example\Motherboard_Demo\E4_imu\luntui_3\iar\Debug_m7_0\Obj\zf_driver_11922370083829174090.dir\zf_driver_exti.o
#        C:\Users\jty\Desktop\navigation-master\CYT4BB7_Library-master\CYT4BB7_Library-master\Example\Motherboard_Demo\E4_imu\luntui_3\iar\Debug_m7_0\Obj\zf_driver_11922370083829174090.dir\zf_driver_flash.o
#        C:\Users\jty\Desktop\navigation-master\CYT4BB7_Library-master\CYT4BB7_Library-master\Example\Motherboard_Demo\E4_imu\luntui_3\iar\Debug_m7_0\Obj\zf_driver_11922370083829174090.dir\zf_driver_gpio.o
#        C:\Users\jty\Desktop\navigation-master\CYT4BB7_Library-master\CYT4BB7_Library-master\Example\Motherboard_Demo\E4_imu\luntui_3\iar\Debug_m7_0\Obj\zf_driver_11922370083829174090.dir\zf_driver_ipc.o
#        C:\Users\jty\Desktop\navigation-master\CYT4BB7_Library-master\CYT4BB7_Library-master\Example\Motherboard_Demo\E4_imu\luntui_3\iar\Debug_m7_0\Obj\zf_driver_11922370083829174090.dir\zf_driver_pit.o
#        C:\Users\jty\Desktop\navigation-master\CYT4BB7_Library-master\CYT4BB7_Library-master\Example\Motherboard_Demo\E4_imu\luntui_3\iar\Debug_m7_0\Obj\zf_driver_11922370083829174090.dir\zf_driver_pwm.o
#        C:\Users\jty\Desktop\navigation-master\CYT4BB7_Library-master\CYT4BB7_Library-master\Example\Motherboard_Demo\E4_imu\luntui_3\iar\Debug_m7_0\Obj\zf_driver_11922370083829174090.dir\zf_driver_soft_iic.o
#        C:\Users\jty\Desktop\navigation-master\CYT4BB7_Library-master\CYT4BB7_Library-master\Example\Motherboard_Demo\E4_imu\luntui_3\iar\Debug_m7_0\Obj\zf_driver_11922370083829174090.dir\zf_driver_soft_spi.o
#        C:\Users\jty\Desktop\navigation-master\CYT4BB7_Library-master\CYT4BB7_Library-master\Example\Motherboard_Demo\E4_imu\luntui_3\iar\Debug_m7_0\Obj\zf_driver_11922370083829174090.dir\zf_driver_spi.o
#        C:\Users\jty\Desktop\navigation-master\CYT4BB7_Library-master\CYT4BB7_Library-master\Example\Motherboard_Demo\E4_imu\luntui_3\iar\Debug_m7_0\Obj\zf_driver_11922370083829174090.dir\zf_driver_timer.o
#        C:\Users\jty\Desktop\navigation-master\CYT4BB7_Library-master\CYT4BB7_Library-master\Example\Motherboard_Demo\E4_imu\luntui_3\iar\Debug_m7_0\Obj\zf_driver_11922370083829174090.dir\zf_driver_uart.o
#        --no_out_extension -o
#        C:\Users\jty\Desktop\navigation-master\CYT4BB7_Library-master\CYT4BB7_Library-master\Example\Motherboard_Demo\E4_imu\luntui_3\iar\project_config\Debug_m7_0\Exe\cyt4bb7_cm_7_0.out
#        --config_def _CORE_cm7_0_=0 --config_def _LINK_flash_=0 --map
#        C:\Users\jty\Desktop\navigation-master\CYT4BB7_Library-master\CYT4BB7_Library-master\Example\Motherboard_Demo\E4_imu\luntui_3\iar\Debug_m7_0\List\cyt4bb7_cm_7_0.map
#        --config
#        C:\Users\jty\Desktop\navigation-master\CYT4BB7_Library-master\CYT4BB7_Library-master\Example\Motherboard_Demo\E4_imu\luntui_3\iar\project_config\..\icf\linker_directives_tviibh.icf
#        --semihosting
#        C:\Users\jty\Desktop\navigation-master\CYT4BB7_Library-master\CYT4BB7_Library-master\Example\Motherboard_Demo\E4_imu\luntui_3\iar\project_config\..\..\..\libraries\sdk\tviibh4m\src\drivers\crypto\libs\libcrypto_server_cm0plus_iar.a
#        C:\Users\jty\Desktop\navigation-master\CYT4BB7_Library-master\CYT4BB7_Library-master\Example\Motherboard_Demo\E4_imu\luntui_3\iar\project_config\..\..\..\libraries\zf_device\zf_device_config.a
#        C:\Users\jty\Desktop\navigation-master\CYT4BB7_Library-master\CYT4BB7_Library-master\Example\Motherboard_Demo\E4_imu\luntui_3\iar\project_config\..\..\..\libraries\sdk\common\hdr\cmsis\dsp\iar_cortexM7lf_math.a
#        --entry __iar_program_start --vfe --text_out locale --cpu=Cortex-M7
#        --fpu=VFPv5_d16) --dependencies=n
#        C:\Users\jty\Desktop\navigation-master\CYT4BB7_Library-master\CYT4BB7_Library-master\Example\Motherboard_Demo\E4_imu\luntui_3\iar\project_config\Debug_m7_0\Exe\cyt4bb7_cm_7_0.out.iar_deps
#
###############################################################################

*******************************************************************************
*** RUNTIME MODEL ATTRIBUTES
***

CppFlavor       = *
__CPP_Runtime   = 1
__Heap_Handler  = Basic
__SystemLibrary = DLib
__dlib_version  = 6


*******************************************************************************
*** HEAP SELECTION
***

The basic heap was selected because --advanced_heap
was not specified and the application did not appear to
be primarily optimized for speed.


*******************************************************************************
*** PLACEMENT SUMMARY
***

"A0":  place at start of [from 0x1008'0000 to 0x1027'ffff] { section .intvec };
"P1":  place in [from 0x1008'0000 to 0x1027'ffff] { ro };
"P2":  place in [from 0x2802'0000 to 0x2807'ffff] { rw };
define block HEAP with size = 1K, alignment = 8 { };
define block CSTACK with size = 8K, alignment = 8 { };
define block HEAP_STACK { block HEAP, last block CSTACK };
"A1":  place at end of [from 0x2802'0000 to 0x2807'ffff] { block HEAP_STACK };
do not initialize { section .intvec_ram };
initialize by copy { rw };

No sections matched the following patterns:

  ro section .sflash_app_prot  in "P6"
  ro section .sflash_nar       in "P4"
  ro section .sflash_pkey      in "P5"
  ro section .sflash_toc2      in "P7"
  ro section .sflash_uf_rows   in "P3"
  ro section .work_flash       in "P8"
  section .global_ram_data     in "P9"


  Section            Kind         Address    Size  Object
  -------            ----         -------    ----  ------
"A0":                                        0x80
  .intvec            ro code  0x1008'0000    0x80  startup_cm7.o [31]
                            - 0x1008'0080    0x80

"P1":                                      0xdea9
  .text              ro code  0x1008'0080  0x124c  scan.o [5]
  .text              ro code  0x1008'12cc     0x8  abs.o [50]
  .text              ro code  0x1008'12d4   0xf44  zf_device_tft180.o [48]
  .text              ro code  0x1008'2218   0xca8  zf_driver_spi.o [49]
  .text              ro code  0x1008'2ec0   0x444  zf_common_debug.o [46]
  .text              ro code  0x1008'3304    0x16  vla_alloc.o [50]
  .text              ro code  0x1008'331a    0x7e  lz77_init_single.o [52]
  .text              ro code  0x1008'3398    0x66  ABImemset.o [52]
  .text              ro code  0x1008'33fe     0xa  xsprout.o [50]
  .text              ro code  0x1008'3408   0x220  zf_common_function.o [46]
  .text              ro code  0x1008'3628   0x17c  zf_driver_gpio.o [49]
  .text              ro code  0x1008'37a4   0x284  zf_driver_delay.o [49]
  .text              ro code  0x1008'3a28   0x194  cy_gpio.o [14]
  .text              ro code  0x1008'3bbc   0x1f0  cy_scb_spi.o [24]
  .text              ro code  0x1008'3dac   0xaec  zf_driver_uart.o [49]
  .text              ro code  0x1008'4898    0x36  strlen.o [52]
  .text              ro code  0x1008'48d0    0x40  sprintf.o [50]
  .text              ro code  0x1008'4910   0x1f8  zf_common_fifo.o [46]
  .text              ro code  0x1008'4b08    0xe2  zf_common_interrupt.o [46]
  .text              ro code  0x1008'4bec   0x13c  heap0.o [50]
  .text              ro code  0x1008'4d28     0x6  abort.o [50]
  .text              ro code  0x1008'4d2e     0x4  heaptramp0.o [50]
  .text              ro code  0x1008'4d34   0x1ae  cy_tcpwm_counter.o [43]
  .text              ro code  0x1008'4ee2     0xc  cy_tcpwm.o [43]
  .text              ro code  0x1008'4ef0     0x6  ABImemclr4.o [52]
  .text              ro code  0x1008'4ef8   0x314  cy_scb_uart.o [24]
  .text              ro code  0x1008'520c   0xeae  xprintffull_nomb.o [50]
  .text              ro code  0x1008'60bc    0xa6  ABImemcpy.o [52]
  .text              ro code  0x1008'6164   0xe18  zf_driver_pwm.o [49]
  .text              ro code  0x1008'6f7c    0xac  cy_sysint.o [35]
  .text              ro code  0x1008'7028    0x2c  xgetmemchunk.o [50]
  .text              ro code  0x1008'7054    0x14  exit.o [53]
  .text              ro code  0x1008'7068    0x32  ABImemset48.o [52]
  .text              ro code  0x1008'709c    0x16  strchr.o [52]
  .text              ro code  0x1008'70b4    0x40  xfail_s.o [50]
  .text              ro code  0x1008'70f4    0x58  memchr.o [52]
  .text              ro code  0x1008'714c    0x70  frexp.o [51]
  .text              ro code  0x1008'71bc    0x34  DblCmpLe.o [51]
  .text              ro code  0x1008'71f0    0x34  DblCmpGe.o [51]
  .text              ro code  0x1008'7224   0x104  ldexp.o [51]
  .text              ro code  0x1008'7328     0xe  DblToS32.o [51]
  .text              ro code  0x1008'7336     0xe  S32ToDbl.o [51]
  .text              ro code  0x1008'7344    0x12  DblSub.o [51]
  .text              ro code  0x1008'7356    0x12  DblDiv.o [51]
  .text              ro code  0x1008'7368     0xe  DblToU32.o [51]
  .text              ro code  0x1008'7376     0xe  U32ToDbl.o [51]
  .text              ro code  0x1008'7384    0x12  DblMul.o [51]
  .text              ro code  0x1008'7398   0x230  I64DivMod.o [52]
  .text              ro code  0x1008'75c8   0x20a  cy_tcpwm_pwm.o [43]
  .text              ro code  0x1008'77d4     0x2  I64DivZer.o [52]
  .text              ro code  0x1008'77d8   0x8e8  cy_sysclk.o [33]
  .text              ro code  0x1008'80c0    0x70  strncpy.o [52]
  .text              ro code  0x1008'8130    0xd0  cy_syslib.o [36]
  .text              ro code  0x1008'8200     0x2  cy_syslib.o [36]
  .text              ro code  0x1008'8204   0x858  zf_device_config_mt9v03x.o [54]
  .text              ro code  0x1008'8a5c   0x6b8  zf_driver_soft_iic.o [49]
  .text              ro code  0x1008'9114   0x644  leg_control.o [5]
  .text              ro code  0x1008'9758    0x1e  sqrt.o [51]
  .text              ro code  0x1008'9778    0x60  atan.o [51]
  .text              ro code  0x1008'97d8   0x118  xatan.o [51]
  .rodata            const    0x1008'98f0   0x5f0  zf_common_font.o [46]
  .text              ro code  0x1008'9ee0   0x548  zf_device_imu660rc.o [48]
  .text              ro code  0x1008'a428    0x1e  sqrtf.o [51]
  .text              ro code  0x1008'a448    0x6a  atan2f.o [51]
  .text              ro code  0x1008'a4b4    0x5c  asinf.o [51]
  .text              ro code  0x1008'a510    0xdc  zf_driver_exti.o [49]
  .text              ro code  0x1008'a5ec    0xa4  xatanf.o [51]
  .text              ro code  0x1008'a690   0x524  menu.o [5]
  .text              ro code  0x1008'abb4   0x30c  image.o [5]
  .text              ro code  0x1008'aec0   0x498  cm7_0_isr.o [45]
  .text              ro code  0x1008'b358   0x398  zf_driver_pit.o [49]
  .text              ro code  0x1008'b6f0    0xd0  key.o [5]
  .text              ro code  0x1008'b7c0    0xf4  pid.o [5]
  .text              ro code  0x1008'b8b4   0x2f4  cos_sin64.o [51]
  .text              ro code  0x1008'bba8   0x17a  small_driver_uart_control.o [5]
  .text              ro code  0x1008'bd24   0x32c  motor_control.o [5]
  .text              ro code  0x1008'c050    0x7c  zf_device_tsl1401.o [48]
  .text              ro code  0x1008'c0cc    0x24  zf_device_ble6a20.o [48]
  .text              ro code  0x1008'c0f0   0x104  zf_device_dl1b.o [48]
  .text              ro code  0x1008'c1f4    0x74  zf_driver_adc.o [49]
  .text              ro code  0x1008'c268   0x418  zf_device_mt9v03x.o [48]
  .rodata            const    0x1008'c680   0x228  zf_common_font.o [46]
  .text              ro code  0x1008'c8a8   0x204  startup.o [31]
  .text              ro code  0x1008'caac   0x150  system_tviibh4m_cm7.o [22]
  .text              ro code  0x1008'cbfc     0x8  startup_cm7.o [31]
  .text              ro code  0x1008'cc04     0x6  startup_cm7.o [31]
  .text              ro code  0x1008'cc0c   0x1a0  cy_srom.o [30]
  .text              ro code  0x1008'cdac   0x198  cy_interrupt_map.o [23]
  .text              ro code  0x1008'cf44   0x114  cy_mw_flash.o [13]
  .text              ro code  0x1008'd058    0xc8  main_cm7_0.o [45]
  .text              ro code  0x1008'd120    0x1c  zf_common_clock.o [46]
  .text              ro code  0x1008'd13c    0x14  zf_driver_flash.o [49]
  .rodata            const    0x1008'd150    0xb0  system_tviibh4m_cm7.o [22]
  .text              ro code  0x1008'd200    0xb0  startup_cm7.o [31]
  .rodata            const    0x1008'd2b0    0xac  cy_sysclk.o [33]
  .rodata            const    0x1008'd35c    0xac  cy_sysclk.o [33]
  .rodata            const    0x1008'd408    0xa8  cy_mw_flash.o [13]
  .rodata            const    0x1008'd4b0    0xa8  cy_srom.o [30]
  .rodata            const    0x1008'd558    0xa0  zf_common_function.o [46]
  .rodata            const    0x1008'd5f8    0xa0  zf_device_imu660rc.o [48]
  .rodata            const    0x1008'd698    0xa0  zf_driver_soft_iic.o [49]
  .rodata            const    0x1008'd738    0x9c  zf_common_fifo.o [46]
  .rodata            const    0x1008'd7d4    0x9c  zf_device_tft180.o [48]
  .rodata            const    0x1008'd870    0x9c  zf_driver_pwm.o [49]
  .rodata            const    0x1008'd90c    0x9c  zf_driver_spi.o [49]
  .rodata            const    0x1008'd9a8    0x9c  zf_driver_uart.o [49]
  .text              ro code  0x1008'da44    0x38  zero_init3.o [52]
  .rodata            const    0x1008'da7c    0x28  zf_device_mt9v03x.o [48]
  .text              ro code  0x1008'daa4    0x28  data_init.o [52]
  .text              ro code  0x1008'dacc    0x22  fpinit_M.o [51]
  .iar.init_table    const    0x1008'daf0    0x20  - Linker created -
  .text              ro code  0x1008'db10    0x20  startup_cm7.o [31]
  .text              ro code  0x1008'db30    0x1e  cy_syslib_iar.o [36]
  .text              ro code  0x1008'db50    0x1e  cmain.o [52]
  .text              ro code  0x1008'db70     0x4  startup_cm7.o [31]
  .text              ro code  0x1008'db74     0x4  exit.o [50]
  .text              ro code  0x1008'db78     0xa  cexit.o [52]
  .rodata            const    0x1008'db84    0x1c  zf_common_debug.o [46]
  .rodata            const    0x1008'dba0    0x1c  zf_device_imu660rc.o [48]
  .text              ro code  0x1008'dbbc    0x1c  startup_cm7.o [31]
  .text              ro code  0x1008'dbd8    0x1c  cstartup_M.o [52]
  .rodata            const    0x1008'dbf4    0x18  startup.o [31]
  .rodata            const    0x1008'dc0c    0x18  system_tviibh4m_cm7.o [22]
  .rodata            const    0x1008'dc24    0x18  zf_common_debug.o [46]
  .rodata            const    0x1008'dc3c    0x10  zf_common_debug.o [46]
  .rodata            const    0x1008'dc4c    0x10  zf_common_debug.o [46]
  .rodata            const    0x1008'dc5c     0xc  zf_common_debug.o [46]
  .rodata            const    0x1008'dc68     0xc  zf_common_debug.o [46]
  .rodata            const    0x1008'dc74     0xc  zf_common_debug.o [46]
  .text              ro code  0x1008'dc80     0xc  cy_syslib.o [36]
  .rodata            const    0x1008'dc8c     0x8  cy_srom.o [30]
  .rodata            const    0x1008'dc94     0x8  cy_sysclk.o [33]
  .rodata            const    0x1008'dc9c     0x8  menu.o [5]
  .rodata            const    0x1008'dca4     0x4  cy_interrupt_map.o [23]
  .rodata            const    0x1008'dca8     0x4  cy_interrupt_map.o [23]
  .rodata            const    0x1008'dcac     0x4  cy_interrupt_map.o [23]
  .rodata            const    0x1008'dcb0     0x4  cy_interrupt_map.o [23]
  .rodata            const    0x1008'dcb4     0x4  cy_interrupt_map.o [23]
  .rodata            const    0x1008'dcb8     0x4  cy_interrupt_map.o [23]
  .rodata            const    0x1008'dcbc     0x4  cy_interrupt_map.o [23]
  .rodata            const    0x1008'dcc0     0x4  cy_interrupt_map.o [23]
  .rodata            const    0x1008'dcc4     0x4  cy_scb_spi.o [24]
  .rodata            const    0x1008'dcc8     0x4  cy_scb_spi.o [24]
  .rodata            const    0x1008'dccc     0x4  cy_scb_spi.o [24]
  .rodata            const    0x1008'dcd0     0x4  cy_scb_spi.o [24]
  .rodata            const    0x1008'dcd4     0x4  cy_scb_uart.o [24]
  .rodata            const    0x1008'dcd8     0x4  cy_scb_uart.o [24]
  .rodata            const    0x1008'dcdc     0x4  cy_scb_uart.o [24]
  .rodata            const    0x1008'dce0     0x4  cy_scb_uart.o [24]
  .rodata            const    0x1008'dce4     0x4  cy_scb_uart.o [24]
  .rodata            const    0x1008'dce8     0x4  cy_scb_uart.o [24]
  .rodata            const    0x1008'dcec     0x4  cy_scb_uart.o [24]
  .rodata            const    0x1008'dcf0     0x4  cy_scb_uart.o [24]
  .rodata            const    0x1008'dcf4     0x4  cy_scb_uart.o [24]
  .rodata            const    0x1008'dcf8     0x4  cy_scb_uart.o [24]
  .rodata            const    0x1008'dcfc     0x4  cy_srom.o [30]
  .rodata            const    0x1008'dd00     0x4  cy_srom.o [30]
  .rodata            const    0x1008'dd04     0x4  cy_sysint.o [35]
  .rodata            const    0x1008'dd08     0x4  cy_sysint.o [35]
  .rodata            const    0x1008'dd0c     0x4  cy_tcpwm_counter.o [43]
  .rodata            const    0x1008'dd10     0x4  cy_tcpwm_counter.o [43]
  .rodata            const    0x1008'dd14     0x4  cy_tcpwm_counter.o [43]
  .rodata            const    0x1008'dd18     0x4  cy_tcpwm_counter.o [43]
  .rodata            const    0x1008'dd1c     0x4  cy_tcpwm_counter.o [43]
  .rodata            const    0x1008'dd20     0x4  cy_tcpwm_pwm.o [43]
  .rodata            const    0x1008'dd24     0x4  cy_tcpwm_pwm.o [43]
  .rodata            const    0x1008'dd28     0x4  cy_tcpwm_pwm.o [43]
  .rodata            const    0x1008'dd2c     0x4  cy_tcpwm_pwm.o [43]
  .rodata            const    0x1008'dd30     0x4  cy_tcpwm_pwm.o [43]
  .rodata            const    0x1008'dd34     0x4  cy_tcpwm_pwm.o [43]
  .rodata            const    0x1008'dd38     0x4  cy_tcpwm_pwm.o [43]
  .rodata            const    0x1008'dd3c     0x4  menu.o [5]
  .text              ro code  0x1008'dd40     0x4  startup_cm7.o [31]
  .text              ro code  0x1008'dd44     0x4  startup_cm7.o [31]
  .text              ro code  0x1008'dd48     0x4  startup_cm7.o [31]
  .text              ro code  0x1008'dd4c     0x4  startup_cm7.o [31]
  .text              ro code  0x1008'dd50     0x4  startup_cm7.o [31]
  .text              ro code  0x1008'dd54     0x4  startup_cm7.o [31]
  .text              ro code  0x1008'dd58     0x4  startup_cm7.o [31]
  .text              ro code  0x1008'dd5c     0x4  startup_cm7.o [31]
  .text              ro code  0x1008'dd60     0x4  startup_cm7.o [31]
  .text              ro code  0x1008'dd64     0x4  startup_cm7.o [31]
  .text              ro code  0x1008'dd68     0x4  startup_cm7.o [31]
  .text              ro code  0x1008'dd6c     0x4  startup_cm7.o [31]
  .text              ro code  0x1008'dd70     0x4  startup_cm7.o [31]
  .text              ro code  0x1008'dd74     0x4  startup_cm7.o [31]
  .text              ro code  0x1008'dd78     0x4  startup_cm7.o [31]
  .text              ro code  0x1008'dd7c     0x2  zf_device_type.o [48]
  .rodata            const    0x1008'dd7e     0x0  zero_init3.o [52]
  .rodata            const    0x1008'dd7e     0x0  lz77_init_single.o [52]
  Initializer bytes  const    0x1008'dd7e   0x142  <for P2-1>
                            - 0x1008'dec0  0xde40

Absolute sections, part 1 of 2:               0x4
  .noinit            uninit   0x2800'6bf0     0x2  zf_device_mt9v03x.o [48]
  .noinit            uninit   0x2800'6bf2     0x2  zf_device_mt9v03x.o [48]
                            - 0x2800'6bf4     0x4

Absolute sections, part 2 of 2:            0x5820
  .noinit            uninit   0x2802'6024  0x5820  zf_device_mt9v03x.o [48]
                            - 0x2802'b844  0x5820

"P2", part 1 of 3:                          0x88f
  P2-1                        0x2802'b844   0x88f  <Init block>
    .data            inited   0x2802'b844   0x6ec  cy_interrupt_map.o [23]
    .data            inited   0x2802'bf30     0x4  cy_interrupt_map.o [23]
    .data            inited   0x2802'bf34    0x30  key.o [5]
    .data            inited   0x2802'bf64     0x4  leg_control.o [5]
    .data            inited   0x2802'bf68     0x4  leg_control.o [5]
    .data            inited   0x2802'bf6c     0x4  menu.o [5]
    .data            inited   0x2802'bf70     0x4  menu.o [5]
    .data            inited   0x2802'bf74     0x8  menu.o [5]
    .data            inited   0x2802'bf7c    0x28  menu.o [5]
    .data            inited   0x2802'bfa4    0x20  menu.o [5]
    .data            inited   0x2802'bfc4     0x4  scan.o [5]
    .data            inited   0x2802'bfc8     0x4  scan.o [5]
    .data            inited   0x2802'bfcc     0x4  scan.o [5]
    .data            inited   0x2802'bfd0     0x4  zf_device_type.o [48]
    .data            inited   0x2802'bfd4     0xc  zf_driver_adc.o [49]
    .data            inited   0x2802'bfe0    0x60  zf_driver_exti.o [49]
    .data            inited   0x2802'c040    0x3c  zf_driver_pit.o [49]
    .data            inited   0x2802'c07c    0x10  zf_driver_spi.o [49]
    .data            inited   0x2802'c08c    0x1c  zf_driver_uart.o [49]
    .data            inited   0x2802'c0a8    0x1c  zf_driver_uart.o [49]
    .data            inited   0x2802'c0c4     0x2  zf_device_dl1b.o [48]
    .data            inited   0x2802'c0c6     0x2  zf_device_tft180.o [48]
    .data            inited   0x2802'c0c8     0x2  zf_device_tft180.o [48]
    .data            inited   0x2802'c0ca     0x2  zf_device_tft180.o [48]
    .data            inited   0x2802'c0cc     0x2  zf_device_tft180.o [48]
    .data            inited   0x2802'c0ce     0x2  zf_driver_delay.o [49]
    .data            inited   0x2802'c0d0     0x1  zf_common_debug.o [46]
    .data            inited   0x2802'c0d1     0x1  zf_device_tft180.o [48]
    .data            inited   0x2802'c0d2     0x1  zf_driver_delay.o [49]
                            - 0x2802'c0d3   0x88f

"P2", part 2 of 3:                         0xed08
  .bss               zero     0x2802'c0d4  0x5820  image.o [5]
  .bss               zero     0x2803'18f4  0x5820  zf_device_mt9v03x.o [48]
  .bss               zero     0x2803'7114  0x1608  image.o [5]
  .bss               zero     0x2803'871c  0x1608  image.o [5]
  .bss               zero     0x2803'9d24   0x200  zf_device_tsl1401.o [48]
  .bss               zero     0x2803'9f24   0x188  zf_driver_uart.o [49]
  .bss               zero     0x2803'a0ac   0x178  scan.o [5]
  .bss               zero     0x2803'a224    0xf0  scan.o [5]
  .bss               zero     0x2803'a314    0xf0  scan.o [5]
  .bss               zero     0x2803'a404    0xf0  scan.o [5]
  .bss               zero     0x2803'a4f4    0xf0  scan.o [5]
  .bss               zero     0x2803'a5e4    0xf0  scan.o [5]
  .bss               zero     0x2803'a6d4    0xf0  scan.o [5]
  .bss               zero     0x2803'a7c4    0x70  cy_syslib.o [36]
  .bss               zero     0x2803'a834    0x70  zf_driver_uart.o [49]
  .bss               zero     0x2803'a8a4    0x48  zf_driver_adc.o [49]
  .bss               zero     0x2803'a8ec    0x40  zf_common_debug.o [46]
  .bss               zero     0x2803'a92c    0x34  pid.o [5]
  .bss               zero     0x2803'a960    0x34  pid.o [5]
  .bss               zero     0x2803'a994    0x34  pid.o [5]
  .bss               zero     0x2803'a9c8    0x34  pid.o [5]
  .bss               zero     0x2803'a9fc    0x34  pid.o [5]
  .bss               zero     0x2803'aa30    0x34  pid.o [5]
  .bss               zero     0x2803'aa64    0x34  pid.o [5]
  .bss               zero     0x2803'aa98    0x34  pid.o [5]
  .bss               zero     0x2803'aacc    0x34  pid.o [5]
  .bss               zero     0x2803'ab00    0x20  leg_control.o [5]
  .bss               zero     0x2803'ab20    0x20  scan.o [5]
  .bss               zero     0x2803'ab40    0x20  scan.o [5]
  .bss               zero     0x2803'ab60    0x20  scan.o [5]
  .bss               zero     0x2803'ab80    0x20  scan.o [5]
  .bss               zero     0x2803'aba0    0x18  cy_sysclk.o [33]
  .bss               zero     0x2803'abb8    0x18  cy_syslib.o [36]
  .bss               zero     0x2803'abd0    0x18  zf_common_debug.o [46]
  .bss               zero     0x2803'abe8    0x18  zf_device_ble6a20.o [48]
  .bss               zero     0x2803'ac00    0x14  small_driver_uart_control.o [5]
  .bss               zero     0x2803'ac14    0x14  zf_common_debug.o [46]
  .bss               zero     0x2803'ac40    0x10  cy_srom.o [30]
  .bss               zero     0x2803'ac50    0x10  zf_device_dl1b.o [48]
  .bss               zero     0x2803'ac60    0x10  zf_device_imu660rc.o [48]
  .bss               zero     0x2803'ac70    0x10  zf_device_config_mt9v03x.o [54]
  .bss               zero     0x2803'ac80     0x8  zf_device_imu660rc.o [48]
  .bss               zero     0x2803'ac88     0x8  zf_driver_uart.o [49]
  .bss               zero     0x2803'ac90     0x8  zf_driver_uart.o [49]
  .bss               zero     0x2803'ac98     0x8  heap0.o [50]
  .bss               zero     0x2803'aca0     0x4  cy_srom.o [30]
  .bss               zero     0x2803'aca4     0x4  cy_syslib.o [36]
  .bss               zero     0x2803'aca8     0x4  key.o [5]
  .bss               zero     0x2803'acac     0x4  leg_control.o [5]
  .bss               zero     0x2803'acb0     0x4  menu.o [5]
  .bss               zero     0x2803'acb4     0x4  menu.o [5]
  .bss               zero     0x2803'acb8     0x4  menu.o [5]
  .bss               zero     0x2803'acbc     0x4  menu.o [5]
  .bss               zero     0x2803'acc0     0x4  menu.o [5]
  .bss               zero     0x2803'acc4     0x4  menu.o [5]
  .bss               zero     0x2803'acc8     0x4  motor_control.o [5]
  .bss               zero     0x2803'accc     0x4  motor_control.o [5]
  .bss               zero     0x2803'acd0     0x4  motor_control.o [5]
  .bss               zero     0x2803'acd4     0x4  motor_control.o [5]
  .bss               zero     0x2803'acd8     0x4  motor_control.o [5]
  .bss               zero     0x2803'acdc     0x4  motor_control.o [5]
  .bss               zero     0x2803'ace0     0x4  motor_control.o [5]
  .bss               zero     0x2803'ace4     0x4  scan.o [5]
  .bss               zero     0x2803'ace8     0x4  scan.o [5]
  .bss               zero     0x2803'acec     0x4  scan.o [5]
  .bss               zero     0x2803'acf0     0x4  scan.o [5]
  .bss               zero     0x2803'acf4     0x4  scan.o [5]
  .bss               zero     0x2803'acf8     0x4  scan.o [5]
  .bss               zero     0x2803'acfc     0x4  scan.o [5]
  .bss               zero     0x2803'ad00     0x4  scan.o [5]
  .bss               zero     0x2803'ad04     0x4  scan.o [5]
  .bss               zero     0x2803'ad08     0x4  scan.o [5]
  .bss               zero     0x2803'ad0c     0x4  scan.o [5]
  .bss               zero     0x2803'ad10     0x4  scan.o [5]
  .bss               zero     0x2803'ad14     0x4  scan.o [5]
  .bss               zero     0x2803'ad18     0x4  scan.o [5]
  .bss               zero     0x2803'ad1c     0x4  scan.o [5]
  .bss               zero     0x2803'ad20     0x4  scan.o [5]
  .bss               zero     0x2803'ad24     0x4  scan.o [5]
  .bss               zero     0x2803'ad28     0x4  scan.o [5]
  .bss               zero     0x2803'ad2c     0x4  scan.o [5]
  .bss               zero     0x2803'ad30     0x4  scan.o [5]
  .bss               zero     0x2803'ad34     0x4  scan.o [5]
  .bss               zero     0x2803'ad38     0x4  scan.o [5]
  .bss               zero     0x2803'ad3c     0x4  scan.o [5]
  .bss               zero     0x2803'ad40     0x4  scan.o [5]
  .bss               zero     0x2803'ad44     0x4  scan.o [5]
  .bss               zero     0x2803'ad48     0x4  scan.o [5]
  .bss               zero     0x2803'ad4c     0x4  scan.o [5]
  .bss               zero     0x2803'ad50     0x4  scan.o [5]
  .bss               zero     0x2803'ad54     0x4  scan.o [5]
  .bss               zero     0x2803'ad58     0x4  scan.o [5]
  .bss               zero     0x2803'ad5c     0x4  scan.o [5]
  .bss               zero     0x2803'ad60     0x4  scan.o [5]
  .bss               zero     0x2803'ad64     0x4  scan.o [5]
  .bss               zero     0x2803'ad68     0x4  scan.o [5]
  .bss               zero     0x2803'ad6c     0x4  system_tviibh4m_cm7.o [22]
  .bss               zero     0x2803'ad70     0x4  system_tviibh4m_cm7.o [22]
  .bss               zero     0x2803'ad74     0x4  system_tviibh4m_cm7.o [22]
  .bss               zero     0x2803'ad78     0x4  system_tviibh4m_cm7.o [22]
  .bss               zero     0x2803'ad7c     0x4  system_tviibh4m_cm7.o [22]
  .bss               zero     0x2803'ad80     0x4  zf_common_clock.o [46]
  .bss               zero     0x2803'ad84     0x4  zf_common_interrupt.o [46]
  .bss               zero     0x2803'ad88     0x4  zf_device_imu660rc.o [48]
  .bss               zero     0x2803'ad8c     0x4  zf_device_imu660rc.o [48]
  .bss               zero     0x2803'ad90     0x4  zf_device_imu660rc.o [48]
  .bss               zero     0x2803'ad94     0x4  zf_driver_spi.o [49]
  .bss               zero     0x2803'ad98     0x4  zf_device_config_mt9v03x.o [54]
  .bss               zero     0x2803'ad9c     0x4  zf_device_config_mt9v03x.o [54]
  .bss               zero     0x2803'ada0     0x4  zf_device_config_mt9v03x.o [54]
  .bss               zero     0x2803'ada4     0x4  zf_device_config_mt9v03x.o [54]
  .bss               zero     0x2803'ada8     0x4  zf_device_config_mt9v03x.o [54]
  .bss               zero     0x2803'adac     0x4  xgetmemchunk.o [50]
  .bss               zero     0x2803'adb0     0x4  xfail_s.o [50]
  .bss               zero     0x2803'adb4     0x2  leg_control.o [5]
  .bss               zero     0x2803'adb6     0x2  leg_control.o [5]
  .bss               zero     0x2803'adb8     0x2  leg_control.o [5]
  .bss               zero     0x2803'adba     0x2  leg_control.o [5]
  .bss               zero     0x2803'adbc     0x2  zf_device_imu660rc.o [48]
  .bss               zero     0x2803'adbe     0x2  zf_device_imu660rc.o [48]
  .bss               zero     0x2803'adc0     0x2  zf_device_imu660rc.o [48]
  .bss               zero     0x2803'adc2     0x2  zf_device_imu660rc.o [48]
  .bss               zero     0x2803'adc4     0x2  zf_device_imu660rc.o [48]
  .bss               zero     0x2803'adc6     0x2  zf_device_imu660rc.o [48]
  .bss               zero     0x2803'adc8     0x1  cy_mw_flash.o [13]
  .bss               zero     0x2803'adc9     0x1  cy_mw_flash.o [13]
  .bss               zero     0x2803'adca     0x1  cy_sysclk.o [33]
  .bss               zero     0x2803'adcb     0x1  image.o [5]
  .bss               zero     0x2803'adcc     0x1  zf_common_debug.o [46]
  .bss               zero     0x2803'adcd     0x1  zf_common_debug.o [46]
  .bss               zero     0x2803'adce     0x1  zf_common_debug.o [46]
  .bss               zero     0x2803'adcf     0x1  zf_device_ble6a20.o [48]
  .bss               zero     0x2803'add0     0x1  zf_device_dl1b.o [48]
  .bss               zero     0x2803'add1     0x1  zf_device_dl1b.o [48]
  .bss               zero     0x2803'add2     0x1  zf_device_imu660rc.o [48]
  .bss               zero     0x2803'add3     0x1  zf_device_mt9v03x.o [48]
  .bss               zero     0x2803'add4     0x1  zf_device_mt9v03x.o [48]
  .bss               zero     0x2803'add5     0x1  zf_device_tft180.o [48]
  .bss               zero     0x2803'add6     0x1  zf_device_tsl1401.o [48]
  .bss               zero     0x2803'add7     0x1  zf_device_tsl1401.o [48]
  .bss               zero     0x2803'add8     0x1  zf_driver_flash.o [49]
                            - 0x2803'add9  0xed05

"P2", part 3 of 3:                           0x80
  .intvec_ram        uninit   0x2803'ae00    0x80  startup_cm7.o [31]
                            - 0x2803'ae80    0x80

"A1":                                      0x2400
  HEAP_STACK                  0x2807'dc00  0x2400  <Block>
    HEAP                      0x2807'dc00   0x400  <Block>
      HEAP           uninit   0x2807'dc00   0x400  <Block tail>
    CSTACK                    0x2807'e000  0x2000  <Block>
      CSTACK         uninit   0x2807'e000  0x2000  <Block tail>
                            - 0x2808'0000  0x2400

Unused ranges:

         From           To       Size
         ----           --       ----
  0x1008'df29  0x1027'ffff  0x1f'20d7
  0x2802'0000  0x2802'6023     0x6024
  0x2802'c0d3  0x2802'c0d3        0x1
  0x2803'addc  0x2803'adff       0x24
  0x2803'ae80  0x2807'dbff   0x4'2d80


*******************************************************************************
*** INIT TABLE
***

          Address      Size
          -------      ----
Zero (__iar_zero_init3)
    1 destination range, total size 0xed05:
          0x2802'c0d4  0xed05

Copy/lz77 (__iar_lz77_init_single3)
    1 source range, total size 0x142 (14% of destination):
          0x1008'dd7e   0x142
    1 destination range, total size 0x88f:
          0x2802'b844   0x88f



*******************************************************************************
*** MODULE SUMMARY
***

    Module                       ro code  ro data  rw data  rw data
                                                             (abs)
    ------                       -------  -------  -------  -------
command line/config:
    ---------------------------------------------------------------
    Total:

C:\Users\jty\Desktop\navigation-master\CYT4BB7_Library-master\CYT4BB7_Library-master\Example\Motherboard_Demo\E4_imu\luntui_3\iar\Debug_m7_0\Obj\adc_11722776235721520015.dir: [1]
    ---------------------------------------------------------------
    Total:

C:\Users\jty\Desktop\navigation-master\CYT4BB7_Library-master\CYT4BB7_Library-master\Example\Motherboard_Demo\E4_imu\luntui_3\iar\Debug_m7_0\Obj\audioss_1346650047966882938.dir: [2]
    ---------------------------------------------------------------
    Total:

C:\Users\jty\Desktop\navigation-master\CYT4BB7_Library-master\CYT4BB7_Library-master\Example\Motherboard_Demo\E4_imu\luntui_3\iar\Debug_m7_0\Obj\button_4990804375159372270.dir: [3]
    ---------------------------------------------------------------
    Total:

C:\Users\jty\Desktop\navigation-master\CYT4BB7_Library-master\CYT4BB7_Library-master\Example\Motherboard_Demo\E4_imu\luntui_3\iar\Debug_m7_0\Obj\canfd_1800690984773873875.dir: [4]
    ---------------------------------------------------------------
    Total:

C:\Users\jty\Desktop\navigation-master\CYT4BB7_Library-master\CYT4BB7_Library-master\Example\Motherboard_Demo\E4_imu\luntui_3\iar\Debug_m7_0\Obj\code_17896468042025673432.dir: [5]
    image.o                          780            33'841
    key.o                            208        7       52
    leg_control.o                  1'604        1       52
    menu.o                         1'316       25      112
    motor_control.o                  812                28
    pid.o                            244               468
    scan.o                         4'684        1    2'092
    small_driver_uart_control.o      378                20
    ---------------------------------------------------------------
    Total:                        10'026       34   36'665

C:\Users\jty\Desktop\navigation-master\CYT4BB7_Library-master\CYT4BB7_Library-master\Example\Motherboard_Demo\E4_imu\luntui_3\iar\Debug_m7_0\Obj\cpu_15938736945165268644.dir: [6]
    ---------------------------------------------------------------
    Total:

C:\Users\jty\Desktop\navigation-master\CYT4BB7_Library-master\CYT4BB7_Library-master\Example\Motherboard_Demo\E4_imu\luntui_3\iar\Debug_m7_0\Obj\crypto_1190170608956581615.dir: [7]
    ---------------------------------------------------------------
    Total:

C:\Users\jty\Desktop\navigation-master\CYT4BB7_Library-master\CYT4BB7_Library-master\Example\Motherboard_Demo\E4_imu\luntui_3\iar\Debug_m7_0\Obj\dma_12106025507578611576.dir: [8]
    ---------------------------------------------------------------
    Total:

C:\Users\jty\Desktop\navigation-master\CYT4BB7_Library-master\CYT4BB7_Library-master\Example\Motherboard_Demo\E4_imu\luntui_3\iar\Debug_m7_0\Obj\eth_phy_18133017486186456677.dir: [9]
    ---------------------------------------------------------------
    Total:

C:\Users\jty\Desktop\navigation-master\CYT4BB7_Library-master\CYT4BB7_Library-master\Example\Motherboard_Demo\E4_imu\luntui_3\iar\Debug_m7_0\Obj\ethernet_6029839089178797009.dir: [10]
    ---------------------------------------------------------------
    Total:

C:\Users\jty\Desktop\navigation-master\CYT4BB7_Library-master\CYT4BB7_Library-master\Example\Motherboard_Demo\E4_imu\luntui_3\iar\Debug_m7_0\Obj\evtgen_3404189088603873129.dir: [11]
    ---------------------------------------------------------------
    Total:

C:\Users\jty\Desktop\navigation-master\CYT4BB7_Library-master\CYT4BB7_Library-master\Example\Motherboard_Demo\E4_imu\luntui_3\iar\Debug_m7_0\Obj\flash_8529866181315662935.dir: [12]
    ---------------------------------------------------------------
    Total:

C:\Users\jty\Desktop\navigation-master\CYT4BB7_Library-master\CYT4BB7_Library-master\Example\Motherboard_Demo\E4_imu\luntui_3\iar\Debug_m7_0\Obj\flash_864493325053435817.dir: [13]
    cy_mw_flash.o                    276      168        2
    ---------------------------------------------------------------
    Total:                           276      168        2

C:\Users\jty\Desktop\navigation-master\CYT4BB7_Library-master\CYT4BB7_Library-master\Example\Motherboard_Demo\E4_imu\luntui_3\iar\Debug_m7_0\Obj\gpio_3999404635324069351.dir: [14]
    cy_gpio.o                        404
    ---------------------------------------------------------------
    Total:                           404

C:\Users\jty\Desktop\navigation-master\CYT4BB7_Library-master\CYT4BB7_Library-master\Example\Motherboard_Demo\E4_imu\luntui_3\iar\Debug_m7_0\Obj\ipc_10145506163450686023.dir: [15]
    ---------------------------------------------------------------
    Total:

C:\Users\jty\Desktop\navigation-master\CYT4BB7_Library-master\CYT4BB7_Library-master\Example\Motherboard_Demo\E4_imu\luntui_3\iar\Debug_m7_0\Obj\lin_18429031207028094880.dir: [16]
    ---------------------------------------------------------------
    Total:

C:\Users\jty\Desktop\navigation-master\CYT4BB7_Library-master\CYT4BB7_Library-master\Example\Motherboard_Demo\E4_imu\luntui_3\iar\Debug_m7_0\Obj\lvd_6353935867039560245.dir: [17]
    ---------------------------------------------------------------
    Total:

C:\Users\jty\Desktop\navigation-master\CYT4BB7_Library-master\CYT4BB7_Library-master\Example\Motherboard_Demo\E4_imu\luntui_3\iar\Debug_m7_0\Obj\mcwdt_4052485907822033969.dir: [18]
    ---------------------------------------------------------------
    Total:

C:\Users\jty\Desktop\navigation-master\CYT4BB7_Library-master\CYT4BB7_Library-master\Example\Motherboard_Demo\E4_imu\luntui_3\iar\Debug_m7_0\Obj\mpu_5663187252346826382.dir: [19]
    ---------------------------------------------------------------
    Total:

C:\Users\jty\Desktop\navigation-master\CYT4BB7_Library-master\CYT4BB7_Library-master\Example\Motherboard_Demo\E4_imu\luntui_3\iar\Debug_m7_0\Obj\power_14453085144426420577.dir: [20]
    ---------------------------------------------------------------
    Total:

C:\Users\jty\Desktop\navigation-master\CYT4BB7_Library-master\CYT4BB7_Library-master\Example\Motherboard_Demo\E4_imu\luntui_3\iar\Debug_m7_0\Obj\prot_10722960861768657883.dir: [21]
    ---------------------------------------------------------------
    Total:

C:\Users\jty\Desktop\navigation-master\CYT4BB7_Library-master\CYT4BB7_Library-master\Example\Motherboard_Demo\E4_imu\luntui_3\iar\Debug_m7_0\Obj\rev_b_4986922561640112550.dir: [22]
    system_tviibh4m_cm7.o            336      200       20
    ---------------------------------------------------------------
    Total:                           336      200       20

C:\Users\jty\Desktop\navigation-master\CYT4BB7_Library-master\CYT4BB7_Library-master\Example\Motherboard_Demo\E4_imu\luntui_3\iar\Debug_m7_0\Obj\rev_b_6162237342861132223.dir: [23]
    cy_interrupt_map.o               408      293    1'776
    ---------------------------------------------------------------
    Total:                           408      293    1'776

C:\Users\jty\Desktop\navigation-master\CYT4BB7_Library-master\CYT4BB7_Library-master\Example\Motherboard_Demo\E4_imu\luntui_3\iar\Debug_m7_0\Obj\scb_15490842639181808494.dir: [24]
    cy_scb_spi.o                     496       16
    cy_scb_uart.o                    788       40
    ---------------------------------------------------------------
    Total:                         1'284       56

C:\Users\jty\Desktop\navigation-master\CYT4BB7_Library-master\CYT4BB7_Library-master\Example\Motherboard_Demo\E4_imu\luntui_3\iar\Debug_m7_0\Obj\sd_host_2982766354293506895.dir: [25]
    ---------------------------------------------------------------
    Total:

C:\Users\jty\Desktop\navigation-master\CYT4BB7_Library-master\CYT4BB7_Library-master\Example\Motherboard_Demo\E4_imu\luntui_3\iar\Debug_m7_0\Obj\semihosting_143864889731838620.dir: [26]
    ---------------------------------------------------------------
    Total:

C:\Users\jty\Desktop\navigation-master\CYT4BB7_Library-master\CYT4BB7_Library-master\Example\Motherboard_Demo\E4_imu\luntui_3\iar\Debug_m7_0\Obj\smartio_5451710003740070188.dir: [27]
    ---------------------------------------------------------------
    Total:

C:\Users\jty\Desktop\navigation-master\CYT4BB7_Library-master\CYT4BB7_Library-master\Example\Motherboard_Demo\E4_imu\luntui_3\iar\Debug_m7_0\Obj\smif_427648126384146252.dir: [28]
    ---------------------------------------------------------------
    Total:

C:\Users\jty\Desktop\navigation-master\CYT4BB7_Library-master\CYT4BB7_Library-master\Example\Motherboard_Demo\E4_imu\luntui_3\iar\Debug_m7_0\Obj\smif_mem_6470536964353725183.dir: [29]
    ---------------------------------------------------------------
    Total:

C:\Users\jty\Desktop\navigation-master\CYT4BB7_Library-master\CYT4BB7_Library-master\Example\Motherboard_Demo\E4_imu\luntui_3\iar\Debug_m7_0\Obj\srom_13018798572330080582.dir: [30]
    cy_srom.o                        416      184       20
    ---------------------------------------------------------------
    Total:                           416      184       20

C:\Users\jty\Desktop\navigation-master\CYT4BB7_Library-master\CYT4BB7_Library-master\Example\Motherboard_Demo\E4_imu\luntui_3\iar\Debug_m7_0\Obj\startup_479057977785470282.dir: [31]
    startup.o                        516       24
    startup_cm7.o                    442               128
    ---------------------------------------------------------------
    Total:                           958       24      128

C:\Users\jty\Desktop\navigation-master\CYT4BB7_Library-master\CYT4BB7_Library-master\Example\Motherboard_Demo\E4_imu\luntui_3\iar\Debug_m7_0\Obj\sw_timer_4215635015939382130.dir: [32]
    ---------------------------------------------------------------
    Total:

C:\Users\jty\Desktop\navigation-master\CYT4BB7_Library-master\CYT4BB7_Library-master\Example\Motherboard_Demo\E4_imu\luntui_3\iar\Debug_m7_0\Obj\sysclk_16149231235676103872.dir: [33]
    cy_sysclk.o                    2'280      352       25
    ---------------------------------------------------------------
    Total:                         2'280      352       25

C:\Users\jty\Desktop\navigation-master\CYT4BB7_Library-master\CYT4BB7_Library-master\Example\Motherboard_Demo\E4_imu\luntui_3\iar\Debug_m7_0\Obj\sysflt_12293435975120599261.dir: [34]
    ---------------------------------------------------------------
    Total:

C:\Users\jty\Desktop\navigation-master\CYT4BB7_Library-master\CYT4BB7_Library-master\Example\Motherboard_Demo\E4_imu\luntui_3\iar\Debug_m7_0\Obj\sysint_7435970359207984181.dir: [35]
    cy_sysint.o                      172        8
    ---------------------------------------------------------------
    Total:                           172        8

C:\Users\jty\Desktop\navigation-master\CYT4BB7_Library-master\CYT4BB7_Library-master\Example\Motherboard_Demo\E4_imu\luntui_3\iar\Debug_m7_0\Obj\syslib_16330585751512546975.dir: [36]
    cy_syslib.o                      222               140
    cy_syslib_iar.o                   30
    ---------------------------------------------------------------
    Total:                           252               140

C:\Users\jty\Desktop\navigation-master\CYT4BB7_Library-master\CYT4BB7_Library-master\Example\Motherboard_Demo\E4_imu\luntui_3\iar\Debug_m7_0\Obj\syspm_10887939769544754770.dir: [37]
    ---------------------------------------------------------------
    Total:

C:\Users\jty\Desktop\navigation-master\CYT4BB7_Library-master\CYT4BB7_Library-master\Example\Motherboard_Demo\E4_imu\luntui_3\iar\Debug_m7_0\Obj\sysreghc_17676636058511625587.dir: [38]
    ---------------------------------------------------------------
    Total:

C:\Users\jty\Desktop\navigation-master\CYT4BB7_Library-master\CYT4BB7_Library-master\Example\Motherboard_Demo\E4_imu\luntui_3\iar\Debug_m7_0\Obj\sysreset_14586141425677365288.dir: [39]
    ---------------------------------------------------------------
    Total:

C:\Users\jty\Desktop\navigation-master\CYT4BB7_Library-master\CYT4BB7_Library-master\Example\Motherboard_Demo\E4_imu\luntui_3\iar\Debug_m7_0\Obj\sysrtc_10747768817563771611.dir: [40]
    ---------------------------------------------------------------
    Total:

C:\Users\jty\Desktop\navigation-master\CYT4BB7_Library-master\CYT4BB7_Library-master\Example\Motherboard_Demo\E4_imu\luntui_3\iar\Debug_m7_0\Obj\systick_16016591671695740695.dir: [41]
    ---------------------------------------------------------------
    Total:

C:\Users\jty\Desktop\navigation-master\CYT4BB7_Library-master\CYT4BB7_Library-master\Example\Motherboard_Demo\E4_imu\luntui_3\iar\Debug_m7_0\Obj\syswdt_9118657615806274156.dir: [42]
    ---------------------------------------------------------------
    Total:

C:\Users\jty\Desktop\navigation-master\CYT4BB7_Library-master\CYT4BB7_Library-master\Example\Motherboard_Demo\E4_imu\luntui_3\iar\Debug_m7_0\Obj\tcpwm_422923530147891246.dir: [43]
    cy_tcpwm.o                        12
    cy_tcpwm_counter.o               430       20
    cy_tcpwm_pwm.o                   522       28
    ---------------------------------------------------------------
    Total:                           964       48

C:\Users\jty\Desktop\navigation-master\CYT4BB7_Library-master\CYT4BB7_Library-master\Example\Motherboard_Demo\E4_imu\luntui_3\iar\Debug_m7_0\Obj\trigmux_9729677290734583340.dir: [44]
    ---------------------------------------------------------------
    Total:

C:\Users\jty\Desktop\navigation-master\CYT4BB7_Library-master\CYT4BB7_Library-master\Example\Motherboard_Demo\E4_imu\luntui_3\iar\Debug_m7_0\Obj\user_8514941877209965082.dir: [45]
    cm7_0_isr.o                    1'176
    main_cm7_0.o                     200
    ---------------------------------------------------------------
    Total:                         1'376

C:\Users\jty\Desktop\navigation-master\CYT4BB7_Library-master\CYT4BB7_Library-master\Example\Motherboard_Demo\E4_imu\luntui_3\iar\Debug_m7_0\Obj\zf_common_1201165462030747823.dir: [46]
    zf_common_clock.o                 28                 4
    zf_common_debug.o              1'092      120      112
    zf_common_fifo.o                 504      156
    zf_common_font.o                        2'072
    zf_common_function.o             544      160
    zf_common_interrupt.o            226                 4
    ---------------------------------------------------------------
    Total:                         2'394    2'508      120

C:\Users\jty\Desktop\navigation-master\CYT4BB7_Library-master\CYT4BB7_Library-master\Example\Motherboard_Demo\E4_imu\luntui_3\iar\Debug_m7_0\Obj\zf_components_14936052685886095442.dir: [47]
    ---------------------------------------------------------------
    Total:

C:\Users\jty\Desktop\navigation-master\CYT4BB7_Library-master\CYT4BB7_Library-master\Example\Motherboard_Demo\E4_imu\luntui_3\iar\Debug_m7_0\Obj\zf_device_6570275422786408770.dir: [48]
    zf_device_ble6a20.o               36                25
    zf_device_dl1b.o                 260        1       20
    zf_device_imu660rc.o           1'352      188       49
    zf_device_mt9v03x.o            1'048       40   22'562   22'564
    zf_device_tft180.o             3'908      157       10
    zf_device_tsl1401.o              124               514
    zf_device_type.o                   2        1        4
    ---------------------------------------------------------------
    Total:                         6'730      387   23'184   22'564

C:\Users\jty\Desktop\navigation-master\CYT4BB7_Library-master\CYT4BB7_Library-master\Example\Motherboard_Demo\E4_imu\luntui_3\iar\Debug_m7_0\Obj\zf_driver_11922370083829174090.dir: [49]
    zf_driver_adc.o                  116        2       84
    zf_driver_delay.o                644        1        3
    zf_driver_exti.o                 220       14       96
    zf_driver_flash.o                 20                 1
    zf_driver_gpio.o                 380
    zf_driver_pit.o                  920        9       60
    zf_driver_pwm.o                3'608      156
    zf_driver_soft_iic.o           1'720      160
    zf_driver_spi.o                3'240      158       20
    zf_driver_uart.o               2'796      164      576
    ---------------------------------------------------------------
    Total:                        13'664      664      840

dl7M_tln.a: [50]
    abort.o                            6
    abs.o                              8
    exit.o                             4
    heap0.o                          316                 8
    heaptramp0.o                       4
    sprintf.o                         64
    vla_alloc.o                       22
    xfail_s.o                         64                 4
    xgetmemchunk.o                    44                 4
    xprintffull_nomb.o             3'758
    xsprout.o                         10
    ---------------------------------------------------------------
    Total:                         4'300                16

m7M_tlv.a: [51]
    DblCmpGe.o                        52
    DblCmpLe.o                        52
    DblDiv.o                          18
    DblMul.o                          18
    DblSub.o                          18
    DblToS32.o                        14
    DblToU32.o                        14
    S32ToDbl.o                        14
    U32ToDbl.o                        14
    asinf.o                           92
    atan.o                            96
    atan2f.o                         106
    cos_sin64.o                      756
    fpinit_M.o                        34
    frexp.o                          112
    ldexp.o                          260
    sqrt.o                            30
    sqrtf.o                           30
    xatan.o                          280
    xatanf.o                         164
    ---------------------------------------------------------------
    Total:                         2'174

rt7M_tl.a: [52]
    ABImemclr4.o                       6
    ABImemcpy.o                      166
    ABImemset.o                      102
    ABImemset48.o                     50
    I64DivMod.o                      560
    I64DivZer.o                        2
    cexit.o                           10
    cmain.o                           30
    cstartup_M.o                      28
    data_init.o                       40
    lz77_init_single.o               126
    memchr.o                          88
    strchr.o                          22
    strlen.o                          54
    strncpy.o                        112
    zero_init3.o                      56
    ---------------------------------------------------------------
    Total:                         1'452

shb_l.a: [53]
    exit.o                            20
    ---------------------------------------------------------------
    Total:                            20

zf_device_config.a: [54]
    zf_device_config_mt9v03x.o     2'136                36
    ---------------------------------------------------------------
    Total:                         2'136                36

    Gaps                              40        4       24
    Linker created                             32    9'216
-------------------------------------------------------------------
    Grand Total:                  52'062    4'962   72'212   22'564


*******************************************************************************
*** ENTRY LIST
***

Entry                       Address    Size  Type      Object
-----                       -------    ----  ----      ------
.iar.init_table$$Base   0x1008'daf0           --   Gb  - Linker created -
.iar.init_table$$Limit  0x1008'db10           --   Gb  - Linker created -
?main                   0x1008'db51          Code  Gb  cmain.o [52]
AX                      0x2803'acf4     0x4  Data  Gb  scan.o [5]
AY                      0x2803'acf8     0x4  Data  Gb  scan.o [5]
A_finish_flag           0x2803'ad04     0x4  Data  Gb  scan.o [5]
A_kur                   0x2803'ad2c     0x4  Data  Gb  scan.o [5]
Aldata                  0x2803'ac98     0x8  Data  Lc  heap0.o [50]
Alin                    0x2803'ab20    0x20  Data  Gb  scan.o [5]
BX                      0x2803'acfc     0x4  Data  Gb  scan.o [5]
BY                      0x2803'ad00     0x4  Data  Gb  scan.o [5]
B_H                     0x2802'bf64     0x4  Data  Gb  leg_control.o [5]
B_X                     0x2802'bf68     0x4  Data  Gb  leg_control.o [5]
B_finish_flag           0x2803'ad08     0x4  Data  Gb  scan.o [5]
B_kur                   0x2803'ad30     0x4  Data  Gb  scan.o [5]
Blin                    0x2803'ab40    0x20  Data  Gb  scan.o [5]
BusFault_Handler        0x1008'dd49          Code  Wk  startup_cm7.o [31]
CSTACK$$Base            0x2807'e000           --   Gb  - Linker created -
CSTACK$$Limit           0x2808'0000           --   Gb  - Linker created -
CX                      0x2803'ace4     0x4  Data  Gb  scan.o [5]
CY                      0x2803'ace8     0x4  Data  Gb  scan.o [5]
C_finish_flag           0x2803'ad0c     0x4  Data  Gb  scan.o [5]
ChangeNum_flag          0x2803'acb4     0x4  Data  Gb  menu.o [5]
Clin                    0x2803'ab60    0x20  Data  Gb  scan.o [5]
CopyVectorTable         0x1008'ca49    0x34  Code  Lc  startup.o [31]
CpuUserInt0_Handler     0x1008'cdcb    0x26  Code  Gb  cy_interrupt_map.o [23]
CpuUserInt10_Handler    0x1008'dd65          Code  Wk  startup_cm7.o [31]
CpuUserInt11_Handler    0x1008'dd69          Code  Wk  startup_cm7.o [31]
CpuUserInt12_Handler    0x1008'dd6d          Code  Wk  startup_cm7.o [31]
CpuUserInt13_Handler    0x1008'dd71          Code  Wk  startup_cm7.o [31]
CpuUserInt14_Handler    0x1008'dd75          Code  Wk  startup_cm7.o [31]
CpuUserInt15_Handler    0x1008'dd79          Code  Wk  startup_cm7.o [31]
CpuUserInt1_Handler     0x1008'cdf1    0x26  Code  Gb  cy_interrupt_map.o [23]
CpuUserInt2_Handler     0x1008'ce17    0x26  Code  Gb  cy_interrupt_map.o [23]
CpuUserInt3_Handler     0x1008'ce3d    0x26  Code  Gb  cy_interrupt_map.o [23]
CpuUserInt4_Handler     0x1008'ce63    0x26  Code  Gb  cy_interrupt_map.o [23]
CpuUserInt5_Handler     0x1008'ce89    0x26  Code  Gb  cy_interrupt_map.o [23]
CpuUserInt6_Handler     0x1008'ceaf    0x26  Code  Gb  cy_interrupt_map.o [23]
CpuUserInt7_Handler     0x1008'ced5    0x26  Code  Gb  cy_interrupt_map.o [23]
CpuUserInt8_Handler     0x1008'dd5d          Code  Wk  startup_cm7.o [31]
CpuUserInt9_Handler     0x1008'dd61          Code  Wk  startup_cm7.o [31]
Cy_DefaultUserHandler   0x1008'cdc9     0x2  Code  Gb  cy_interrupt_map.o [23]
Cy_FlashHandler         0x1008'cfb7    0x34  Code  Lc  cy_mw_flash.o [13]
Cy_FlashInit            0x1008'cfeb    0x3c  Code  Gb  cy_mw_flash.o [13]
Cy_Flashc_InvalidateFlashCacheBuffer
                        0x1008'cf8b    0x14  Code  Lc  cy_mw_flash.o [13]
Cy_Flashc_MainWriteEnable
                        0x1008'cf9f     0xc  Code  Lc  cy_mw_flash.o [13]
Cy_Flashc_WorkWriteEnable
                        0x1008'cfab     0xc  Code  Lc  cy_mw_flash.o [13]
Cy_GPIO_ClearInterrupt  0x1008'3afb     0xe  Code  Lc  cy_gpio.o [14]
Cy_GPIO_ClearInterrupt  0x1008'a511     0xe  Code  Lc  zf_driver_exti.o [49]
Cy_GPIO_Clr             0x1008'363d     0xa  Code  Lc  zf_driver_gpio.o [49]
Cy_GPIO_GetInterruptStatusMasked
                        0x1008'a51f     0xa  Code  Lc  zf_driver_exti.o [49]
[...]
pit0_ch0_isr            0x1008'aec1    0x92  Code  Gb  cm7_0_isr.o [45]
pit0_ch10_isr           0x1008'b181     0xa  Code  Gb  cm7_0_isr.o [45]
pit0_ch11_isr           0x1008'b18b     0xa  Code  Gb  cm7_0_isr.o [45]
pit0_ch12_isr           0x1008'b195     0xa  Code  Gb  cm7_0_isr.o [45]
pit0_ch13_isr           0x1008'b19f     0xa  Code  Gb  cm7_0_isr.o [45]
pit0_ch14_isr           0x1008'b1a9     0xa  Code  Gb  cm7_0_isr.o [45]
pit0_ch15_isr           0x1008'b1b3     0xa  Code  Gb  cm7_0_isr.o [45]
pit0_ch16_isr           0x1008'b1bd     0xa  Code  Gb  cm7_0_isr.o [45]
pit0_ch17_isr           0x1008'b1c7     0xa  Code  Gb  cm7_0_isr.o [45]
pit0_ch18_isr           0x1008'b1d1     0xa  Code  Gb  cm7_0_isr.o [45]
pit0_ch19_isr           0x1008'b1db     0xa  Code  Gb  cm7_0_isr.o [45]
pit0_ch1_isr            0x1008'af55   0x19a  Code  Gb  cm7_0_isr.o [45]
pit0_ch20_isr           0x1008'b1e5     0xa  Code  Gb  cm7_0_isr.o [45]
pit0_ch21_isr           0x1008'b1ef     0xe  Code  Gb  cm7_0_isr.o [45]
pit0_ch2_isr            0x1008'b105    0x6c  Code  Gb  cm7_0_isr.o [45]
pit_init                0x1008'b4ed   0x1ee  Code  Gb  zf_driver_pit.o [49]
pit_isr_flag_clear      0x1008'b4c3    0x2a  Code  Gb  zf_driver_pit.o [49]
pit_isr_func            0x2802'c040    0x3c  Data  Gb  zf_driver_pit.o [49]
pitch_PID_param_init    0x1008'be45    0x30  Code  Gb  motor_control.o [5]
pwm_all_channel_close   0x1008'6d15    0x1a  Code  Gb  zf_driver_pwm.o [49]
pwm_init                0x1008'6d89   0x1e4  Code  Gb  zf_driver_pwm.o [49]
pwm_set_duty            0x1008'6d2f    0x5a  Code  Gb  zf_driver_pwm.o [49]
qianzhan                0x2802'bfc4     0x4  Data  Gb  scan.o [5]
qianzhan_jin            0x2803'ad5c     0x4  Data  Gb  scan.o [5]
qianzhan_yuan           0x2803'ad60     0x4  Data  Gb  scan.o [5]
quarternion_normalize   0x1008'9fc1    0xb4  Code  Lc  zf_device_imu660rc.o [48]
quarternion_to_euler    0x1008'a075   0x142  Code  Lc  zf_device_imu660rc.o [48]
r_empty                 0x2803'ad1c     0x4  Data  Gb  scan.o [5]
roll_PID_param_init     0x1008'be13    0x32  Code  Gb  motor_control.o [5]
sar_adc                 0x2802'bfd4     0xc  Data  Lc  zf_driver_adc.o [49]
scalbln                 0x1008'7239          Code  Gb  ldexp.o [51]
scalblnl                0x1008'7239          Code  Gb  ldexp.o [51]
scalbn                  0x1008'7239          Code  Gb  ldexp.o [51]
scalbnl                 0x1008'7239          Code  Gb  ldexp.o [51]
scale                   0x1008'5fed    0x46  Code  Lc  xprintffull_nomb.o [50]
scan                    0x1008'0f49   0x2e2  Code  Gb  scan.o [5]
scb_module              0x2802'c0a8    0x1c  Data  Gb  zf_driver_uart.o [49]
sec_hand                0x2803'adb0     0x4  Data  Lc  xfail_s.o [50]
sin                     0x1008'bba5     0x4  Code  Gb  cos_sin64.o [51]
sinl                    0x1008'bba5     0x4  Code  Gb  cos_sin64.o [51]
small_driver_get_speed  0x1008'bc9d    0x2a  Code  Gb  small_driver_uart_control.o [5]
small_driver_init       0x1008'bcc7    0x2e  Code  Gb  small_driver_uart_control.o [5]
small_driver_set_duty   0x1008'bc5b    0x42  Code  Gb  small_driver_uart_control.o [5]
small_driver_uart_init  0x1008'bcf9    0x2a  Code  Gb  small_driver_uart_control.o [5]
soft_iic_init           0x1008'9099    0x78  Code  Gb  zf_driver_soft_iic.o [49]
soft_iic_read_data      0x1008'8e07   0x10e  Code  Lc  zf_driver_soft_iic.o [49]
soft_iic_sccb_read_register
                        0x1008'902d    0x6c  Code  Gb  zf_driver_soft_iic.o [49]
soft_iic_sccb_write_register
                        0x1008'8fdd    0x4c  Code  Gb  zf_driver_soft_iic.o [49]
soft_iic_send_ack       0x1008'8b99    0xc6  Code  Lc  zf_driver_soft_iic.o [49]
soft_iic_send_data      0x1008'8d2f    0xd8  Code  Lc  zf_driver_soft_iic.o [49]
soft_iic_start          0x1008'8a5d    0x9e  Code  Lc  zf_driver_soft_iic.o [49]
soft_iic_stop           0x1008'8afb    0x9e  Code  Lc  zf_driver_soft_iic.o [49]
soft_iic_transfer_8bit_array
                        0x1008'8f15    0xbc  Code  Gb  zf_driver_soft_iic.o [49]
soft_iic_wait_ack       0x1008'8c5f    0xd0  Code  Lc  zf_driver_soft_iic.o [49]
spi_get_clk_hsiom       0x1008'2515    0x28  Code  Lc  zf_driver_spi.o [49]
spi_get_clk_pin         0x1008'2459    0x28  Code  Lc  zf_driver_spi.o [49]
spi_get_cs_hsiom        0x1008'258d    0x44  Code  Lc  zf_driver_spi.o [49]
spi_get_cs_pin          0x1008'24d1    0x44  Code  Lc  zf_driver_spi.o [49]
spi_get_miso_hsiom      0x1008'2565    0x28  Code  Lc  zf_driver_spi.o [49]
spi_get_miso_pin        0x1008'24a9    0x28  Code  Lc  zf_driver_spi.o [49]
spi_get_mosi_hsiom      0x1008'253d    0x28  Code  Lc  zf_driver_spi.o [49]
spi_get_mosi_pin        0x1008'2481    0x28  Code  Lc  zf_driver_spi.o [49]
spi_init                0x1008'2bf9   0x2b2  Code  Gb  zf_driver_spi.o [49]
spi_module              0x2802'c07c    0x10  Data  Gb  zf_driver_spi.o [49]
spi_read_8bit_register  0x1008'29fd    0xea  Code  Gb  zf_driver_spi.o [49]
spi_read_8bit_registers
                        0x1008'2ae7    0xfe  Code  Gb  zf_driver_spi.o [49]
spi_write_16bit         0x1008'27b7    0xaa  Code  Gb  zf_driver_spi.o [49]
spi_write_16bit_array   0x1008'2861    0xb6  Code  Gb  zf_driver_spi.o [49]
spi_write_8bit          0x1008'270d    0xaa  Code  Gb  zf_driver_spi.o [49]
spi_write_8bit_register
                        0x1008'2917    0xde  Code  Gb  zf_driver_spi.o [49]
sprintf                 0x1008'48d1    0x40  Code  Gb  sprintf.o [50]
sqrt                    0x1008'9759          Code  Gb  sqrt.o [51]
sqrtf                   0x1008'a429          Code  Gb  sqrtf.o [51]
sqrtl                   0x1008'9759          Code  Gb  sqrt.o [51]
stab_roll               0x2803'acc8     0x4  Data  Gb  motor_control.o [5]
strchr                  0x1008'709d          Code  Gb  strchr.o [52]
strlen                  0x1008'4899          Code  Gb  strlen.o [52]
strncpy                 0x1008'80c1          Code  Gb  strncpy.o [52]
switch_transition_length
                        0x1008'25d1   0x13c  Code  Lc  zf_driver_spi.o [49]
system_clock            0x2803'ad80     0x4  Data  Gb  zf_common_clock.o [46]
system_delay_init       0x1008'3967    0xa6  Code  Gb  zf_driver_delay.o [49]
system_delay_ms         0x1008'3909    0x5e  Code  Gb  zf_driver_delay.o [49]
task                    0x2803'acc4     0x4  Data  Gb  menu.o [5]
tft180_bgcolor          0x2802'c0cc     0x2  Data  Lc  zf_device_tft180.o [48]
tft180_clear            0x1008'14bd    0x7c  Code  Gb  zf_device_tft180.o [48]
tft180_debug_init       0x1008'1453    0x68  Code  Lc  zf_device_tft180.o [48]
tft180_display_dir      0x2803'add5     0x1  Data  Lc  zf_device_tft180.o [48]
tft180_display_font     0x2802'c0d1     0x1  Data  Lc  zf_device_tft180.o [48]
tft180_draw_line        0x1008'15fd   0x23e  Code  Gb  zf_device_tft180.o [48]
tft180_draw_point       0x1008'1581    0x7c  Code  Gb  zf_device_tft180.o [48]
tft180_height_max       0x2802'c0c8     0x2  Data  Gb  zf_device_tft180.o [48]
tft180_init             0x1008'1e91   0x35a  Code  Gb  zf_device_tft180.o [48]
tft180_pencolor         0x2802'c0ca     0x2  Data  Lc  zf_device_tft180.o [48]
tft180_set_color        0x1008'1573     0xe  Code  Gb  zf_device_tft180.o [48]
tft180_set_dir          0x1008'1539    0x3a  Code  Gb  zf_device_tft180.o [48]
tft180_set_region       0x1008'12f3   0x160  Code  Lc  zf_device_tft180.o [48]
tft180_show_char        0x1008'1841   0x1f4  Code  Gb  zf_device_tft180.o [48]
tft180_show_float       0x1008'1bbd   0x13e  Code  Gb  zf_device_tft180.o [48]
tft180_show_gray_image  0x1008'1d15   0x15a  Code  Gb  zf_device_tft180.o [48]
tft180_show_int         0x1008'1adf    0xde  Code  Gb  zf_device_tft180.o [48]
tft180_show_string      0x1008'1a35    0xaa  Code  Gb  zf_device_tft180.o [48]
tft180_width_max        0x2802'c0c6     0x2  Data  Gb  zf_device_tft180.o [48]
tft180_write_index      0x1008'12d5    0x1e  Code  Lc  zf_device_tft180.o [48]
thresholds              0x2803'adcb     0x1  Data  Gb  image.o [5]
time_ms                 0x2803'ad4c     0x4  Data  Gb  scan.o [5]
timer_ch                0x2802'c0d2     0x1  Data  Lc  zf_driver_delay.o [49]
track                   0x1008'0921    0xb4  Code  Gb  scan.o [5]
tsl1401_collect_pit_handler
                        0x1008'c051    0x68  Code  Gb  zf_device_tsl1401.o [48]
tsl1401_data            0x2803'9d24   0x200  Data  Gb  zf_device_tsl1401.o [48]
tsl1401_finish_flag     0x2803'add7     0x1  Data  Gb  zf_device_tsl1401.o [48]
tsl1401_init_state      0x2803'add6     0x1  Data  Lc  zf_device_tsl1401.o [48]
type_default_callback   0x1008'dd7d     0x2  Code  Lc  zf_device_type.o [48]
uart0_isr               0x1008'b1fd    0x12  Code  Gb  cm7_0_isr.o [45]
uart1_isr               0x1008'b20f    0x16  Code  Gb  cm7_0_isr.o [45]
uart2_isr               0x1008'b225    0x12  Code  Gb  cm7_0_isr.o [45]
uart3_isr               0x1008'b237     0xa  Code  Gb  cm7_0_isr.o [45]
uart4_isr               0x1008'b241    0x14  Code  Gb  cm7_0_isr.o [45]
uart5_isr               0x1008'b2d9     0xa  Code  Gb  cm7_0_isr.o [45]
uart6_isr               0x1008'b2e3     0xa  Code  Gb  cm7_0_isr.o [45]
uart_context            0x2803'9f24   0x188  Data  Gb  zf_driver_uart.o [49]
uart_control_callback   0x1008'bba9    0xb2  Code  Gb  small_driver_uart_control.o [5]
uart_data_buffer        0x2803'a834    0x70  Data  Lc  zf_driver_uart.o [49]
uart_data_buffer_count  0x2803'ac88     0x8  Data  Lc  zf_driver_uart.o [49]
uart_data_refresh       0x2803'ac90     0x8  Data  Lc  zf_driver_uart.o [49]
uart_init               0x1008'4699   0x1c0  Code  Gb  zf_driver_uart.o [49]
uart_isr_func           0x2802'c08c    0x1c  Data  Gb  zf_driver_uart.o [49]
uart_isr_mask           0x1008'3ff1    0xfa  Code  Gb  zf_driver_uart.o [49]
uart_query_byte         0x1008'4357    0x74  Code  Gb  zf_driver_uart.o [49]
uart_receiver_handler   0x2802'bfd0     0x4  Data  Gb  zf_device_type.o [48]
uart_rx_interrupt       0x1008'44e7   0x1a8  Code  Gb  zf_driver_uart.o [49]
uart_tx_interrupt       0x1008'43cb   0x11c  Code  Gb  zf_driver_uart.o [49]
uart_write_buffer       0x1008'431d    0x1e  Code  Gb  zf_driver_uart.o [49]
uart_write_byte         0x1008'42f5    0x28  Code  Gb  zf_driver_uart.o [49]
uart_write_string       0x1008'433b    0x1c  Code  Gb  zf_driver_uart.o [49]
zchBailie               0x2803'ad14     0x4  Data  Gb  scan.o [5]
zf_debug_assert_enable  0x2802'c0d0     0x1  Data  Lc  zf_common_debug.o [46]
zf_debug_init_flag      0x2803'adcc     0x1  Data  Lc  zf_common_debug.o [46]
zhaodian                0x1008'0a3d   0x4e0  Code  Gb  scan.o [5]
zhongxian               0x2803'ad58     0x4  Data  Gb  scan.o [5]
zip                     0x1008'abb5    0x3a  Code  Gb  image.o [5]


[1] = C:\Users\jty\Desktop\navigation-master\CYT4BB7_Library-master\CYT4BB7_Library-master\Example\Motherboard_Demo\E4_imu\luntui_3\iar\Debug_m7_0\Obj\adc_11722776235721520015.dir
[2] = C:\Users\jty\Desktop\navigation-master\CYT4BB7_Library-master\CYT4BB7_Library-master\Example\Motherboard_Demo\E4_imu\luntui_3\iar\Debug_m7_0\Obj\audioss_1346650047966882938.dir
[3] = C:\Users\jty\Desktop\navigation-master\CYT4BB7_Library-master\CYT4BB7_Library-master\Example\Motherboard_Demo\E4_imu\luntui_3\iar\Debug_m7_0\Obj\button_4990804375159372270.dir
[4] = C:\Users\jty\Desktop\navigation-master\CYT4BB7_Library-master\CYT4BB7_Library-master\Example\Motherboard_Demo\E4_imu\luntui_3\iar\Debug_m7_0\Obj\canfd_1800690984773873875.dir
[5] = C:\Users\jty\Desktop\navigation-master\CYT4BB7_Library-master\CYT4BB7_Library-master\Example\Motherboard_Demo\E4_imu\luntui_3\iar\Debug_m7_0\Obj\code_17896468042025673432.dir
[6] = C:\Users\jty\Desktop\navigation-master\CYT4BB7_Library-master\CYT4BB7_Library-master\Example\Motherboard_Demo\E4_imu\luntui_3\iar\Debug_m7_0\Obj\cpu_15938736945165268644.dir
[7] = C:\Users\jty\Desktop\navigation-master\CYT4BB7_Library-master\CYT4BB7_Library-master\Example\Motherboard_Demo\E4_imu\luntui_3\iar\Debug_m7_0\Obj\crypto_1190170608956581615.dir
[8] = C:\Users\jty\Desktop\navigation-master\CYT4BB7_Library-master\CYT4BB7_Library-master\Example\Motherboard_Demo\E4_imu\luntui_3\iar\Debug_m7_0\Obj\dma_12106025507578611576.dir
[9] = C:\Users\jty\Desktop\navigation-master\CYT4BB7_Library-master\CYT4BB7_Library-master\Example\Motherboard_Demo\E4_imu\luntui_3\iar\Debug_m7_0\Obj\eth_phy_18133017486186456677.dir
[10] = C:\Users\jty\Desktop\navigation-master\CYT4BB7_Library-master\CYT4BB7_Library-master\Example\Motherboard_Demo\E4_imu\luntui_3\iar\Debug_m7_0\Obj\ethernet_6029839089178797009.dir
[11] = C:\Users\jty\Desktop\navigation-master\CYT4BB7_Library-master\CYT4BB7_Library-master\Example\Motherboard_Demo\E4_imu\luntui_3\iar\Debug_m7_0\Obj\evtgen_3404189088603873129.dir
[12] = C:\Users\jty\Desktop\navigation-master\CYT4BB7_Library-master\CYT4BB7_Library-master\Example\Motherboard_Demo\E4_imu\luntui_3\iar\Debug_m7_0\Obj\flash_8529866181315662935.dir
[13] = C:\Users\jty\Desktop\navigation-master\CYT4BB7_Library-master\CYT4BB7_Library-master\Example\Motherboard_Demo\E4_imu\luntui_3\iar\Debug_m7_0\Obj\flash_864493325053435817.dir
[14] = C:\Users\jty\Desktop\navigation-master\CYT4BB7_Library-master\CYT4BB7_Library-master\Example\Motherboard_Demo\E4_imu\luntui_3\iar\Debug_m7_0\Obj\gpio_3999404635324069351.dir
[15] = C:\Users\jty\Desktop\navigation-master\CYT4BB7_Library-master\CYT4BB7_Library-master\Example\Motherboard_Demo\E4_imu\luntui_3\iar\Debug_m7_0\Obj\ipc_10145506163450686023.dir
[16] = C:\Users\jty\Desktop\navigation-master\CYT4BB7_Library-master\CYT4BB7_Library-master\Example\Motherboard_Demo\E4_imu\luntui_3\iar\Debug_m7_0\Obj\lin_18429031207028094880.dir
[17] = C:\Users\jty\Desktop\navigation-master\CYT4BB7_Library-master\CYT4BB7_Library-master\Example\Motherboard_Demo\E4_imu\luntui_3\iar\Debug_m7_0\Obj\lvd_6353935867039560245.dir
[18] = C:\Users\jty\Desktop\navigation-master\CYT4BB7_Library-master\CYT4BB7_Library-master\Example\Motherboard_Demo\E4_imu\luntui_3\iar\Debug_m7_0\Obj\mcwdt_4052485907822033969.dir
[19] = C:\Users\jty\Desktop\navigation-master\CYT4BB7_Library-master\CYT4BB7_Library-master\Example\Motherboard_Demo\E4_imu\luntui_3\iar\Debug_m7_0\Obj\mpu_5663187252346826382.dir
[20] = C:\Users\jty\Desktop\navigation-master\CYT4BB7_Library-master\CYT4BB7_Library-master\Example\Motherboard_Demo\E4_imu\luntui_3\iar\Debug_m7_0\Obj\power_14453085144426420577.dir
[21] = C:\Users\jty\Desktop\navigation-master\CYT4BB7_Library-master\CYT4BB7_Library-master\Example\Motherboard_Demo\E4_imu\luntui_3\iar\Debug_m7_0\Obj\prot_10722960861768657883.dir
[22] = C:\Users\jty\Desktop\navigation-master\CYT4BB7_Library-master\CYT4BB7_Library-master\Example\Motherboard_Demo\E4_imu\luntui_3\iar\Debug_m7_0\Obj\rev_b_4986922561640112550.dir
[23] = C:\Users\jty\Desktop\navigation-master\CYT4BB7_Library-master\CYT4BB7_Library-master\Example\Motherboard_Demo\E4_imu\luntui_3\iar\Debug_m7_0\Obj\rev_b_6162237342861132223.dir
[24] = C:\Users\jty\Desktop\navigation-master\CYT4BB7_Library-master\CYT4BB7_Library-master\Example\Motherboard_Demo\E4_imu\luntui_3\iar\Debug_m7_0\Obj\scb_15490842639181808494.dir
[25] = C:\Users\jty\Desktop\navigation-master\CYT4BB7_Library-master\CYT4BB7_Library-master\Example\Motherboard_Demo\E4_imu\luntui_3\iar\Debug_m7_0\Obj\sd_host_2982766354293506895.dir
[26] = C:\Users\jty\Desktop\navigation-master\CYT4BB7_Library-master\CYT4BB7_Library-master\Example\Motherboard_Demo\E4_imu\luntui_3\iar\Debug_m7_0\Obj\semihosting_143864889731838620.dir
[27] = C:\Users\jty\Desktop\navigation-master\CYT4BB7_Library-master\CYT4BB7_Library-master\Example\Motherboard_Demo\E4_imu\luntui_3\iar\Debug_m7_0\Obj\smartio_5451710003740070188.dir
[28] = C:\Users\jty\Desktop\navigation-master\CYT4BB7_Library-master\CYT4BB7_Library-master\Example\Motherboard_Demo\E4_imu\luntui_3\iar\Debug_m7_0\Obj\smif_427648126384146252.dir
[29] = C:\Users\jty\Desktop\navigation-master\CYT4BB7_Library-master\CYT4BB7_Library-master\Example\Motherboard_Demo\E4_imu\luntui_3\iar\Debug_m7_0\Obj\smif_mem_6470536964353725183.dir
[30] = C:\Users\jty\Desktop\navigation-master\CYT4BB7_Library-master\CYT4BB7_Library-master\Example\Motherboard_Demo\E4_imu\luntui_3\iar\Debug_m7_0\Obj\srom_13018798572330080582.dir
[31] = C:\Users\jty\Desktop\navigation-master\CYT4BB7_Library-master\CYT4BB7_Library-master\Example\Motherboard_Demo\E4_imu\luntui_3\iar\Debug_m7_0\Obj\startup_479057977785470282.dir
[32] = C:\Users\jty\Desktop\navigation-master\CYT4BB7_Library-master\CYT4BB7_Library-master\Example\Motherboard_Demo\E4_imu\luntui_3\iar\Debug_m7_0\Obj\sw_timer_4215635015939382130.dir
[33] = C:\Users\jty\Desktop\navigation-master\CYT4BB7_Library-master\CYT4BB7_Library-master\Example\Motherboard_Demo\E4_imu\luntui_3\iar\Debug_m7_0\Obj\sysclk_16149231235676103872.dir
[34] = C:\Users\jty\Desktop\navigation-master\CYT4BB7_Library-master\CYT4BB7_Library-master\Example\Motherboard_Demo\E4_imu\luntui_3\iar\Debug_m7_0\Obj\sysflt_12293435975120599261.dir
[35] = C:\Users\jty\Desktop\navigation-master\CYT4BB7_Library-master\CYT4BB7_Library-master\Example\Motherboard_Demo\E4_imu\luntui_3\iar\Debug_m7_0\Obj\sysint_7435970359207984181.dir
[36] = C:\Users\jty\Desktop\navigation-master\CYT4BB7_Library-master\CYT4BB7_Library-master\Example\Motherboard_Demo\E4_imu\luntui_3\iar\Debug_m7_0\Obj\syslib_16330585751512546975.dir
[37] = C:\Users\jty\Desktop\navigation-master\CYT4BB7_Library-master\CYT4BB7_Library-master\Example\Motherboard_Demo\E4_imu\luntui_3\iar\Debug_m7_0\Obj\syspm_10887939769544754770.dir
[38] = C:\Users\jty\Desktop\navigation-master\CYT4BB7_Library-master\CYT4BB7_Library-master\Example\Motherboard_Demo\E4_imu\luntui_3\iar\Debug_m7_0\Obj\sysreghc_17676636058511625587.dir
[39] = C:\Users\jty\Desktop\navigation-master\CYT4BB7_Library-master\CYT4BB7_Library-master\Example\Motherboard_Demo\E4_imu\luntui_3\iar\Debug_m7_0\Obj\sysreset_14586141425677365288.dir
[40] = C:\Users\jty\Desktop\navigation-master\CYT4BB7_Library-master\CYT4BB7_Library-master\Example\Motherboard_Demo\E4_imu\luntui_3\iar\Debug_m7_0\Obj\sysrtc_10747768817563771611.dir
[41] = C:\Users\jty\Desktop\navigation-master\CYT4BB7_Library-master\CYT4BB7_Library-master\Example\Motherboard_Demo\E4_imu\luntui_3\iar\Debug_m7_0\Obj\systick_16016591671695740695.dir
[42] = C:\Users\jty\Desktop\navigation-master\CYT4BB7_Library-master\CYT4BB7_Library-master\Example\Motherboard_Demo\E4_imu\luntui_3\iar\Debug_m7_0\Obj\syswdt_9118657615806274156.dir
[43] = C:\Users\jty\Desktop\navigation-master\CYT4BB7_Library-master\CYT4BB7_Library-master\Example\Motherboard_Demo\E4_imu\luntui_3\iar\Debug_m7_0\Obj\tcpwm_422923530147891246.dir
[44] = C:\Users\jty\Desktop\navigation-master\CYT4BB7_Library-master\CYT4BB7_Library-master\Example\Motherboard_Demo\E4_imu\luntui_3\iar\Debug_m7_0\Obj\trigmux_9729677290734583340.dir
[45] = C:\Users\jty\Desktop\navigation-master\CYT4BB7_Library-master\CYT4BB7_Library-master\Example\Motherboard_Demo\E4_imu\luntui_3\iar\Debug_m7_0\Obj\user_8514941877209965082.dir
[46] = C:\Users\jty\Desktop\navigation-master\CYT4BB7_Library-master\CYT4BB7_Library-master\Example\Motherboard_Demo\E4_imu\luntui_3\iar\Debug_m7_0\Obj\zf_common_1201165462030747823.dir
[47] = C:\Users\jty\Desktop\navigation-master\CYT4BB7_Library-master\CYT4BB7_Library-master\Example\Motherboard_Demo\E4_imu\luntui_3\iar\Debug_m7_0\Obj\zf_components_14936052685886095442.dir
[48] = C:\Users\jty\Desktop\navigation-master\CYT4BB7_Library-master\CYT4BB7_Library-master\Example\Motherboard_Demo\E4_imu\luntui_3\iar\Debug_m7_0\Obj\zf_device_6570275422786408770.dir
[49] = C:\Users\jty\Desktop\navigation-master\CYT4BB7_Library-master\CYT4BB7_Library-master\Example\Motherboard_Demo\E4_imu\luntui_3\iar\Debug_m7_0\Obj\zf_driver_11922370083829174090.dir
[50] = dl7M_tln.a
[51] = m7M_tlv.a
[52] = rt7M_tl.a
[53] = shb_l.a
[54] = zf_device_config.a

  52'062 bytes of readonly  code memory
   4'962 bytes of readonly  data memory
  72'212 bytes of readwrite data memory (+ 22'564 absolute)

Errors: none
Warnings: none
