###############################################################################
#
# IAR ELF Linker V9.40.1.364/W64 for ARM                  04/Jun/2026  14:03:49
# Copyright 2007-2023 IAR Systems AB.
#
#    Output file  =
#        C:\Users\jty\Desktop\navigation-master\CYT4BB7_Library-master\CYT4BB7_Library-master\Example\Motherboard_Demo\E4_imu\luntui_3\iar\project_config\Debug_m7_0\Exe\cyt4bb7_cm_7_0.out
#    Map file     =
#        C:\Users\jty\Desktop\navigation-master\CYT4BB7_Library-master\CYT4BB7_Library-master\Example\Motherboard_Demo\E4_imu\luntui_3\iar\Debug_m7_0\List\cyt4bb7_cm_7_0.map
#    Command line =
#        -f
#        C:\Users\jty\Desktop\navigation-master\CYT4BB7_Library-master\CYT4BB7_Library-master\Example\Motherboard_Demo\E4_imu\luntui_3\iar\project_config\Debug_m7_0\Exe\cyt4bb7_cm_7_0.out.rsp
#        (C:\Users\jty\Desktop\navigation-master\CYT4BB7_Library-master\CYT4BB7_Library-master\Example\Motherboard_Demo\E4_imu\luntui_3\iar\Debug_m7_0\Obj\user_8514941877209965082.dir\cm7_0_isr.o
#        C:\Users\jty\Desktop\navigation-master\CYT4BB7_Library-master\CYT4BB7_Library-master\Example\Motherboard_Demo\E4_imu\luntui_3\iar\Debug_m7_0\Obj\adc_11722776235721520015.dir\cy_adc.o
#        C:\Users\jty\Desktop\navigation-master\CYT4BB7_Library-master\CYT4BB7_Library-master\Example\Motherboard_Demo\E4_imu\luntui_3\iar\Debug_m7_0\Obj\button_4990804375159372270.dir\cy_button.o
#        C:\Users\jty\Desktop\navigation-master\CYT4BB7_Library-master\CYT4BB7_Library-master\Example\Motherboard_Demo\E4_imu\luntui_3\iar\Debug_m7_0\Obj\canfd_1800690984773873875.dir\cy_canfd.o
#        C:\Users\jty\Desktop\navigation-master\CYT4BB7_Library-master\CYT4BB7_Library-master\Example\Motherboard_Demo\E4_imu\luntui_3\iar\Debug_m7_0\Obj\cpu_15938736945165268644.dir\cy_cpu.o
#        C:\Users\jty\Desktop\navigation-master\CYT4BB7_Library-master\CYT4BB7_Library-master\Example\Motherboard_Demo\E4_imu\luntui_3\iar\Debug_m7_0\Obj\crypto_1190170608956581615.dir\cy_crypto_config.o
#        C:\Users\jty\Desktop\navigation-master\CYT4BB7_Library-master\CYT4BB7_Library-master\Example\Motherboard_Demo\E4_imu\luntui_3\iar\Debug_m7_0\Obj\eth_phy_18133017486186456677.dir\cy_dp83867.o
#        C:\Users\jty\Desktop\navigation-master\CYT4BB7_Library-master\CYT4BB7_Library-master\Example\Motherboard_Demo\E4_imu\luntui_3\iar\Debug_m7_0\Obj\ethernet_6029839089178797009.dir\cy_ethif.o
#        C:\Users\jty\Desktop\navigation-master\CYT4BB7_Library-master\CYT4BB7_Library-master\Example\Motherboard_Demo\E4_imu\luntui_3\iar\Debug_m7_0\Obj\evtgen_3404189088603873129.dir\cy_evtgen.o
#        C:\Users\jty\Desktop\navigation-master\CYT4BB7_Library-master\CYT4BB7_Library-master\Example\Motherboard_Demo\E4_imu\luntui_3\iar\Debug_m7_0\Obj\flash_8529866181315662935.dir\cy_flash.o
#        C:\Users\jty\Desktop\navigation-master\CYT4BB7_Library-master\CYT4BB7_Library-master\Example\Motherboard_Demo\E4_imu\luntui_3\iar\Debug_m7_0\Obj\gpio_3999404635324069351.dir\cy_gpio.o
#        C:\Users\jty\Desktop\navigation-master\CYT4BB7_Library-master\CYT4BB7_Library-master\Example\Motherboard_Demo\E4_imu\luntui_3\iar\Debug_m7_0\Obj\audioss_1346650047966882938.dir\cy_i2s.o
#        C:\Users\jty\Desktop\navigation-master\CYT4BB7_Library-master\CYT4BB7_Library-master\Example\Motherboard_Demo\E4_imu\luntui_3\iar\Debug_m7_0\Obj\rev_b_6162237342861132223.dir\cy_interrupt_map.o
#        C:\Users\jty\Desktop\navigation-master\CYT4BB7_Library-master\CYT4BB7_Library-master\Example\Motherboard_Demo\E4_imu\luntui_3\iar\Debug_m7_0\Obj\ipc_10145506163450686023.dir\cy_ipc_drv.o
#        C:\Users\jty\Desktop\navigation-master\CYT4BB7_Library-master\CYT4BB7_Library-master\Example\Motherboard_Demo\E4_imu\luntui_3\iar\Debug_m7_0\Obj\ipc_10145506163450686023.dir\cy_ipc_pipe.o
#        C:\Users\jty\Desktop\navigation-master\CYT4BB7_Library-master\CYT4BB7_Library-master\Example\Motherboard_Demo\E4_imu\luntui_3\iar\Debug_m7_0\Obj\ipc_10145506163450686023.dir\cy_ipc_sema.o
#        C:\Users\jty\Desktop\navigation-master\CYT4BB7_Library-master\CYT4BB7_Library-master\Example\Motherboard_Demo\E4_imu\luntui_3\iar\Debug_m7_0\Obj\lin_18429031207028094880.dir\cy_lin.o
#        C:\Users\jty\Desktop\navigation-master\CYT4BB7_Library-master\CYT4BB7_Library-master\Example\Motherboard_Demo\E4_imu\luntui_3\iar\Debug_m7_0\Obj\lvd_6353935867039560245.dir\cy_lvd.o
#        C:\Users\jty\Desktop\navigation-master\CYT4BB7_Library-master\CYT4BB7_Library-master\Example\Motherboard_Demo\E4_imu\luntui_3\iar\Debug_m7_0\Obj\mcwdt_4052485907822033969.dir\cy_mcwdt.o
#        C:\Users\jty\Desktop\navigation-master\CYT4BB7_Library-master\CYT4BB7_Library-master\Example\Motherboard_Demo\E4_imu\luntui_3\iar\Debug_m7_0\Obj\dma_12106025507578611576.dir\cy_mdma.o
#        C:\Users\jty\Desktop\navigation-master\CYT4BB7_Library-master\CYT4BB7_Library-master\Example\Motherboard_Demo\E4_imu\luntui_3\iar\Debug_m7_0\Obj\mpu_5663187252346826382.dir\cy_mpu.o
#        C:\Users\jty\Desktop\navigation-master\CYT4BB7_Library-master\CYT4BB7_Library-master\Example\Motherboard_Demo\E4_imu\luntui_3\iar\Debug_m7_0\Obj\flash_864493325053435817.dir\cy_mw_flash.o
#        C:\Users\jty\Desktop\navigation-master\CYT4BB7_Library-master\CYT4BB7_Library-master\Example\Motherboard_Demo\E4_imu\luntui_3\iar\Debug_m7_0\Obj\dma_12106025507578611576.dir\cy_pdma.o
#        C:\Users\jty\Desktop\navigation-master\CYT4BB7_Library-master\CYT4BB7_Library-master\Example\Motherboard_Demo\E4_imu\luntui_3\iar\Debug_m7_0\Obj\power_14453085144426420577.dir\cy_power.o
#        C:\Users\jty\Desktop\navigation-master\CYT4BB7_Library-master\CYT4BB7_Library-master\Example\Motherboard_Demo\E4_imu\luntui_3\iar\Debug_m7_0\Obj\prot_10722960861768657883.dir\cy_prot.o
#        C:\Users\jty\Desktop\navigation-master\CYT4BB7_Library-master\CYT4BB7_Library-master\Example\Motherboard_Demo\E4_imu\luntui_3\iar\Debug_m7_0\Obj\scb_15490842639181808494.dir\cy_scb_common.o
#        C:\Users\jty\Desktop\navigation-master\CYT4BB7_Library-master\CYT4BB7_Library-master\Example\Motherboard_Demo\E4_imu\luntui_3\iar\Debug_m7_0\Obj\scb_15490842639181808494.dir\cy_scb_ezi2c.o
#        C:\Users\jty\Desktop\navigation-master\CYT4BB7_Library-master\CYT4BB7_Library-master\Example\Motherboard_Demo\E4_imu\luntui_3\iar\Debug_m7_0\Obj\scb_15490842639181808494.dir\cy_scb_i2c.o
#        C:\Users\jty\Desktop\navigation-master\CYT4BB7_Library-master\CYT4BB7_Library-master\Example\Motherboard_Demo\E4_imu\luntui_3\iar\Debug_m7_0\Obj\scb_15490842639181808494.dir\cy_scb_spi.o
#        C:\Users\jty\Desktop\navigation-master\CYT4BB7_Library-master\CYT4BB7_Library-master\Example\Motherboard_Demo\E4_imu\luntui_3\iar\Debug_m7_0\Obj\scb_15490842639181808494.dir\cy_scb_uart.o
#        C:\Users\jty\Desktop\navigation-master\CYT4BB7_Library-master\CYT4BB7_Library-master\Example\Motherboard_Demo\E4_imu\luntui_3\iar\Debug_m7_0\Obj\sd_host_2982766354293506895.dir\cy_sd_host.o
#        C:\Users\jty\Desktop\navigation-master\CYT4BB7_Library-master\CYT4BB7_Library-master\Example\Motherboard_Demo\E4_imu\luntui_3\iar\Debug_m7_0\Obj\semihosting_143864889731838620.dir\cy_semihosting.o
#        C:\Users\jty\Desktop\navigation-master\CYT4BB7_Library-master\CYT4BB7_Library-master\Example\Motherboard_Demo\E4_imu\luntui_3\iar\Debug_m7_0\Obj\smartio_5451710003740070188.dir\cy_smartio.o
#        C:\Users\jty\Desktop\navigation-master\CYT4BB7_Library-master\CYT4BB7_Library-master\Example\Motherboard_Demo\E4_imu\luntui_3\iar\Debug_m7_0\Obj\smif_427648126384146252.dir\cy_smif.o
#        C:\Users\jty\Desktop\navigation-master\CYT4BB7_Library-master\CYT4BB7_Library-master\Example\Motherboard_Demo\E4_imu\luntui_3\iar\Debug_m7_0\Obj\smif_mem_6470536964353725183.dir\cy_smif_device_common.o
#        C:\Users\jty\Desktop\navigation-master\CYT4BB7_Library-master\CYT4BB7_Library-master\Example\Motherboard_Demo\E4_imu\luntui_3\iar\Debug_m7_0\Obj\smif_mem_6470536964353725183.dir\cy_smif_hb_flash.o
#        C:\Users\jty\Desktop\navigation-master\CYT4BB7_Library-master\CYT4BB7_Library-master\Example\Motherboard_Demo\E4_imu\luntui_3\iar\Debug_m7_0\Obj\smif_427648126384146252.dir\cy_smif_memslot.o
#        C:\Users\jty\Desktop\navigation-master\CYT4BB7_Library-master\CYT4BB7_Library-master\Example\Motherboard_Demo\E4_imu\luntui_3\iar\Debug_m7_0\Obj\smif_mem_6470536964353725183.dir\cy_smif_s25fl.o
#        C:\Users\jty\Desktop\navigation-master\CYT4BB7_Library-master\CYT4BB7_Library-master\Example\Motherboard_Demo\E4_imu\luntui_3\iar\Debug_m7_0\Obj\smif_mem_6470536964353725183.dir\cy_smif_s25fs.o
#        C:\Users\jty\Desktop\navigation-master\CYT4BB7_Library-master\CYT4BB7_Library-master\Example\Motherboard_Demo\E4_imu\luntui_3\iar\Debug_m7_0\Obj\smif_mem_6470536964353725183.dir\cy_smif_semp.o
#        C:\Users\jty\Desktop\navigation-master\CYT4BB7_Library-master\CYT4BB7_Library-master\Example\Motherboard_Demo\E4_imu\luntui_3\iar\Debug_m7_0\Obj\smif_427648126384146252.dir\cy_smif_ver_specific.o
#        C:\Users\jty\Desktop\navigation-master\CYT4BB7_Library-master\CYT4BB7_Library-master\Example\Motherboard_Demo\E4_imu\luntui_3\iar\Debug_m7_0\Obj\srom_13018798572330080582.dir\cy_srom.o
#        C:\Users\jty\Desktop\navigation-master\CYT4BB7_Library-master\CYT4BB7_Library-master\Example\Motherboard_Demo\E4_imu\luntui_3\iar\Debug_m7_0\Obj\sw_timer_4215635015939382130.dir\cy_sw_tmr.o
#        C:\Users\jty\Desktop\navigation-master\CYT4BB7_Library-master\CYT4BB7_Library-master\Example\Motherboard_Demo\E4_imu\luntui_3\iar\Debug_m7_0\Obj\sysclk_16149231235676103872.dir\cy_sysclk.o
#        C:\Users\jty\Desktop\navigation-master\CYT4BB7_Library-master\CYT4BB7_Library-master\Example\Motherboard_Demo\E4_imu\luntui_3\iar\Debug_m7_0\Obj\sysflt_12293435975120599261.dir\cy_sysflt.o
#        C:\Users\jty\Desktop\navigation-master\CYT4BB7_Library-master\CYT4BB7_Library-master\Example\Motherboard_Demo\E4_imu\luntui_3\iar\Debug_m7_0\Obj\sysint_7435970359207984181.dir\cy_sysint.o
#        C:\Users\jty\Desktop\navigation-master\CYT4BB7_Library-master\CYT4BB7_Library-master\Example\Motherboard_Demo\E4_imu\luntui_3\iar\Debug_m7_0\Obj\syslib_16330585751512546975.dir\cy_syslib.o
#        C:\Users\jty\Desktop\navigation-master\CYT4BB7_Library-master\CYT4BB7_Library-master\Example\Motherboard_Demo\E4_imu\luntui_3\iar\Debug_m7_0\Obj\syslib_16330585751512546975.dir\cy_syslib_iar.o
#        C:\Users\jty\Desktop\navigation-master\CYT4BB7_Library-master\CYT4BB7_Library-master\Example\Motherboard_Demo\E4_imu\luntui_3\iar\Debug_m7_0\Obj\syspm_10887939769544754770.dir\cy_syspm.o
#        C:\Users\jty\Desktop\navigation-master\CYT4BB7_Library-master\CYT4BB7_Library-master\Example\Motherboard_Demo\E4_imu\luntui_3\iar\Debug_m7_0\Obj\sysreghc_17676636058511625587.dir\cy_sysreghc.o
#        C:\Users\jty\Desktop\navigation-master\CYT4BB7_Library-master\CYT4BB7_Library-master\Example\Motherboard_Demo\E4_imu\luntui_3\iar\Debug_m7_0\Obj\sysreset_14586141425677365288.dir\cy_sysreset.o
#        C:\Users\jty\Desktop\navigation-master\CYT4BB7_Library-master\CYT4BB7_Library-master\Example\Motherboard_Demo\E4_imu\luntui_3\iar\Debug_m7_0\Obj\sysrtc_10747768817563771611.dir\cy_sysrtc.o
#        C:\Users\jty\Desktop\navigation-master\CYT4BB7_Library-master\CYT4BB7_Library-master\Example\Motherboard_Demo\E4_imu\luntui_3\iar\Debug_m7_0\Obj\systick_16016591671695740695.dir\cy_systick.o
#        C:\Users\jty\Desktop\navigation-master\CYT4BB7_Library-master\CYT4BB7_Library-master\Example\Motherboard_Demo\E4_imu\luntui_3\iar\Debug_m7_0\Obj\syswdt_9118657615806274156.dir\cy_syswdt.o
#        C:\Users\jty\Desktop\navigation-master\CYT4BB7_Library-master\CYT4BB7_Library-master\Example\Motherboard_Demo\E4_imu\luntui_3\iar\Debug_m7_0\Obj\tcpwm_422923530147891246.dir\cy_tcpwm.o
#        C:\Users\jty\Desktop\navigation-master\CYT4BB7_Library-master\CYT4BB7_Library-master\Example\Motherboard_Demo\E4_imu\luntui_3\iar\Debug_m7_0\Obj\tcpwm_422923530147891246.dir\cy_tcpwm_counter.o
#        C:\Users\jty\Desktop\navigation-master\CYT4BB7_Library-master\CYT4BB7_Library-master\Example\Motherboard_Demo\E4_imu\luntui_3\iar\Debug_m7_0\Obj\tcpwm_422923530147891246.dir\cy_tcpwm_pwm.o
#        C:\Users\jty\Desktop\navigation-master\CYT4BB7_Library-master\CYT4BB7_Library-master\Example\Motherboard_Demo\E4_imu\luntui_3\iar\Debug_m7_0\Obj\tcpwm_422923530147891246.dir\cy_tcpwm_quaddec.o
#        C:\Users\jty\Desktop\navigation-master\CYT4BB7_Library-master\CYT4BB7_Library-master\Example\Motherboard_Demo\E4_imu\luntui_3\iar\Debug_m7_0\Obj\tcpwm_422923530147891246.dir\cy_tcpwm_sr.o
#        C:\Users\jty\Desktop\navigation-master\CYT4BB7_Library-master\CYT4BB7_Library-master\Example\Motherboard_Demo\E4_imu\luntui_3\iar\Debug_m7_0\Obj\trigmux_9729677290734583340.dir\cy_trigmux.o
#        C:\Users\jty\Desktop\navigation-master\CYT4BB7_Library-master\CYT4BB7_Library-master\Example\Motherboard_Demo\E4_imu\luntui_3\iar\Debug_m7_0\Obj\ethernet_6029839089178797009.dir\edd.o
#        C:\Users\jty\Desktop\navigation-master\CYT4BB7_Library-master\CYT4BB7_Library-master\Example\Motherboard_Demo\E4_imu\luntui_3\iar\Debug_m7_0\Obj\ethernet_6029839089178797009.dir\edd_rx.o
#        C:\Users\jty\Desktop\navigation-master\CYT4BB7_Library-master\CYT4BB7_Library-master\Example\Motherboard_Demo\E4_imu\luntui_3\iar\Debug_m7_0\Obj\ethernet_6029839089178797009.dir\edd_tx.o
#        C:\Users\jty\Desktop\navigation-master\CYT4BB7_Library-master\CYT4BB7_Library-master\Example\Motherboard_Demo\E4_imu\luntui_3\iar\Debug_m7_0\Obj\code_17896468042025673432.dir\image.o
#        C:\Users\jty\Desktop\navigation-master\CYT4BB7_Library-master\CYT4BB7_Library-master\Example\Motherboard_Demo\E4_imu\luntui_3\iar\Debug_m7_0\Obj\code_17896468042025673432.dir\key.o
#        C:\Users\jty\Desktop\navigation-master\CYT4BB7_Library-master\CYT4BB7_Library-master\Example\Motherboard_Demo\E4_imu\luntui_3\iar\Debug_m7_0\Obj\code_17896468042025673432.dir\leg_control.o
#        C:\Users\jty\Desktop\navigation-master\CYT4BB7_Library-master\CYT4BB7_Library-master\Example\Motherboard_Demo\E4_imu\luntui_3\iar\Debug_m7_0\Obj\user_8514941877209965082.dir\main_cm7_0.o
#        C:\Users\jty\Desktop\navigation-master\CYT4BB7_Library-master\CYT4BB7_Library-master\Example\Motherboard_Demo\E4_imu\luntui_3\iar\Debug_m7_0\Obj\code_17896468042025673432.dir\menu.o
#        C:\Users\jty\Desktop\navigation-master\CYT4BB7_Library-master\CYT4BB7_Library-master\Example\Motherboard_Demo\E4_imu\luntui_3\iar\Debug_m7_0\Obj\code_17896468042025673432.dir\motor_control.o
#        C:\Users\jty\Desktop\navigation-master\CYT4BB7_Library-master\CYT4BB7_Library-master\Example\Motherboard_Demo\E4_imu\luntui_3\iar\Debug_m7_0\Obj\code_17896468042025673432.dir\pid.o
#        C:\Users\jty\Desktop\navigation-master\CYT4BB7_Library-master\CYT4BB7_Library-master\Example\Motherboard_Demo\E4_imu\luntui_3\iar\Debug_m7_0\Obj\code_17896468042025673432.dir\scan.o
#        C:\Users\jty\Desktop\navigation-master\CYT4BB7_Library-master\CYT4BB7_Library-master\Example\Motherboard_Demo\E4_imu\luntui_3\iar\Debug_m7_0\Obj\zf_components_14936052685886095442.dir\seekfree_assistant.o
#        C:\Users\jty\Desktop\navigation-master\CYT4BB7_Library-master\CYT4BB7_Library-master\Example\Motherboard_Demo\E4_imu\luntui_3\iar\Debug_m7_0\Obj\zf_components_14936052685886095442.dir\seekfree_assistant_interface.o
#        C:\Users\jty\Desktop\navigation-master\CYT4BB7_Library-master\CYT4BB7_Library-master\Example\Motherboard_Demo\E4_imu\luntui_3\iar\Debug_m7_0\Obj\code_17896468042025673432.dir\small_driver_uart_control.o
#        C:\Users\jty\Desktop\navigation-master\CYT4BB7_Library-master\CYT4BB7_Library-master\Example\Motherboard_Demo\E4_imu\luntui_3\iar\Debug_m7_0\Obj\startup_479057977785470282.dir\startup.o
#        C:\Users\jty\Desktop\navigation-master\CYT4BB7_Library-master\CYT4BB7_Library-master\Example\Motherboard_Demo\E4_imu\luntui_3\iar\Debug_m7_0\Obj\startup_479057977785470282.dir\startup_cm7.o
#        C:\Users\jty\Desktop\navigation-master\CYT4BB7_Library-master\CYT4BB7_Library-master\Example\Motherboard_Demo\E4_imu\luntui_3\iar\Debug_m7_0\Obj\rev_b_4986922561640112550.dir\system_tviibh4m_cm7.o
#        C:\Users\jty\Desktop\navigation-master\CYT4BB7_Library-master\CYT4BB7_Library-master\Example\Motherboard_Demo\E4_imu\luntui_3\iar\Debug_m7_0\Obj\zf_common_1201165462030747823.dir\zf_common_clock.o
#        C:\Users\jty\Desktop\navigation-master\CYT4BB7_Library-master\CYT4BB7_Library-master\Example\Motherboard_Demo\E4_imu\luntui_3\iar\Debug_m7_0\Obj\zf_common_1201165462030747823.dir\zf_common_debug.o
#        C:\Users\jty\Desktop\navigation-master\CYT4BB7_Library-master\CYT4BB7_Library-master\Example\Motherboard_Demo\E4_imu\luntui_3\iar\Debug_m7_0\Obj\zf_common_1201165462030747823.dir\zf_common_fifo.o
#        C:\Users\jty\Desktop\navigation-master\CYT4BB7_Library-master\CYT4BB7_Library-master\Example\Motherboard_Demo\E4_imu\luntui_3\iar\Debug_m7_0\Obj\zf_common_1201165462030747823.dir\zf_common_font.o
#        C:\Users\jty\Desktop\navigation-master\CYT4BB7_Library-master\CYT4BB7_Library-master\Example\Motherboard_Demo\E4_imu\luntui_3\iar\Debug_m7_0\Obj\zf_common_1201165462030747823.dir\zf_common_function.o
#        C:\Users\jty\Desktop\navigation-master\CYT4BB7_Library-master\CYT4BB7_Library-master\Example\Motherboard_Demo\E4_imu\luntui_3\iar\Debug_m7_0\Obj\zf_common_1201165462030747823.dir\zf_common_interrupt.o
#        C:\Users\jty\Desktop\navigation-master\CYT4BB7_Library-master\CYT4BB7_Library-master\Example\Motherboard_Demo\E4_imu\luntui_3\iar\Debug_m7_0\Obj\zf_device_6570275422786408770.dir\zf_device_ble6a20.o
#        C:\Users\jty\Desktop\navigation-master\CYT4BB7_Library-master\CYT4BB7_Library-master\Example\Motherboard_Demo\E4_imu\luntui_3\iar\Debug_m7_0\Obj\zf_device_6570275422786408770.dir\zf_device_dl1a.o
#        C:\Users\jty\Desktop\navigation-master\CYT4BB7_Library-master\CYT4BB7_Library-master\Example\Motherboard_Demo\E4_imu\luntui_3\iar\Debug_m7_0\Obj\zf_device_6570275422786408770.dir\zf_device_dl1b.o
#        C:\Users\jty\Desktop\navigation-master\CYT4BB7_Library-master\CYT4BB7_Library-master\Example\Motherboard_Demo\E4_imu\luntui_3\iar\Debug_m7_0\Obj\zf_device_6570275422786408770.dir\zf_device_gnss.o
#        C:\Users\jty\Desktop\navigation-master\CYT4BB7_Library-master\CYT4BB7_Library-master\Example\Motherboard_Demo\E4_imu\luntui_3\iar\Debug_m7_0\Obj\zf_device_6570275422786408770.dir\zf_device_icm20602.o
#        C:\Users\jty\Desktop\navigation-master\CYT4BB7_Library-master\CYT4BB7_Library-master\Example\Motherboard_Demo\E4_imu\luntui_3\iar\Debug_m7_0\Obj\zf_device_6570275422786408770.dir\zf_device_imu660ra.o
#        C:\Users\jty\Desktop\navigation-master\CYT4BB7_Library-master\CYT4BB7_Library-master\Example\Motherboard_Demo\E4_imu\luntui_3\iar\Debug_m7_0\Obj\zf_device_6570275422786408770.dir\zf_device_imu660rb.o
#        C:\Users\jty\Desktop\navigation-master\CYT4BB7_Library-master\CYT4BB7_Library-master\Example\Motherboard_Demo\E4_imu\luntui_3\iar\Debug_m7_0\Obj\zf_device_6570275422786408770.dir\zf_device_imu660rc.o
#        C:\Users\jty\Desktop\navigation-master\CYT4BB7_Library-master\CYT4BB7_Library-master\Example\Motherboard_Demo\E4_imu\luntui_3\iar\Debug_m7_0\Obj\zf_device_6570275422786408770.dir\zf_device_imu963ra.o
#        C:\Users\jty\Desktop\navigation-master\CYT4BB7_Library-master\CYT4BB7_Library-master\Example\Motherboard_Demo\E4_imu\luntui_3\iar\Debug_m7_0\Obj\zf_device_6570275422786408770.dir\zf_device_ips114.o
#        C:\Users\jty\Desktop\navigation-master\CYT4BB7_Library-master\CYT4BB7_Library-master\Example\Motherboard_Demo\E4_imu\luntui_3\iar\Debug_m7_0\Obj\zf_device_6570275422786408770.dir\zf_device_ips200.o
#        C:\Users\jty\Desktop\navigation-master\CYT4BB7_Library-master\CYT4BB7_Library-master\Example\Motherboard_Demo\E4_imu\luntui_3\iar\Debug_m7_0\Obj\zf_device_6570275422786408770.dir\zf_device_ips200pro.o
#        C:\Users\jty\Desktop\navigation-master\CYT4BB7_Library-master\CYT4BB7_Library-master\Example\Motherboard_Demo\E4_imu\luntui_3\iar\Debug_m7_0\Obj\zf_device_6570275422786408770.dir\zf_device_key.o
#        C:\Users\jty\Desktop\navigation-master\CYT4BB7_Library-master\CYT4BB7_Library-master\Example\Motherboard_Demo\E4_imu\luntui_3\iar\Debug_m7_0\Obj\zf_device_6570275422786408770.dir\zf_device_lora3a22.o
#        C:\Users\jty\Desktop\navigation-master\CYT4BB7_Library-master\CYT4BB7_Library-master\Example\Motherboard_Demo\E4_imu\luntui_3\iar\Debug_m7_0\Obj\zf_device_6570275422786408770.dir\zf_device_menc15a.o
#        C:\Users\jty\Desktop\navigation-master\CYT4BB7_Library-master\CYT4BB7_Library-master\Example\Motherboard_Demo\E4_imu\luntui_3\iar\Debug_m7_0\Obj\zf_device_6570275422786408770.dir\zf_device_mt9v03x.o
#        C:\Users\jty\Desktop\navigation-master\CYT4BB7_Library-master\CYT4BB7_Library-master\Example\Motherboard_Demo\E4_imu\luntui_3\iar\Debug_m7_0\Obj\zf_device_6570275422786408770.dir\zf_device_oled.o
#        C:\Users\jty\Desktop\navigation-master\CYT4BB7_Library-master\CYT4BB7_Library-master\Example\Motherboard_Demo\E4_imu\luntui_3\iar\Debug_m7_0\Obj\zf_device_6570275422786408770.dir\zf_device_pmw3901.o
#        C:\Users\jty\Desktop\navigation-master\CYT4BB7_Library-master\CYT4BB7_Library-master\Example\Motherboard_Demo\E4_imu\luntui_3\iar\Debug_m7_0\Obj\zf_device_6570275422786408770.dir\zf_device_tft180.o
#        C:\Users\jty\Desktop\navigation-master\CYT4BB7_Library-master\CYT4BB7_Library-master\Example\Motherboard_Demo\E4_imu\luntui_3\iar\Debug_m7_0\Obj\zf_device_6570275422786408770.dir\zf_device_tsl1401.o
#        C:\Users\jty\Desktop\navigation-master\CYT4BB7_Library-master\CYT4BB7_Library-master\Example\Motherboard_Demo\E4_imu\luntui_3\iar\Debug_m7_0\Obj\zf_device_6570275422786408770.dir\zf_device_type.o
#        C:\Users\jty\Desktop\navigation-master\CYT4BB7_Library-master\CYT4BB7_Library-master\Example\Motherboard_Demo\E4_imu\luntui_3\iar\Debug_m7_0\Obj\zf_device_6570275422786408770.dir\zf_device_uart_receiver.o
#        C:\Users\jty\Desktop\navigation-master\CYT4BB7_Library-master\CYT4BB7_Library-master\Example\Motherboard_Demo\E4_imu\luntui_3\iar\Debug_m7_0\Obj\zf_device_6570275422786408770.dir\zf_device_wifi_spi.o
#        C:\Users\jty\Desktop\navigation-master\CYT4BB7_Library-master\CYT4BB7_Library-master\Example\Motherboard_Demo\E4_imu\luntui_3\iar\Debug_m7_0\Obj\zf_device_6570275422786408770.dir\zf_device_wifi_uart.o
#        C:\Users\jty\Desktop\navigation-master\CYT4BB7_Library-master\CYT4BB7_Library-master\Example\Motherboard_Demo\E4_imu\luntui_3\iar\Debug_m7_0\Obj\zf_device_6570275422786408770.dir\zf_device_wireless_uart.o
#        C:\Users\jty\Desktop\navigation-master\CYT4BB7_Library-master\CYT4BB7_Library-master\Example\Motherboard_Demo\E4_imu\luntui_3\iar\Debug_m7_0\Obj\zf_driver_11922370083829174090.dir\zf_driver_adc.o
#        C:\Users\jty\Desktop\navigation-master\CYT4BB7_Library-master\CYT4BB7_Library-master\Example\Motherboard_Demo\E4_imu\luntui_3\iar\Debug_m7_0\Obj\zf_driver_11922370083829174090.dir\zf_driver_delay.o
#        C:\Users\jty\Desktop\navigation-master\CYT4BB7_Library-master\CYT4BB7_Library-master\Example\Motherboard_Demo\E4_imu\luntui_3\iar\Debug_m7_0\Obj\zf_driver_11922370083829174090.dir\zf_driver_dma.o
#        C:\Users\jty\Desktop\navigation-master\CYT4BB7_Library-master\CYT4BB7_Library-master\Example\Motherboard_Demo\E4_imu\luntui_3\iar\Debug_m7_0\Obj\zf_driver_11922370083829174090.dir\zf_driver_encoder.o
#        C:\Users\jty\Desktop\navigation-master\CYT4BB7_Library-master\CYT4BB7_Library-master\Example\Motherboard_Demo\E4_imu\luntui_3\iar\Debug_m7_0\Obj\zf_driver_11922370083829174090.dir\zf_driver_exti.o
#        C:\Users\jty\Desktop\navigation-master\CYT4BB7_Library-master\CYT4BB7_Library-master\Example\Motherboard_Demo\E4_imu\luntui_3\iar\Debug_m7_0\Obj\zf_driver_11922370083829174090.dir\zf_driver_flash.o
#        C:\Users\jty\Desktop\navigation-master\CYT4BB7_Library-master\CYT4BB7_Library-master\Example\Motherboard_Demo\E4_imu\luntui_3\iar\Debug_m7_0\Obj\zf_driver_11922370083829174090.dir\zf_driver_gpio.o
#        C:\Users\jty\Desktop\navigation-master\CYT4BB7_Library-master\CYT4BB7_Library-master\Example\Motherboard_Demo\E4_imu\luntui_3\iar\Debug_m7_0\Obj\zf_driver_11922370083829174090.dir\zf_driver_ipc.o
#        C:\Users\jty\Desktop\navigation-master\CYT4BB7_Library-master\CYT4BB7_Library-master\Example\Motherboard_Demo\E4_imu\luntui_3\iar\Debug_m7_0\Obj\zf_driver_11922370083829174090.dir\zf_driver_pit.o
#        C:\Users\jty\Desktop\navigation-master\CYT4BB7_Library-master\CYT4BB7_Library-master\Example\Motherboard_Demo\E4_imu\luntui_3\iar\Debug_m7_0\Obj\zf_driver_11922370083829174090.dir\zf_driver_pwm.o
#        C:\Users\jty\Desktop\navigation-master\CYT4BB7_Library-master\CYT4BB7_Library-master\Example\Motherboard_Demo\E4_imu\luntui_3\iar\Debug_m7_0\Obj\zf_driver_11922370083829174090.dir\zf_driver_soft_iic.o
#        C:\Users\jty\Desktop\navigation-master\CYT4BB7_Library-master\CYT4BB7_Library-master\Example\Motherboard_Demo\E4_imu\luntui_3\iar\Debug_m7_0\Obj\zf_driver_11922370083829174090.dir\zf_driver_soft_spi.o
#        C:\Users\jty\Desktop\navigation-master\CYT4BB7_Library-master\CYT4BB7_Library-master\Example\Motherboard_Demo\E4_imu\luntui_3\iar\Debug_m7_0\Obj\zf_driver_11922370083829174090.dir\zf_driver_spi.o
#        C:\Users\jty\Desktop\navigation-master\CYT4BB7_Library-master\CYT4BB7_Library-master\Example\Motherboard_Demo\E4_imu\luntui_3\iar\Debug_m7_0\Obj\zf_driver_11922370083829174090.dir\zf_driver_timer.o
#        C:\Users\jty\Desktop\navigation-master\CYT4BB7_Library-master\CYT4BB7_Library-master\Example\Motherboard_Demo\E4_imu\luntui_3\iar\Debug_m7_0\Obj\zf_driver_11922370083829174090.dir\zf_driver_uart.o
#        --no_out_extension -o
#        C:\Users\jty\Desktop\navigation-master\CYT4BB7_Library-master\CYT4BB7_Library-master\Example\Motherboard_Demo\E4_imu\luntui_3\iar\project_config\Debug_m7_0\Exe\cyt4bb7_cm_7_0.out
#        --config_def _CORE_cm7_0_=0 --config_def _LINK_flash_=0 --map
#        C:\Users\jty\Desktop\navigation-master\CYT4BB7_Library-master\CYT4BB7_Library-master\Example\Motherboard_Demo\E4_imu\luntui_3\iar\Debug_m7_0\List\cyt4bb7_cm_7_0.map
#        --config
#        C:\Users\jty\Desktop\navigation-master\CYT4BB7_Library-master\CYT4BB7_Library-master\Example\Motherboard_Demo\E4_imu\luntui_3\iar\project_config\..\icf\linker_directives_tviibh.icf
#        --semihosting
#        C:\Users\jty\Desktop\navigation-master\CYT4BB7_Library-master\CYT4BB7_Library-master\Example\Motherboard_Demo\E4_imu\luntui_3\iar\project_config\..\..\..\libraries\sdk\tviibh4m\src\drivers\crypto\libs\libcrypto_server_cm0plus_iar.a
#        C:\Users\jty\Desktop\navigation-master\CYT4BB7_Library-master\CYT4BB7_Library-master\Example\Motherboard_Demo\E4_imu\luntui_3\iar\project_config\..\..\..\libraries\zf_device\zf_device_config.a
#        C:\Users\jty\Desktop\navigation-master\CYT4BB7_Library-master\CYT4BB7_Library-master\Example\Motherboard_Demo\E4_imu\luntui_3\iar\project_config\..\..\..\libraries\sdk\common\hdr\cmsis\dsp\iar_cortexM7lf_math.a
#        --entry __iar_program_start --vfe --text_out locale --cpu=Cortex-M7
#        --fpu=VFPv5_d16) --dependencies=n
#        C:\Users\jty\Desktop\navigation-master\CYT4BB7_Library-master\CYT4BB7_Library-master\Example\Motherboard_Demo\E4_imu\luntui_3\iar\project_config\Debug_m7_0\Exe\cyt4bb7_cm_7_0.out.iar_deps
#
###############################################################################

*******************************************************************************
*** RUNTIME MODEL ATTRIBUTES
***

CppFlavor       = *
__CPP_Runtime   = 1
__Heap_Handler  = Basic
__SystemLibrary = DLib
__dlib_version  = 6


*******************************************************************************
*** HEAP SELECTION
***

The basic heap was selected because --advanced_heap
was not specified and the application did not appear to
be primarily optimized for speed.


*******************************************************************************
*** PLACEMENT SUMMARY
***

"A0":  place at start of [from 0x1008'0000 to 0x1027'ffff] { section .intvec };
"P1":  place in [from 0x1008'0000 to 0x1027'ffff] { ro };
"P2":  place in [from 0x2802'0000 to 0x2807'ffff] { rw };
define block HEAP with size = 1K, alignment = 8 { };
define block CSTACK with size = 8K, alignment = 8 { };
define block HEAP_STACK { block HEAP, last block CSTACK };
"A1":  place at end of [from 0x2802'0000 to 0x2807'ffff] { block HEAP_STACK };
do not initialize { section .intvec_ram };
initialize by copy { rw };

No sections matched the following patterns:

  ro section .sflash_app_prot  in "P6"
  ro section .sflash_nar       in "P4"
  ro section .sflash_pkey      in "P5"
  ro section .sflash_toc2      in "P7"
  ro section .sflash_uf_rows   in "P3"
  ro section .work_flash       in "P8"
  section .global_ram_data     in "P9"


  Section            Kind         Address    Size  Object
  -------            ----         -------    ----  ------
"A0":                                        0x80
  .intvec            ro code  0x1008'0000    0x80  startup_cm7.o [31]
                            - 0x1008'0080    0x80

"P1":                                      0xd897
  .text              ro code  0x1008'0080  0x1058  scan.o [5]
  .text              ro code  0x1008'10d8     0x8  abs.o [50]
  .text              ro code  0x1008'10e0   0xf44  zf_device_tft180.o [48]
  .text              ro code  0x1008'2024   0xca8  zf_driver_spi.o [49]
  .text              ro code  0x1008'2ccc   0x444  zf_common_debug.o [46]
  .text              ro code  0x1008'3110    0x16  vla_alloc.o [50]
  .text              ro code  0x1008'3126    0x7e  lz77_init_single.o [52]
  .text              ro code  0x1008'31a4    0x66  ABImemset.o [52]
  .text              ro code  0x1008'320a     0xa  xsprout.o [50]
  .text              ro code  0x1008'3214   0x220  zf_common_function.o [46]
  .text              ro code  0x1008'3434   0x17c  zf_driver_gpio.o [49]
  .text              ro code  0x1008'35b0   0x284  zf_driver_delay.o [49]
  .text              ro code  0x1008'3834   0x194  cy_gpio.o [14]
  .text              ro code  0x1008'39c8   0x1f0  cy_scb_spi.o [24]
  .text              ro code  0x1008'3bb8   0xaec  zf_driver_uart.o [49]
  .text              ro code  0x1008'46a4    0x36  strlen.o [52]
  .text              ro code  0x1008'46dc    0x40  sprintf.o [50]
  .text              ro code  0x1008'471c   0x1f8  zf_common_fifo.o [46]
  .text              ro code  0x1008'4914    0xe2  zf_common_interrupt.o [46]
  .text              ro code  0x1008'49f8   0x13c  heap0.o [50]
  .text              ro code  0x1008'4b34     0x6  abort.o [50]
  .text              ro code  0x1008'4b3a     0x4  heaptramp0.o [50]
  .text              ro code  0x1008'4b40   0x1ae  cy_tcpwm_counter.o [43]
  .text              ro code  0x1008'4cee     0xc  cy_tcpwm.o [43]
  .text              ro code  0x1008'4cfc     0x6  ABImemclr4.o [52]
  .text              ro code  0x1008'4d04   0x314  cy_scb_uart.o [24]
  .text              ro code  0x1008'5018   0xeae  xprintffull_nomb.o [50]
  .text              ro code  0x1008'5ec8    0xa6  ABImemcpy.o [52]
  .text              ro code  0x1008'5f70   0xe18  zf_driver_pwm.o [49]
  .text              ro code  0x1008'6d88    0xac  cy_sysint.o [35]
  .text              ro code  0x1008'6e34    0x2c  xgetmemchunk.o [50]
  .text              ro code  0x1008'6e60    0x14  exit.o [53]
  .text              ro code  0x1008'6e74    0x32  ABImemset48.o [52]
  .text              ro code  0x1008'6ea8    0x16  strchr.o [52]
  .text              ro code  0x1008'6ec0    0x40  xfail_s.o [50]
  .text              ro code  0x1008'6f00    0x58  memchr.o [52]
  .text              ro code  0x1008'6f58    0x70  frexp.o [51]
  .text              ro code  0x1008'6fc8    0x34  DblCmpLe.o [51]
  .text              ro code  0x1008'6ffc    0x34  DblCmpGe.o [51]
  .text              ro code  0x1008'7030   0x104  ldexp.o [51]
  .text              ro code  0x1008'7134     0xe  DblToS32.o [51]
  .text              ro code  0x1008'7142     0xe  S32ToDbl.o [51]
  .text              ro code  0x1008'7150    0x12  DblSub.o [51]
  .text              ro code  0x1008'7162    0x12  DblDiv.o [51]
  .text              ro code  0x1008'7174     0xe  DblToU32.o [51]
  .text              ro code  0x1008'7182     0xe  U32ToDbl.o [51]
  .text              ro code  0x1008'7190    0x12  DblMul.o [51]
  .text              ro code  0x1008'71a4   0x230  I64DivMod.o [52]
  .text              ro code  0x1008'73d4   0x20a  cy_tcpwm_pwm.o [43]
  .text              ro code  0x1008'75e0     0x2  I64DivZer.o [52]
  .text              ro code  0x1008'75e4   0x8e8  cy_sysclk.o [33]
  .text              ro code  0x1008'7ecc    0x70  strncpy.o [52]
  .text              ro code  0x1008'7f3c    0xd0  cy_syslib.o [36]
  .text              ro code  0x1008'800c     0x2  cy_syslib.o [36]
  .text              ro code  0x1008'8010   0x858  zf_device_config_mt9v03x.o [54]
  .text              ro code  0x1008'8868   0x6b8  zf_driver_soft_iic.o [49]
  .text              ro code  0x1008'8f20   0x644  leg_control.o [5]
  .text              ro code  0x1008'9564    0x1e  sqrt.o [51]
  .text              ro code  0x1008'9582     0xc  cy_syslib.o [36]
  .text              ro code  0x1008'9590    0x60  atan.o [51]
  .text              ro code  0x1008'95f0   0x118  xatan.o [51]
  .rodata            const    0x1008'9708   0x5f0  zf_common_font.o [46]
  .text              ro code  0x1008'9cf8   0x548  zf_device_imu660rc.o [48]
  .text              ro code  0x1008'a240    0x1e  sqrtf.o [51]
  .text              ro code  0x1008'a260    0x6a  atan2f.o [51]
  .text              ro code  0x1008'a2cc    0x5c  asinf.o [51]
  .text              ro code  0x1008'a328    0xdc  zf_driver_exti.o [49]
  .text              ro code  0x1008'a404    0xa4  xatanf.o [51]
  .text              ro code  0x1008'a4a8   0x528  menu.o [5]
  .text              ro code  0x1008'a9d0   0x30c  image.o [5]
  .text              ro code  0x1008'acdc   0x418  zf_device_mt9v03x.o [48]
  .text              ro code  0x1008'b0f4   0x398  zf_driver_pit.o [49]
  .text              ro code  0x1008'b48c   0x36c  cm7_0_isr.o [45]
  .text              ro code  0x1008'b7f8    0xd0  key.o [5]
  .text              ro code  0x1008'b8c8    0xf4  pid.o [5]
  .text              ro code  0x1008'b9bc   0x17a  small_driver_uart_control.o [5]
  .text              ro code  0x1008'bb38   0x32c  motor_control.o [5]
  .text              ro code  0x1008'be64    0x7c  zf_device_tsl1401.o [48]
  .text              ro code  0x1008'bee0    0x24  zf_device_ble6a20.o [48]
  .text              ro code  0x1008'bf04   0x104  zf_device_dl1b.o [48]
  .text              ro code  0x1008'c008    0x74  zf_driver_adc.o [49]
  .rodata            const    0x1008'c07c   0x228  zf_common_font.o [46]
  .text              ro code  0x1008'c2a4   0x204  startup.o [31]
  .text              ro code  0x1008'c4a8   0x150  system_tviibh4m_cm7.o [22]
  .text              ro code  0x1008'c5f8     0x8  startup_cm7.o [31]
  .text              ro code  0x1008'c600     0x6  startup_cm7.o [31]
  .text              ro code  0x1008'c608   0x1a0  cy_srom.o [30]
  .text              ro code  0x1008'c7a8   0x198  cy_interrupt_map.o [23]
  .text              ro code  0x1008'c940   0x114  cy_mw_flash.o [13]
  .text              ro code  0x1008'ca54    0xc8  main_cm7_0.o [45]
  .text              ro code  0x1008'cb1c    0x1c  zf_common_clock.o [46]
  .text              ro code  0x1008'cb38    0x14  zf_driver_flash.o [49]
  .rodata            const    0x1008'cb4c    0xb0  system_tviibh4m_cm7.o [22]
  .text              ro code  0x1008'cbfc    0xb0  startup_cm7.o [31]
  .rodata            const    0x1008'ccac    0xac  cy_sysclk.o [33]
  .rodata            const    0x1008'cd58    0xac  cy_sysclk.o [33]
  .rodata            const    0x1008'ce04    0xa8  cy_mw_flash.o [13]
  .rodata            const    0x1008'ceac    0xa8  cy_srom.o [30]
  .rodata            const    0x1008'cf54    0xa0  zf_common_function.o [46]
  .rodata            const    0x1008'cff4    0xa0  zf_device_imu660rc.o [48]
  .rodata            const    0x1008'd094    0xa0  zf_driver_soft_iic.o [49]
  .rodata            const    0x1008'd134    0x9c  zf_common_fifo.o [46]
  .rodata            const    0x1008'd1d0    0x9c  zf_device_tft180.o [48]
  .rodata            const    0x1008'd26c    0x9c  zf_driver_pwm.o [49]
  .rodata            const    0x1008'd308    0x9c  zf_driver_spi.o [49]
  .rodata            const    0x1008'd3a4    0x9c  zf_driver_uart.o [49]
  .text              ro code  0x1008'd440    0x38  zero_init3.o [52]
  .rodata            const    0x1008'd478    0x28  zf_device_mt9v03x.o [48]
  .text              ro code  0x1008'd4a0    0x28  data_init.o [52]
  .text              ro code  0x1008'd4c8    0x22  fpinit_M.o [51]
  .iar.init_table    const    0x1008'd4ec    0x20  - Linker created -
  .text              ro code  0x1008'd50c    0x20  startup_cm7.o [31]
  .text              ro code  0x1008'd530    0x1e  cy_syslib_iar.o [36]
  .text              ro code  0x1008'd550    0x1e  cmain.o [52]
  .text              ro code  0x1008'd570     0x4  startup_cm7.o [31]
  .text              ro code  0x1008'd574     0x4  exit.o [50]
  .text              ro code  0x1008'd578     0xa  cexit.o [52]
  .rodata            const    0x1008'd584    0x1c  zf_common_debug.o [46]
  .rodata            const    0x1008'd5a0    0x1c  zf_device_imu660rc.o [48]
  .text              ro code  0x1008'd5bc    0x1c  startup_cm7.o [31]
  .text              ro code  0x1008'd5d8    0x1c  cstartup_M.o [52]
  .rodata            const    0x1008'd5f4    0x18  startup.o [31]
  .rodata            const    0x1008'd60c    0x18  system_tviibh4m_cm7.o [22]
  .rodata            const    0x1008'd624    0x18  zf_common_debug.o [46]
  .rodata            const    0x1008'd63c    0x10  zf_common_debug.o [46]
  .rodata            const    0x1008'd64c    0x10  zf_common_debug.o [46]
  .rodata            const    0x1008'd65c     0xc  zf_common_debug.o [46]
  .rodata            const    0x1008'd668     0xc  zf_common_debug.o [46]
  .rodata            const    0x1008'd674     0xc  zf_common_debug.o [46]
  .rodata            const    0x1008'd680     0x8  cy_srom.o [30]
  .rodata            const    0x1008'd688     0x8  cy_sysclk.o [33]
  .rodata            const    0x1008'd690     0x8  menu.o [5]
  .rodata            const    0x1008'd698     0x4  cy_interrupt_map.o [23]
  .rodata            const    0x1008'd69c     0x4  cy_interrupt_map.o [23]
  .rodata            const    0x1008'd6a0     0x4  cy_interrupt_map.o [23]
  .rodata            const    0x1008'd6a4     0x4  cy_interrupt_map.o [23]
  .rodata            const    0x1008'd6a8     0x4  cy_interrupt_map.o [23]
  .rodata            const    0x1008'd6ac     0x4  cy_interrupt_map.o [23]
  .rodata            const    0x1008'd6b0     0x4  cy_interrupt_map.o [23]
  .rodata            const    0x1008'd6b4     0x4  cy_interrupt_map.o [23]
  .rodata            const    0x1008'd6b8     0x4  cy_scb_spi.o [24]
  .rodata            const    0x1008'd6bc     0x4  cy_scb_spi.o [24]
  .rodata            const    0x1008'd6c0     0x4  cy_scb_spi.o [24]
  .rodata            const    0x1008'd6c4     0x4  cy_scb_spi.o [24]
  .rodata            const    0x1008'd6c8     0x4  cy_scb_uart.o [24]
  .rodata            const    0x1008'd6cc     0x4  cy_scb_uart.o [24]
  .rodata            const    0x1008'd6d0     0x4  cy_scb_uart.o [24]
  .rodata            const    0x1008'd6d4     0x4  cy_scb_uart.o [24]
  .rodata            const    0x1008'd6d8     0x4  cy_scb_uart.o [24]
  .rodata            const    0x1008'd6dc     0x4  cy_scb_uart.o [24]
  .rodata            const    0x1008'd6e0     0x4  cy_scb_uart.o [24]
  .rodata            const    0x1008'd6e4     0x4  cy_scb_uart.o [24]
  .rodata            const    0x1008'd6e8     0x4  cy_scb_uart.o [24]
  .rodata            const    0x1008'd6ec     0x4  cy_scb_uart.o [24]
  .rodata            const    0x1008'd6f0     0x4  cy_srom.o [30]
  .rodata            const    0x1008'd6f4     0x4  cy_srom.o [30]
  .rodata            const    0x1008'd6f8     0x4  cy_sysint.o [35]
  .rodata            const    0x1008'd6fc     0x4  cy_sysint.o [35]
  .rodata            const    0x1008'd700     0x4  cy_tcpwm_counter.o [43]
  .rodata            const    0x1008'd704     0x4  cy_tcpwm_counter.o [43]
  .rodata            const    0x1008'd708     0x4  cy_tcpwm_counter.o [43]
  .rodata            const    0x1008'd70c     0x4  cy_tcpwm_counter.o [43]
  .rodata            const    0x1008'd710     0x4  cy_tcpwm_counter.o [43]
  .rodata            const    0x1008'd714     0x4  cy_tcpwm_pwm.o [43]
  .rodata            const    0x1008'd718     0x4  cy_tcpwm_pwm.o [43]
  .rodata            const    0x1008'd71c     0x4  cy_tcpwm_pwm.o [43]
  .rodata            const    0x1008'd720     0x4  cy_tcpwm_pwm.o [43]
  .rodata            const    0x1008'd724     0x4  cy_tcpwm_pwm.o [43]
  .rodata            const    0x1008'd728     0x4  cy_tcpwm_pwm.o [43]
  .rodata            const    0x1008'd72c     0x4  cy_tcpwm_pwm.o [43]
  .rodata            const    0x1008'd730     0x4  menu.o [5]
  .text              ro code  0x1008'd734     0x4  startup_cm7.o [31]
  .text              ro code  0x1008'd738     0x4  startup_cm7.o [31]
  .text              ro code  0x1008'd73c     0x4  startup_cm7.o [31]
  .text              ro code  0x1008'd740     0x4  startup_cm7.o [31]
  .text              ro code  0x1008'd744     0x4  startup_cm7.o [31]
  .text              ro code  0x1008'd748     0x4  startup_cm7.o [31]
  .text              ro code  0x1008'd74c     0x4  startup_cm7.o [31]
  .text              ro code  0x1008'd750     0x4  startup_cm7.o [31]
  .text              ro code  0x1008'd754     0x4  startup_cm7.o [31]
  .text              ro code  0x1008'd758     0x4  startup_cm7.o [31]
  .text              ro code  0x1008'd75c     0x4  startup_cm7.o [31]
  .text              ro code  0x1008'd760     0x4  startup_cm7.o [31]
  .text              ro code  0x1008'd764     0x4  startup_cm7.o [31]
  .text              ro code  0x1008'd768     0x4  startup_cm7.o [31]
  .text              ro code  0x1008'd76c     0x4  startup_cm7.o [31]
  .text              ro code  0x1008'd770     0x2  zf_device_type.o [48]
  .rodata            const    0x1008'd772     0x0  zero_init3.o [52]
  .rodata            const    0x1008'd772     0x0  lz77_init_single.o [52]
  Initializer bytes  const    0x1008'd772   0x13a  <for P2-1>
                            - 0x1008'd8ac  0xd82c

Absolute sections, part 1 of 2:               0x4
  .noinit            uninit   0x2800'6bf0     0x2  zf_device_mt9v03x.o [48]
  .noinit            uninit   0x2800'6bf2     0x2  zf_device_mt9v03x.o [48]
                            - 0x2800'6bf4     0x4

Absolute sections, part 2 of 2:            0x5820
  .noinit            uninit   0x2802'6024  0x5820  zf_device_mt9v03x.o [48]
                            - 0x2802'b844  0x5820

"P2", part 1 of 3:                          0x887
  P2-1                        0x2802'b844   0x887  <Init block>
    .data            inited   0x2802'b844   0x6ec  cy_interrupt_map.o [23]
    .data            inited   0x2802'bf30     0x4  cy_interrupt_map.o [23]
    .data            inited   0x2802'bf34    0x30  key.o [5]
    .data            inited   0x2802'bf64     0x4  leg_control.o [5]
    .data            inited   0x2802'bf68     0x4  leg_control.o [5]
    .data            inited   0x2802'bf6c     0x4  menu.o [5]
    .data            inited   0x2802'bf70     0x4  menu.o [5]
    .data            inited   0x2802'bf74     0x8  menu.o [5]
    .data            inited   0x2802'bf7c    0x28  menu.o [5]
    .data            inited   0x2802'bfa4    0x20  menu.o [5]
    .data            inited   0x2802'bfc4     0x4  scan.o [5]
    .data            inited   0x2802'bfc8     0x4  zf_device_type.o [48]
    .data            inited   0x2802'bfcc     0xc  zf_driver_adc.o [49]
    .data            inited   0x2802'bfd8    0x60  zf_driver_exti.o [49]
    .data            inited   0x2802'c038    0x3c  zf_driver_pit.o [49]
    .data            inited   0x2802'c074    0x10  zf_driver_spi.o [49]
    .data            inited   0x2802'c084    0x1c  zf_driver_uart.o [49]
    .data            inited   0x2802'c0a0    0x1c  zf_driver_uart.o [49]
    .data            inited   0x2802'c0bc     0x2  zf_device_dl1b.o [48]
    .data            inited   0x2802'c0be     0x2  zf_device_tft180.o [48]
    .data            inited   0x2802'c0c0     0x2  zf_device_tft180.o [48]
    .data            inited   0x2802'c0c2     0x2  zf_device_tft180.o [48]
    .data            inited   0x2802'c0c4     0x2  zf_device_tft180.o [48]
    .data            inited   0x2802'c0c6     0x2  zf_driver_delay.o [49]
    .data            inited   0x2802'c0c8     0x1  zf_common_debug.o [46]
    .data            inited   0x2802'c0c9     0x1  zf_device_tft180.o [48]
    .data            inited   0x2802'c0ca     0x1  zf_driver_delay.o [49]
                            - 0x2802'c0cb   0x887

"P2", part 2 of 3:                         0xece0
  .bss               zero     0x2802'c0cc  0x5820  image.o [5]
  .bss               zero     0x2803'18ec  0x5820  zf_device_mt9v03x.o [48]
  .bss               zero     0x2803'710c  0x1608  image.o [5]
  .bss               zero     0x2803'8714  0x1608  image.o [5]
  .bss               zero     0x2803'9d1c   0x200  zf_device_tsl1401.o [48]
  .bss               zero     0x2803'9f1c   0x188  zf_driver_uart.o [49]
  .bss               zero     0x2803'a0a4   0x178  scan.o [5]
  .bss               zero     0x2803'a21c    0xf0  scan.o [5]
  .bss               zero     0x2803'a30c    0xf0  scan.o [5]
  .bss               zero     0x2803'a3fc    0xf0  scan.o [5]
  .bss               zero     0x2803'a4ec    0xf0  scan.o [5]
  .bss               zero     0x2803'a5dc    0xf0  scan.o [5]
  .bss               zero     0x2803'a6cc    0xf0  scan.o [5]
  .bss               zero     0x2803'a7bc    0x70  cy_syslib.o [36]
  .bss               zero     0x2803'a82c    0x70  zf_driver_uart.o [49]
  .bss               zero     0x2803'a89c    0x48  zf_driver_adc.o [49]
  .bss               zero     0x2803'a8e4    0x40  zf_common_debug.o [46]
  .bss               zero     0x2803'a924    0x34  pid.o [5]
  .bss               zero     0x2803'a958    0x34  pid.o [5]
  .bss               zero     0x2803'a98c    0x34  pid.o [5]
  .bss               zero     0x2803'a9c0    0x34  pid.o [5]
  .bss               zero     0x2803'a9f4    0x34  pid.o [5]
  .bss               zero     0x2803'aa28    0x34  pid.o [5]
  .bss               zero     0x2803'aa5c    0x34  pid.o [5]
  .bss               zero     0x2803'aa90    0x34  pid.o [5]
  .bss               zero     0x2803'aac4    0x34  pid.o [5]
  .bss               zero     0x2803'aaf8    0x20  leg_control.o [5]
  .bss               zero     0x2803'ab18    0x20  scan.o [5]
  .bss               zero     0x2803'ab38    0x20  scan.o [5]
  .bss               zero     0x2803'ab58    0x20  scan.o [5]
  .bss               zero     0x2803'ab78    0x20  scan.o [5]
  .bss               zero     0x2803'ab98    0x18  cy_sysclk.o [33]
  .bss               zero     0x2803'abb0    0x18  cy_syslib.o [36]
  .bss               zero     0x2803'abc8    0x18  zf_common_debug.o [46]
  .bss               zero     0x2803'abe0    0x18  zf_device_ble6a20.o [48]
  .bss               zero     0x2803'abf8    0x14  small_driver_uart_control.o [5]
  .bss               zero     0x2803'ac0c    0x14  zf_common_debug.o [46]
  .bss               zero     0x2803'ac20    0x10  cy_srom.o [30]
  .bss               zero     0x2803'ac30    0x10  zf_device_dl1b.o [48]
  .bss               zero     0x2803'ac40    0x10  zf_device_imu660rc.o [48]
  .bss               zero     0x2803'ac50    0x10  zf_device_config_mt9v03x.o [54]
  .bss               zero     0x2803'ac60     0x8  zf_device_imu660rc.o [48]
  .bss               zero     0x2803'ac68     0x8  zf_driver_uart.o [49]
  .bss               zero     0x2803'ac70     0x8  zf_driver_uart.o [49]
  .bss               zero     0x2803'ac78     0x8  heap0.o [50]
  .bss               zero     0x2803'ac80     0x4  cy_srom.o [30]
  .bss               zero     0x2803'ac84     0x4  cy_syslib.o [36]
  .bss               zero     0x2803'ac88     0x4  key.o [5]
  .bss               zero     0x2803'ac8c     0x4  leg_control.o [5]
  .bss               zero     0x2803'ac90     0x4  menu.o [5]
  .bss               zero     0x2803'ac94     0x4  menu.o [5]
  .bss               zero     0x2803'ac98     0x4  menu.o [5]
  .bss               zero     0x2803'ac9c     0x4  menu.o [5]
  .bss               zero     0x2803'aca0     0x4  menu.o [5]
  .bss               zero     0x2803'aca4     0x4  menu.o [5]
  .bss               zero     0x2803'aca8     0x4  motor_control.o [5]
  .bss               zero     0x2803'acac     0x4  motor_control.o [5]
  .bss               zero     0x2803'acb0     0x4  motor_control.o [5]
  .bss               zero     0x2803'acb4     0x4  motor_control.o [5]
  .bss               zero     0x2803'acb8     0x4  motor_control.o [5]
  .bss               zero     0x2803'acbc     0x4  motor_control.o [5]
  .bss               zero     0x2803'acc0     0x4  scan.o [5]
  .bss               zero     0x2803'acc4     0x4  scan.o [5]
  .bss               zero     0x2803'acc8     0x4  scan.o [5]
  .bss               zero     0x2803'accc     0x4  scan.o [5]
  .bss               zero     0x2803'acd0     0x4  scan.o [5]
  .bss               zero     0x2803'acd4     0x4  scan.o [5]
  .bss               zero     0x2803'acd8     0x4  scan.o [5]
  .bss               zero     0x2803'acdc     0x4  scan.o [5]
  .bss               zero     0x2803'ace0     0x4  scan.o [5]
  .bss               zero     0x2803'ace4     0x4  scan.o [5]
  .bss               zero     0x2803'ace8     0x4  scan.o [5]
  .bss               zero     0x2803'acec     0x4  scan.o [5]
  .bss               zero     0x2803'acf0     0x4  scan.o [5]
  .bss               zero     0x2803'acf4     0x4  scan.o [5]
  .bss               zero     0x2803'acf8     0x4  scan.o [5]
  .bss               zero     0x2803'acfc     0x4  scan.o [5]
  .bss               zero     0x2803'ad00     0x4  scan.o [5]
  .bss               zero     0x2803'ad04     0x4  scan.o [5]
  .bss               zero     0x2803'ad08     0x4  scan.o [5]
  .bss               zero     0x2803'ad0c     0x4  scan.o [5]
  .bss               zero     0x2803'ad10     0x4  scan.o [5]
  .bss               zero     0x2803'ad14     0x4  scan.o [5]
  .bss               zero     0x2803'ad18     0x4  scan.o [5]
  .bss               zero     0x2803'ad1c     0x4  scan.o [5]
  .bss               zero     0x2803'ad20     0x4  scan.o [5]
  .bss               zero     0x2803'ad24     0x4  scan.o [5]
  .bss               zero     0x2803'ad28     0x4  scan.o [5]
  .bss               zero     0x2803'ad2c     0x4  scan.o [5]
  .bss               zero     0x2803'ad30     0x4  scan.o [5]
  .bss               zero     0x2803'ad34     0x4  scan.o [5]
  .bss               zero     0x2803'ad38     0x4  scan.o [5]
  .bss               zero     0x2803'ad3c     0x4  system_tviibh4m_cm7.o [22]
  .bss               zero     0x2803'ad40     0x4  system_tviibh4m_cm7.o [22]
  .bss               zero     0x2803'ad44     0x4  system_tviibh4m_cm7.o [22]
  .bss               zero     0x2803'ad48     0x4  system_tviibh4m_cm7.o [22]
  .bss               zero     0x2803'ad4c     0x4  system_tviibh4m_cm7.o [22]
  .bss               zero     0x2803'ad50     0x4  zf_common_clock.o [46]
  .bss               zero     0x2803'ad54     0x4  zf_common_interrupt.o [46]
  .bss               zero     0x2803'ad58     0x4  zf_device_imu660rc.o [48]
  .bss               zero     0x2803'ad5c     0x4  zf_device_imu660rc.o [48]
  .bss               zero     0x2803'ad60     0x4  zf_device_imu660rc.o [48]
  .bss               zero     0x2803'ad64     0x4  zf_driver_spi.o [49]
  .bss               zero     0x2803'ad68     0x4  zf_device_config_mt9v03x.o [54]
  .bss               zero     0x2803'ad6c     0x4  zf_device_config_mt9v03x.o [54]
  .bss               zero     0x2803'ad70     0x4  zf_device_config_mt9v03x.o [54]
  .bss               zero     0x2803'ad74     0x4  zf_device_config_mt9v03x.o [54]
  .bss               zero     0x2803'ad78     0x4  zf_device_config_mt9v03x.o [54]
  .bss               zero     0x2803'ad7c     0x4  xgetmemchunk.o [50]
  .bss               zero     0x2803'ad80     0x4  xfail_s.o [50]
  .bss               zero     0x2803'ad84     0x2  leg_control.o [5]
  .bss               zero     0x2803'ad86     0x2  leg_control.o [5]
  .bss               zero     0x2803'ad88     0x2  leg_control.o [5]
  .bss               zero     0x2803'ad8a     0x2  leg_control.o [5]
  .bss               zero     0x2803'ad8c     0x2  zf_device_imu660rc.o [48]
  .bss               zero     0x2803'ad8e     0x2  zf_device_imu660rc.o [48]
  .bss               zero     0x2803'ad90     0x2  zf_device_imu660rc.o [48]
  .bss               zero     0x2803'ad92     0x2  zf_device_imu660rc.o [48]
  .bss               zero     0x2803'ad94     0x2  zf_device_imu660rc.o [48]
  .bss               zero     0x2803'ad96     0x2  zf_device_imu660rc.o [48]
  .bss               zero     0x2803'ad98     0x1  cy_mw_flash.o [13]
  .bss               zero     0x2803'ad99     0x1  cy_mw_flash.o [13]
  .bss               zero     0x2803'ad9a     0x1  cy_sysclk.o [33]
  .bss               zero     0x2803'ad9b     0x1  image.o [5]
  .bss               zero     0x2803'ad9c     0x1  zf_common_debug.o [46]
  .bss               zero     0x2803'ad9d     0x1  zf_common_debug.o [46]
  .bss               zero     0x2803'ad9e     0x1  zf_common_debug.o [46]
  .bss               zero     0x2803'ad9f     0x1  zf_device_ble6a20.o [48]
  .bss               zero     0x2803'ada0     0x1  zf_device_dl1b.o [48]
  .bss               zero     0x2803'ada1     0x1  zf_device_dl1b.o [48]
  .bss               zero     0x2803'ada2     0x1  zf_device_imu660rc.o [48]
  .bss               zero     0x2803'ada3     0x1  zf_device_mt9v03x.o [48]
  .bss               zero     0x2803'ada4     0x1  zf_device_mt9v03x.o [48]
  .bss               zero     0x2803'ada5     0x1  zf_device_tft180.o [48]
  .bss               zero     0x2803'ada6     0x1  zf_device_tsl1401.o [48]
  .bss               zero     0x2803'ada7     0x1  zf_device_tsl1401.o [48]
  .bss               zero     0x2803'ada8     0x1  zf_driver_flash.o [49]
                            - 0x2803'ada9  0xecdd

"P2", part 3 of 3:                           0x80
  .intvec_ram        uninit   0x2803'ae00    0x80  startup_cm7.o [31]
                            - 0x2803'ae80    0x80

"A1":                                      0x2400
  HEAP_STACK                  0x2807'dc00  0x2400  <Block>
    HEAP                      0x2807'dc00   0x400  <Block>
      HEAP           uninit   0x2807'dc00   0x400  <Block tail>
    CSTACK                    0x2807'e000  0x2000  <Block>
      CSTACK         uninit   0x2807'e000  0x2000  <Block tail>
                            - 0x2808'0000  0x2400

Unused ranges:

         From           To       Size
         ----           --       ----
  0x1008'd917  0x1027'ffff  0x1f'26e9
  0x2802'0000  0x2802'6023     0x6024
  0x2802'c0cb  0x2802'c0cb        0x1
  0x2803'adac  0x2803'adff       0x54
  0x2803'ae80  0x2807'dbff   0x4'2d80


*******************************************************************************
*** INIT TABLE
***

          Address      Size
          -------      ----
Zero (__iar_zero_init3)
    1 destination range, total size 0xecdd:
          0x2802'c0cc  0xecdd

Copy/lz77 (__iar_lz77_init_single3)
    1 source range, total size 0x13a (14% of destination):
          0x1008'd772   0x13a
    1 destination range, total size 0x887:
          0x2802'b844   0x887



*******************************************************************************
*** MODULE SUMMARY
***

    Module                       ro code  ro data  rw data  rw data
                                                             (abs)
    ------                       -------  -------  -------  -------
command line/config:
    ---------------------------------------------------------------
    Total:

C:\Users\jty\Desktop\navigation-master\CYT4BB7_Library-master\CYT4BB7_Library-master\Example\Motherboard_Demo\E4_imu\luntui_3\iar\Debug_m7_0\Obj\adc_11722776235721520015.dir: [1]
    ---------------------------------------------------------------
    Total:

C:\Users\jty\Desktop\navigation-master\CYT4BB7_Library-master\CYT4BB7_Library-master\Example\Motherboard_Demo\E4_imu\luntui_3\iar\Debug_m7_0\Obj\audioss_1346650047966882938.dir: [2]
    ---------------------------------------------------------------
    Total:

C:\Users\jty\Desktop\navigation-master\CYT4BB7_Library-master\CYT4BB7_Library-master\Example\Motherboard_Demo\E4_imu\luntui_3\iar\Debug_m7_0\Obj\button_4990804375159372270.dir: [3]
    ---------------------------------------------------------------
    Total:

C:\Users\jty\Desktop\navigation-master\CYT4BB7_Library-master\CYT4BB7_Library-master\Example\Motherboard_Demo\E4_imu\luntui_3\iar\Debug_m7_0\Obj\canfd_1800690984773873875.dir: [4]
    ---------------------------------------------------------------
    Total:

C:\Users\jty\Desktop\navigation-master\CYT4BB7_Library-master\CYT4BB7_Library-master\Example\Motherboard_Demo\E4_imu\luntui_3\iar\Debug_m7_0\Obj\code_17896468042025673432.dir: [5]
    image.o                          780            33'841
    key.o                            208        7       52
    leg_control.o                  1'604        1       52
    menu.o                         1'320       25      112
    motor_control.o                  812                24
    pid.o                            244               468
    scan.o                         4'184             2'072
    small_driver_uart_control.o      378                20
    ---------------------------------------------------------------
    Total:                         9'530       33   36'641

C:\Users\jty\Desktop\navigation-master\CYT4BB7_Library-master\CYT4BB7_Library-master\Example\Motherboard_Demo\E4_imu\luntui_3\iar\Debug_m7_0\Obj\cpu_15938736945165268644.dir: [6]
    ---------------------------------------------------------------
    Total:

C:\Users\jty\Desktop\navigation-master\CYT4BB7_Library-master\CYT4BB7_Library-master\Example\Motherboard_Demo\E4_imu\luntui_3\iar\Debug_m7_0\Obj\crypto_1190170608956581615.dir: [7]
    ---------------------------------------------------------------
    Total:

C:\Users\jty\Desktop\navigation-master\CYT4BB7_Library-master\CYT4BB7_Library-master\Example\Motherboard_Demo\E4_imu\luntui_3\iar\Debug_m7_0\Obj\dma_12106025507578611576.dir: [8]
    ---------------------------------------------------------------
    Total:

C:\Users\jty\Desktop\navigation-master\CYT4BB7_Library-master\CYT4BB7_Library-master\Example\Motherboard_Demo\E4_imu\luntui_3\iar\Debug_m7_0\Obj\eth_phy_18133017486186456677.dir: [9]
    ---------------------------------------------------------------
    Total:

C:\Users\jty\Desktop\navigation-master\CYT4BB7_Library-master\CYT4BB7_Library-master\Example\Motherboard_Demo\E4_imu\luntui_3\iar\Debug_m7_0\Obj\ethernet_6029839089178797009.dir: [10]
    ---------------------------------------------------------------
    Total:

C:\Users\jty\Desktop\navigation-master\CYT4BB7_Library-master\CYT4BB7_Library-master\Example\Motherboard_Demo\E4_imu\luntui_3\iar\Debug_m7_0\Obj\evtgen_3404189088603873129.dir: [11]
    ---------------------------------------------------------------
    Total:

C:\Users\jty\Desktop\navigation-master\CYT4BB7_Library-master\CYT4BB7_Library-master\Example\Motherboard_Demo\E4_imu\luntui_3\iar\Debug_m7_0\Obj\flash_8529866181315662935.dir: [12]
    ---------------------------------------------------------------
    Total:

C:\Users\jty\Desktop\navigation-master\CYT4BB7_Library-master\CYT4BB7_Library-master\Example\Motherboard_Demo\E4_imu\luntui_3\iar\Debug_m7_0\Obj\flash_864493325053435817.dir: [13]
    cy_mw_flash.o                    276      168        2
    ---------------------------------------------------------------
    Total:                           276      168        2

C:\Users\jty\Desktop\navigation-master\CYT4BB7_Library-master\CYT4BB7_Library-master\Example\Motherboard_Demo\E4_imu\luntui_3\iar\Debug_m7_0\Obj\gpio_3999404635324069351.dir: [14]
    cy_gpio.o                        404
    ---------------------------------------------------------------
    Total:                           404

C:\Users\jty\Desktop\navigation-master\CYT4BB7_Library-master\CYT4BB7_Library-master\Example\Motherboard_Demo\E4_imu\luntui_3\iar\Debug_m7_0\Obj\ipc_10145506163450686023.dir: [15]
    ---------------------------------------------------------------
    Total:

C:\Users\jty\Desktop\navigation-master\CYT4BB7_Library-master\CYT4BB7_Library-master\Example\Motherboard_Demo\E4_imu\luntui_3\iar\Debug_m7_0\Obj\lin_18429031207028094880.dir: [16]
    ---------------------------------------------------------------
    Total:

C:\Users\jty\Desktop\navigation-master\CYT4BB7_Library-master\CYT4BB7_Library-master\Example\Motherboard_Demo\E4_imu\luntui_3\iar\Debug_m7_0\Obj\lvd_6353935867039560245.dir: [17]
    ---------------------------------------------------------------
    Total:

C:\Users\jty\Desktop\navigation-master\CYT4BB7_Library-master\CYT4BB7_Library-master\Example\Motherboard_Demo\E4_imu\luntui_3\iar\Debug_m7_0\Obj\mcwdt_4052485907822033969.dir: [18]
    ---------------------------------------------------------------
    Total:

C:\Users\jty\Desktop\navigation-master\CYT4BB7_Library-master\CYT4BB7_Library-master\Example\Motherboard_Demo\E4_imu\luntui_3\iar\Debug_m7_0\Obj\mpu_5663187252346826382.dir: [19]
    ---------------------------------------------------------------
    Total:

C:\Users\jty\Desktop\navigation-master\CYT4BB7_Library-master\CYT4BB7_Library-master\Example\Motherboard_Demo\E4_imu\luntui_3\iar\Debug_m7_0\Obj\power_14453085144426420577.dir: [20]
    ---------------------------------------------------------------
    Total:

C:\Users\jty\Desktop\navigation-master\CYT4BB7_Library-master\CYT4BB7_Library-master\Example\Motherboard_Demo\E4_imu\luntui_3\iar\Debug_m7_0\Obj\prot_10722960861768657883.dir: [21]
    ---------------------------------------------------------------
    Total:

C:\Users\jty\Desktop\navigation-master\CYT4BB7_Library-master\CYT4BB7_Library-master\Example\Motherboard_Demo\E4_imu\luntui_3\iar\Debug_m7_0\Obj\rev_b_4986922561640112550.dir: [22]
    system_tviibh4m_cm7.o            336      200       20
    ---------------------------------------------------------------
    Total:                           336      200       20

C:\Users\jty\Desktop\navigation-master\CYT4BB7_Library-master\CYT4BB7_Library-master\Example\Motherboard_Demo\E4_imu\luntui_3\iar\Debug_m7_0\Obj\rev_b_6162237342861132223.dir: [23]
    cy_interrupt_map.o               408      287    1'776
    ---------------------------------------------------------------
    Total:                           408      287    1'776

C:\Users\jty\Desktop\navigation-master\CYT4BB7_Library-master\CYT4BB7_Library-master\Example\Motherboard_Demo\E4_imu\luntui_3\iar\Debug_m7_0\Obj\scb_15490842639181808494.dir: [24]
    cy_scb_spi.o                     496       16
    cy_scb_uart.o                    788       40
    ---------------------------------------------------------------
    Total:                         1'284       56

C:\Users\jty\Desktop\navigation-master\CYT4BB7_Library-master\CYT4BB7_Library-master\Example\Motherboard_Demo\E4_imu\luntui_3\iar\Debug_m7_0\Obj\sd_host_2982766354293506895.dir: [25]
    ---------------------------------------------------------------
    Total:

C:\Users\jty\Desktop\navigation-master\CYT4BB7_Library-master\CYT4BB7_Library-master\Example\Motherboard_Demo\E4_imu\luntui_3\iar\Debug_m7_0\Obj\semihosting_143864889731838620.dir: [26]
    ---------------------------------------------------------------
    Total:

C:\Users\jty\Desktop\navigation-master\CYT4BB7_Library-master\CYT4BB7_Library-master\Example\Motherboard_Demo\E4_imu\luntui_3\iar\Debug_m7_0\Obj\smartio_5451710003740070188.dir: [27]
    ---------------------------------------------------------------
    Total:

C:\Users\jty\Desktop\navigation-master\CYT4BB7_Library-master\CYT4BB7_Library-master\Example\Motherboard_Demo\E4_imu\luntui_3\iar\Debug_m7_0\Obj\smif_427648126384146252.dir: [28]
    ---------------------------------------------------------------
    Total:

C:\Users\jty\Desktop\navigation-master\CYT4BB7_Library-master\CYT4BB7_Library-master\Example\Motherboard_Demo\E4_imu\luntui_3\iar\Debug_m7_0\Obj\smif_mem_6470536964353725183.dir: [29]
    ---------------------------------------------------------------
    Total:

C:\Users\jty\Desktop\navigation-master\CYT4BB7_Library-master\CYT4BB7_Library-master\Example\Motherboard_Demo\E4_imu\luntui_3\iar\Debug_m7_0\Obj\srom_13018798572330080582.dir: [30]
    cy_srom.o                        416      184       20
    ---------------------------------------------------------------
    Total:                           416      184       20

C:\Users\jty\Desktop\navigation-master\CYT4BB7_Library-master\CYT4BB7_Library-master\Example\Motherboard_Demo\E4_imu\luntui_3\iar\Debug_m7_0\Obj\startup_479057977785470282.dir: [31]
    startup.o                        516       24
    startup_cm7.o                    442               128
    ---------------------------------------------------------------
    Total:                           958       24      128

C:\Users\jty\Desktop\navigation-master\CYT4BB7_Library-master\CYT4BB7_Library-master\Example\Motherboard_Demo\E4_imu\luntui_3\iar\Debug_m7_0\Obj\sw_timer_4215635015939382130.dir: [32]
    ---------------------------------------------------------------
    Total:

C:\Users\jty\Desktop\navigation-master\CYT4BB7_Library-master\CYT4BB7_Library-master\Example\Motherboard_Demo\E4_imu\luntui_3\iar\Debug_m7_0\Obj\sysclk_16149231235676103872.dir: [33]
    cy_sysclk.o                    2'280      352       25
    ---------------------------------------------------------------
    Total:                         2'280      352       25

C:\Users\jty\Desktop\navigation-master\CYT4BB7_Library-master\CYT4BB7_Library-master\Example\Motherboard_Demo\E4_imu\luntui_3\iar\Debug_m7_0\Obj\sysflt_12293435975120599261.dir: [34]
    ---------------------------------------------------------------
    Total:

C:\Users\jty\Desktop\navigation-master\CYT4BB7_Library-master\CYT4BB7_Library-master\Example\Motherboard_Demo\E4_imu\luntui_3\iar\Debug_m7_0\Obj\sysint_7435970359207984181.dir: [35]
    cy_sysint.o                      172        8
    ---------------------------------------------------------------
    Total:                           172        8

C:\Users\jty\Desktop\navigation-master\CYT4BB7_Library-master\CYT4BB7_Library-master\Example\Motherboard_Demo\E4_imu\luntui_3\iar\Debug_m7_0\Obj\syslib_16330585751512546975.dir: [36]
    cy_syslib.o                      222               140
    cy_syslib_iar.o                   30
    ---------------------------------------------------------------
    Total:                           252               140

C:\Users\jty\Desktop\navigation-master\CYT4BB7_Library-master\CYT4BB7_Library-master\Example\Motherboard_Demo\E4_imu\luntui_3\iar\Debug_m7_0\Obj\syspm_10887939769544754770.dir: [37]
    ---------------------------------------------------------------
    Total:

C:\Users\jty\Desktop\navigation-master\CYT4BB7_Library-master\CYT4BB7_Library-master\Example\Motherboard_Demo\E4_imu\luntui_3\iar\Debug_m7_0\Obj\sysreghc_17676636058511625587.dir: [38]
    ---------------------------------------------------------------
    Total:

C:\Users\jty\Desktop\navigation-master\CYT4BB7_Library-master\CYT4BB7_Library-master\Example\Motherboard_Demo\E4_imu\luntui_3\iar\Debug_m7_0\Obj\sysreset_14586141425677365288.dir: [39]
    ---------------------------------------------------------------
    Total:

C:\Users\jty\Desktop\navigation-master\CYT4BB7_Library-master\CYT4BB7_Library-master\Example\Motherboard_Demo\E4_imu\luntui_3\iar\Debug_m7_0\Obj\sysrtc_10747768817563771611.dir: [40]
    ---------------------------------------------------------------
    Total:

C:\Users\jty\Desktop\navigation-master\CYT4BB7_Library-master\CYT4BB7_Library-master\Example\Motherboard_Demo\E4_imu\luntui_3\iar\Debug_m7_0\Obj\systick_16016591671695740695.dir: [41]
    ---------------------------------------------------------------
    Total:

C:\Users\jty\Desktop\navigation-master\CYT4BB7_Library-master\CYT4BB7_Library-master\Example\Motherboard_Demo\E4_imu\luntui_3\iar\Debug_m7_0\Obj\syswdt_9118657615806274156.dir: [42]
    ---------------------------------------------------------------
    Total:

C:\Users\jty\Desktop\navigation-master\CYT4BB7_Library-master\CYT4BB7_Library-master\Example\Motherboard_Demo\E4_imu\luntui_3\iar\Debug_m7_0\Obj\tcpwm_422923530147891246.dir: [43]
    cy_tcpwm.o                        12
    cy_tcpwm_counter.o               430       20
    cy_tcpwm_pwm.o                   522       28
    ---------------------------------------------------------------
    Total:                           964       48

C:\Users\jty\Desktop\navigation-master\CYT4BB7_Library-master\CYT4BB7_Library-master\Example\Motherboard_Demo\E4_imu\luntui_3\iar\Debug_m7_0\Obj\trigmux_9729677290734583340.dir: [44]
    ---------------------------------------------------------------
    Total:

C:\Users\jty\Desktop\navigation-master\CYT4BB7_Library-master\CYT4BB7_Library-master\Example\Motherboard_Demo\E4_imu\luntui_3\iar\Debug_m7_0\Obj\user_8514941877209965082.dir: [45]
    cm7_0_isr.o                      876
    main_cm7_0.o                     200
    ---------------------------------------------------------------
    Total:                         1'076

C:\Users\jty\Desktop\navigation-master\CYT4BB7_Library-master\CYT4BB7_Library-master\Example\Motherboard_Demo\E4_imu\luntui_3\iar\Debug_m7_0\Obj\zf_common_1201165462030747823.dir: [46]
    zf_common_clock.o                 28                 4
    zf_common_debug.o              1'092      120      112
    zf_common_fifo.o                 504      156
    zf_common_font.o                        2'072
    zf_common_function.o             544      160
    zf_common_interrupt.o            226                 4
    ---------------------------------------------------------------
    Total:                         2'394    2'508      120

C:\Users\jty\Desktop\navigation-master\CYT4BB7_Library-master\CYT4BB7_Library-master\Example\Motherboard_Demo\E4_imu\luntui_3\iar\Debug_m7_0\Obj\zf_components_14936052685886095442.dir: [47]
    ---------------------------------------------------------------
    Total:

C:\Users\jty\Desktop\navigation-master\CYT4BB7_Library-master\CYT4BB7_Library-master\Example\Motherboard_Demo\E4_imu\luntui_3\iar\Debug_m7_0\Obj\zf_device_6570275422786408770.dir: [48]
    zf_device_ble6a20.o               36                25
    zf_device_dl1b.o                 260        1       20
    zf_device_imu660rc.o           1'352      188       49
    zf_device_mt9v03x.o            1'048       40   22'562   22'564
    zf_device_tft180.o             3'908      157       10
    zf_device_tsl1401.o              124               514
    zf_device_type.o                   2        1        4
    ---------------------------------------------------------------
    Total:                         6'730      387   23'184   22'564

C:\Users\jty\Desktop\navigation-master\CYT4BB7_Library-master\CYT4BB7_Library-master\Example\Motherboard_Demo\E4_imu\luntui_3\iar\Debug_m7_0\Obj\zf_driver_11922370083829174090.dir: [49]
    zf_driver_adc.o                  116        2       84
    zf_driver_delay.o                644        1        3
    zf_driver_exti.o                 220       13       96
    zf_driver_flash.o                 20                 1
    zf_driver_gpio.o                 380
    zf_driver_pit.o                  920        9       60
    zf_driver_pwm.o                3'608      156
    zf_driver_soft_iic.o           1'720      160
    zf_driver_spi.o                3'240      158       20
    zf_driver_uart.o               2'796      164      576
    ---------------------------------------------------------------
    Total:                        13'664      663      840

dl7M_tln.a: [50]
    abort.o                            6
    abs.o                              8
    exit.o                             4
    heap0.o                          316                 8
    heaptramp0.o                       4
    sprintf.o                         64
    vla_alloc.o                       22
    xfail_s.o                         64                 4
    xgetmemchunk.o                    44                 4
    xprintffull_nomb.o             3'758
    xsprout.o                         10
    ---------------------------------------------------------------
    Total:                         4'300                16

m7M_tlv.a: [51]
    DblCmpGe.o                        52
    DblCmpLe.o                        52
    DblDiv.o                          18
    DblMul.o                          18
    DblSub.o                          18
    DblToS32.o                        14
    DblToU32.o                        14
    S32ToDbl.o                        14
    U32ToDbl.o                        14
    asinf.o                           92
    atan.o                            96
    atan2f.o                         106
    fpinit_M.o                        34
    frexp.o                          112
    ldexp.o                          260
    sqrt.o                            30
    sqrtf.o                           30
    xatan.o                          280
    xatanf.o                         164
    ---------------------------------------------------------------
    Total:                         1'418

rt7M_tl.a: [52]
    ABImemclr4.o                       6
    ABImemcpy.o                      166
    ABImemset.o                      102
    ABImemset48.o                     50
    I64DivMod.o                      560
    I64DivZer.o                        2
    cexit.o                           10
    cmain.o                           30
    cstartup_M.o                      28
    data_init.o                       40
    lz77_init_single.o               126
    memchr.o                          88
    strchr.o                          22
    strlen.o                          54
    strncpy.o                        112
    zero_init3.o                      56
    ---------------------------------------------------------------
    Total:                         1'452

shb_l.a: [53]
    exit.o                            20
    ---------------------------------------------------------------
    Total:                            20

zf_device_config.a: [54]
    zf_device_config_mt9v03x.o     2'136                36
    ---------------------------------------------------------------
    Total:                         2'136                36

    Gaps                              44        4
    Linker created                             32    9'216
-------------------------------------------------------------------
    Grand Total:                  50'514    4'954   72'164   22'564


*******************************************************************************
*** ENTRY LIST
***

Entry                       Address    Size  Type      Object
-----                       -------    ----  ----      ------
.iar.init_table$$Base   0x1008'd4ec           --   Gb  - Linker created -
.iar.init_table$$Limit  0x1008'd50c           --   Gb  - Linker created -
?main                   0x1008'd551          Code  Gb  cmain.o [52]
AX                      0x2803'acd0     0x4  Data  Gb  scan.o [5]
AY                      0x2803'acd4     0x4  Data  Gb  scan.o [5]
A_finish_flag           0x2803'ace0     0x4  Data  Gb  scan.o [5]
A_kur                   0x2803'ad08     0x4  Data  Gb  scan.o [5]
Aldata                  0x2803'ac78     0x8  Data  Lc  heap0.o [50]
Alin                    0x2803'ab18    0x20  Data  Gb  scan.o [5]
BX                      0x2803'acd8     0x4  Data  Gb  scan.o [5]
BY                      0x2803'acdc     0x4  Data  Gb  scan.o [5]
B_H                     0x2802'bf64     0x4  Data  Gb  leg_control.o [5]
B_X                     0x2802'bf68     0x4  Data  Gb  leg_control.o [5]
B_finish_flag           0x2803'ace4     0x4  Data  Gb  scan.o [5]
B_kur                   0x2803'ad0c     0x4  Data  Gb  scan.o [5]
Blin                    0x2803'ab38    0x20  Data  Gb  scan.o [5]
BusFault_Handler        0x1008'd73d          Code  Wk  startup_cm7.o [31]
CSTACK$$Base            0x2807'e000           --   Gb  - Linker created -
CSTACK$$Limit           0x2808'0000           --   Gb  - Linker created -
CX                      0x2803'acc0     0x4  Data  Gb  scan.o [5]
CY                      0x2803'acc4     0x4  Data  Gb  scan.o [5]
C_finish_flag           0x2803'ace8     0x4  Data  Gb  scan.o [5]
ChangeNum_flag          0x2803'ac94     0x4  Data  Gb  menu.o [5]
Clin                    0x2803'ab58    0x20  Data  Gb  scan.o [5]
CopyVectorTable         0x1008'c445    0x34  Code  Lc  startup.o [31]
CpuUserInt0_Handler     0x1008'c7c7    0x26  Code  Gb  cy_interrupt_map.o [23]
CpuUserInt10_Handler    0x1008'd759          Code  Wk  startup_cm7.o [31]
CpuUserInt11_Handler    0x1008'd75d          Code  Wk  startup_cm7.o [31]
CpuUserInt12_Handler    0x1008'd761          Code  Wk  startup_cm7.o [31]
CpuUserInt13_Handler    0x1008'd765          Code  Wk  startup_cm7.o [31]
CpuUserInt14_Handler    0x1008'd769          Code  Wk  startup_cm7.o [31]
CpuUserInt15_Handler    0x1008'd76d          Code  Wk  startup_cm7.o [31]
CpuUserInt1_Handler     0x1008'c7ed    0x26  Code  Gb  cy_interrupt_map.o [23]
CpuUserInt2_Handler     0x1008'c813    0x26  Code  Gb  cy_interrupt_map.o [23]
CpuUserInt3_Handler     0x1008'c839    0x26  Code  Gb  cy_interrupt_map.o [23]
CpuUserInt4_Handler     0x1008'c85f    0x26  Code  Gb  cy_interrupt_map.o [23]
CpuUserInt5_Handler     0x1008'c885    0x26  Code  Gb  cy_interrupt_map.o [23]
CpuUserInt6_Handler     0x1008'c8ab    0x26  Code  Gb  cy_interrupt_map.o [23]
CpuUserInt7_Handler     0x1008'c8d1    0x26  Code  Gb  cy_interrupt_map.o [23]
CpuUserInt8_Handler     0x1008'd751          Code  Wk  startup_cm7.o [31]
CpuUserInt9_Handler     0x1008'd755          Code  Wk  startup_cm7.o [31]
Cy_DefaultUserHandler   0x1008'c7c5     0x2  Code  Gb  cy_interrupt_map.o [23]
Cy_FlashHandler         0x1008'c9b3    0x34  Code  Lc  cy_mw_flash.o [13]
Cy_FlashInit            0x1008'c9e7    0x3c  Code  Gb  cy_mw_flash.o [13]
Cy_Flashc_InvalidateFlashCacheBuffer
                        0x1008'c987    0x14  Code  Lc  cy_mw_flash.o [13]
Cy_Flashc_MainWriteEnable
                        0x1008'c99b     0xc  Code  Lc  cy_mw_flash.o [13]
Cy_Flashc_WorkWriteEnable
                        0x1008'c9a7     0xc  Code  Lc  cy_mw_flash.o [13]
Cy_GPIO_ClearInterrupt  0x1008'3907     0xe  Code  Lc  cy_gpio.o [14]
Cy_GPIO_ClearInterrupt  0x1008'a329     0xe  Code  Lc  zf_driver_exti.o [49]
Cy_GPIO_Clr             0x1008'3449     0xa  Code  Lc  zf_driver_gpio.o [49]
Cy_GPIO_GetInterruptStatusMasked
                        0x1008'a337     0xa  Code  Lc  zf_driver_exti.o [49]
Cy_GPIO_Pin_Init        0x1008'394b    0x72  Code  Gb  cy_gpio.o [14]
Cy_GPIO_Read            0x1008'3435     0xa  Code  Lc  zf_driver_gpio.o [49]
Cy_GPIO_Set             0x1008'343f     0xa  Code  Lc  zf_driver_gpio.o [49]
Cy_GPIO_SetDriveSel     0x1008'38e9    0x1e  Code  Lc  cy_gpio.o [14]
Cy_GPIO_SetDrivemode    0x1008'3899    0x1c  Code  Lc  cy_gpio.o [14]
Cy_GPIO_SetDrivemode    0x1008'3453    0x1c  Code  Lc  zf_driver_gpio.o [49]
Cy_GPIO_SetHSIOM        0x1008'3835    0x4c  Code  Lc  cy_gpio.o [14]
Cy_GPIO_SetInterruptEdge
[...]
out_PID_param_init      0x1008'bb6d    0x34  Code  Gb  motor_control.o [5]
perfect_proportion      0x2803'ada4     0x1  Data  Lc  zf_device_mt9v03x.o [48]
pid_flag                0x2803'aca0     0x4  Data  Gb  menu.o [5]
pit0_ch0_isr            0x1008'b48d    0x88  Code  Gb  cm7_0_isr.o [45]
pit0_ch10_isr           0x1008'b631     0xa  Code  Gb  cm7_0_isr.o [45]
pit0_ch11_isr           0x1008'b63b     0xa  Code  Gb  cm7_0_isr.o [45]
pit0_ch12_isr           0x1008'b645     0xa  Code  Gb  cm7_0_isr.o [45]
pit0_ch13_isr           0x1008'b64f     0xa  Code  Gb  cm7_0_isr.o [45]
pit0_ch14_isr           0x1008'b659     0xa  Code  Gb  cm7_0_isr.o [45]
pit0_ch15_isr           0x1008'b663     0xa  Code  Gb  cm7_0_isr.o [45]
pit0_ch16_isr           0x1008'b66d     0xa  Code  Gb  cm7_0_isr.o [45]
pit0_ch17_isr           0x1008'b677     0xa  Code  Gb  cm7_0_isr.o [45]
pit0_ch18_isr           0x1008'b681     0xa  Code  Gb  cm7_0_isr.o [45]
pit0_ch19_isr           0x1008'b68b     0xa  Code  Gb  cm7_0_isr.o [45]
pit0_ch1_isr            0x1008'b515    0xaa  Code  Gb  cm7_0_isr.o [45]
pit0_ch20_isr           0x1008'b695     0xa  Code  Gb  cm7_0_isr.o [45]
pit0_ch21_isr           0x1008'b69f     0xe  Code  Gb  cm7_0_isr.o [45]
pit0_ch2_isr            0x1008'b5bf    0x6c  Code  Gb  cm7_0_isr.o [45]
pit_init                0x1008'b289   0x1ee  Code  Gb  zf_driver_pit.o [49]
pit_isr_flag_clear      0x1008'b25f    0x2a  Code  Gb  zf_driver_pit.o [49]
pit_isr_func            0x2802'c038    0x3c  Data  Gb  zf_driver_pit.o [49]
pitch_PID_param_init    0x1008'bc5b    0x30  Code  Gb  motor_control.o [5]
pwm_all_channel_close   0x1008'6b21    0x1a  Code  Gb  zf_driver_pwm.o [49]
pwm_init                0x1008'6b95   0x1e4  Code  Gb  zf_driver_pwm.o [49]
pwm_set_duty            0x1008'6b3b    0x5a  Code  Gb  zf_driver_pwm.o [49]
qianzhan                0x2802'bfc4     0x4  Data  Gb  scan.o [5]
qianzhan_jin            0x2803'ad30     0x4  Data  Gb  scan.o [5]
qianzhan_yuan           0x2803'ad34     0x4  Data  Gb  scan.o [5]
quarternion_normalize   0x1008'9dd9    0xb4  Code  Lc  zf_device_imu660rc.o [48]
quarternion_to_euler    0x1008'9e8d   0x142  Code  Lc  zf_device_imu660rc.o [48]
r_empty                 0x2803'acf8     0x4  Data  Gb  scan.o [5]
roll_PID_param_init     0x1008'bc29    0x32  Code  Gb  motor_control.o [5]
sar_adc                 0x2802'bfcc     0xc  Data  Lc  zf_driver_adc.o [49]
scalbln                 0x1008'7045          Code  Gb  ldexp.o [51]
scalblnl                0x1008'7045          Code  Gb  ldexp.o [51]
scalbn                  0x1008'7045          Code  Gb  ldexp.o [51]
scalbnl                 0x1008'7045          Code  Gb  ldexp.o [51]
scale                   0x1008'5df9    0x46  Code  Lc  xprintffull_nomb.o [50]
scan                    0x1008'0d69   0x2e2  Code  Gb  scan.o [5]
scb_module              0x2802'c0a0    0x1c  Data  Gb  zf_driver_uart.o [49]
sec_hand                0x2803'ad80     0x4  Data  Lc  xfail_s.o [50]
small_driver_get_speed  0x1008'bab1    0x2a  Code  Gb  small_driver_uart_control.o [5]
small_driver_init       0x1008'badb    0x2e  Code  Gb  small_driver_uart_control.o [5]
small_driver_set_duty   0x1008'ba6f    0x42  Code  Gb  small_driver_uart_control.o [5]
small_driver_uart_init  0x1008'bb0d    0x2a  Code  Gb  small_driver_uart_control.o [5]
soft_iic_init           0x1008'8ea5    0x78  Code  Gb  zf_driver_soft_iic.o [49]
soft_iic_read_data      0x1008'8c13   0x10e  Code  Lc  zf_driver_soft_iic.o [49]
soft_iic_sccb_read_register
                        0x1008'8e39    0x6c  Code  Gb  zf_driver_soft_iic.o [49]
soft_iic_sccb_write_register
                        0x1008'8de9    0x4c  Code  Gb  zf_driver_soft_iic.o [49]
soft_iic_send_ack       0x1008'89a5    0xc6  Code  Lc  zf_driver_soft_iic.o [49]
soft_iic_send_data      0x1008'8b3b    0xd8  Code  Lc  zf_driver_soft_iic.o [49]
soft_iic_start          0x1008'8869    0x9e  Code  Lc  zf_driver_soft_iic.o [49]
soft_iic_stop           0x1008'8907    0x9e  Code  Lc  zf_driver_soft_iic.o [49]
soft_iic_transfer_8bit_array
                        0x1008'8d21    0xbc  Code  Gb  zf_driver_soft_iic.o [49]
soft_iic_wait_ack       0x1008'8a6b    0xd0  Code  Lc  zf_driver_soft_iic.o [49]
spi_get_clk_hsiom       0x1008'2321    0x28  Code  Lc  zf_driver_spi.o [49]
spi_get_clk_pin         0x1008'2265    0x28  Code  Lc  zf_driver_spi.o [49]
spi_get_cs_hsiom        0x1008'2399    0x44  Code  Lc  zf_driver_spi.o [49]
spi_get_cs_pin          0x1008'22dd    0x44  Code  Lc  zf_driver_spi.o [49]
spi_get_miso_hsiom      0x1008'2371    0x28  Code  Lc  zf_driver_spi.o [49]
spi_get_miso_pin        0x1008'22b5    0x28  Code  Lc  zf_driver_spi.o [49]
spi_get_mosi_hsiom      0x1008'2349    0x28  Code  Lc  zf_driver_spi.o [49]
spi_get_mosi_pin        0x1008'228d    0x28  Code  Lc  zf_driver_spi.o [49]
spi_init                0x1008'2a05   0x2b2  Code  Gb  zf_driver_spi.o [49]
spi_module              0x2802'c074    0x10  Data  Gb  zf_driver_spi.o [49]
spi_read_8bit_register  0x1008'2809    0xea  Code  Gb  zf_driver_spi.o [49]
spi_read_8bit_registers
                        0x1008'28f3    0xfe  Code  Gb  zf_driver_spi.o [49]
spi_write_16bit         0x1008'25c3    0xaa  Code  Gb  zf_driver_spi.o [49]
spi_write_16bit_array   0x1008'266d    0xb6  Code  Gb  zf_driver_spi.o [49]
spi_write_8bit          0x1008'2519    0xaa  Code  Gb  zf_driver_spi.o [49]
spi_write_8bit_register
                        0x1008'2723    0xde  Code  Gb  zf_driver_spi.o [49]
sprintf                 0x1008'46dd    0x40  Code  Gb  sprintf.o [50]
sqrt                    0x1008'9565          Code  Gb  sqrt.o [51]
sqrtf                   0x1008'a241          Code  Gb  sqrtf.o [51]
sqrtl                   0x1008'9565          Code  Gb  sqrt.o [51]
strchr                  0x1008'6ea9          Code  Gb  strchr.o [52]
strlen                  0x1008'46a5          Code  Gb  strlen.o [52]
strncpy                 0x1008'7ecd          Code  Gb  strncpy.o [52]
switch_transition_length
                        0x1008'23dd   0x13c  Code  Lc  zf_driver_spi.o [49]
system_clock            0x2803'ad50     0x4  Data  Gb  zf_common_clock.o [46]
system_delay_init       0x1008'3773    0xa6  Code  Gb  zf_driver_delay.o [49]
system_delay_ms         0x1008'3715    0x5e  Code  Gb  zf_driver_delay.o [49]
task                    0x2803'aca4     0x4  Data  Gb  menu.o [5]
tft180_bgcolor          0x2802'c0c4     0x2  Data  Lc  zf_device_tft180.o [48]
tft180_clear            0x1008'12c9    0x7c  Code  Gb  zf_device_tft180.o [48]
tft180_debug_init       0x1008'125f    0x68  Code  Lc  zf_device_tft180.o [48]
tft180_display_dir      0x2803'ada5     0x1  Data  Lc  zf_device_tft180.o [48]
tft180_display_font     0x2802'c0c9     0x1  Data  Lc  zf_device_tft180.o [48]
tft180_draw_line        0x1008'1409   0x23e  Code  Gb  zf_device_tft180.o [48]
tft180_draw_point       0x1008'138d    0x7c  Code  Gb  zf_device_tft180.o [48]
tft180_height_max       0x2802'c0c0     0x2  Data  Gb  zf_device_tft180.o [48]
tft180_init             0x1008'1c9d   0x35a  Code  Gb  zf_device_tft180.o [48]
tft180_pencolor         0x2802'c0c2     0x2  Data  Lc  zf_device_tft180.o [48]
tft180_set_color        0x1008'137f     0xe  Code  Gb  zf_device_tft180.o [48]
tft180_set_dir          0x1008'1345    0x3a  Code  Gb  zf_device_tft180.o [48]
tft180_set_region       0x1008'10ff   0x160  Code  Lc  zf_device_tft180.o [48]
tft180_show_char        0x1008'164d   0x1f4  Code  Gb  zf_device_tft180.o [48]
tft180_show_float       0x1008'19c9   0x13e  Code  Gb  zf_device_tft180.o [48]
tft180_show_gray_image  0x1008'1b21   0x15a  Code  Gb  zf_device_tft180.o [48]
tft180_show_int         0x1008'18eb    0xde  Code  Gb  zf_device_tft180.o [48]
tft180_show_string      0x1008'1841    0xaa  Code  Gb  zf_device_tft180.o [48]
tft180_width_max        0x2802'c0be     0x2  Data  Gb  zf_device_tft180.o [48]
tft180_write_index      0x1008'10e1    0x1e  Code  Lc  zf_device_tft180.o [48]
thresholds              0x2803'ad9b     0x1  Data  Gb  image.o [5]
time_ms                 0x2803'ad20     0x4  Data  Gb  scan.o [5]
timer_ch                0x2802'c0ca     0x1  Data  Lc  zf_driver_delay.o [49]
track                   0x1008'0751    0xb4  Code  Gb  scan.o [5]
tsl1401_collect_pit_handler
                        0x1008'be65    0x68  Code  Gb  zf_device_tsl1401.o [48]
tsl1401_data            0x2803'9d1c   0x200  Data  Gb  zf_device_tsl1401.o [48]
tsl1401_finish_flag     0x2803'ada7     0x1  Data  Gb  zf_device_tsl1401.o [48]
tsl1401_init_state      0x2803'ada6     0x1  Data  Lc  zf_device_tsl1401.o [48]
type_default_callback   0x1008'd771     0x2  Code  Lc  zf_device_type.o [48]
uart0_isr               0x1008'b6ad    0x12  Code  Gb  cm7_0_isr.o [45]
uart1_isr               0x1008'b6bf    0x16  Code  Gb  cm7_0_isr.o [45]
uart2_isr               0x1008'b6d5    0x12  Code  Gb  cm7_0_isr.o [45]
uart3_isr               0x1008'b6e7     0xa  Code  Gb  cm7_0_isr.o [45]
uart4_isr               0x1008'b6f1    0x14  Code  Gb  cm7_0_isr.o [45]
uart5_isr               0x1008'b779     0xa  Code  Gb  cm7_0_isr.o [45]
uart6_isr               0x1008'b783     0xa  Code  Gb  cm7_0_isr.o [45]
uart_context            0x2803'9f1c   0x188  Data  Gb  zf_driver_uart.o [49]
uart_control_callback   0x1008'b9bd    0xb2  Code  Gb  small_driver_uart_control.o [5]
uart_data_buffer        0x2803'a82c    0x70  Data  Lc  zf_driver_uart.o [49]
uart_data_buffer_count  0x2803'ac68     0x8  Data  Lc  zf_driver_uart.o [49]
uart_data_refresh       0x2803'ac70     0x8  Data  Lc  zf_driver_uart.o [49]
uart_init               0x1008'44a5   0x1c0  Code  Gb  zf_driver_uart.o [49]
uart_isr_func           0x2802'c084    0x1c  Data  Gb  zf_driver_uart.o [49]
uart_isr_mask           0x1008'3dfd    0xfa  Code  Gb  zf_driver_uart.o [49]
uart_query_byte         0x1008'4163    0x74  Code  Gb  zf_driver_uart.o [49]
uart_receiver_handler   0x2802'bfc8     0x4  Data  Gb  zf_device_type.o [48]
uart_rx_interrupt       0x1008'42f3   0x1a8  Code  Gb  zf_driver_uart.o [49]
uart_tx_interrupt       0x1008'41d7   0x11c  Code  Gb  zf_driver_uart.o [49]
uart_write_buffer       0x1008'4129    0x1e  Code  Gb  zf_driver_uart.o [49]
uart_write_byte         0x1008'4101    0x28  Code  Gb  zf_driver_uart.o [49]
uart_write_string       0x1008'4147    0x1c  Code  Gb  zf_driver_uart.o [49]
zchBailie               0x2803'acf0     0x4  Data  Gb  scan.o [5]
zf_debug_assert_enable  0x2802'c0c8     0x1  Data  Lc  zf_common_debug.o [46]
zf_debug_init_flag      0x2803'ad9c     0x1  Data  Lc  zf_common_debug.o [46]
zhaodian                0x1008'0869   0x4e0  Code  Gb  scan.o [5]
zhongxian               0x2803'ad2c     0x4  Data  Gb  scan.o [5]
zip                     0x1008'a9d1    0x3a  Code  Gb  image.o [5]


[1] = C:\Users\jty\Desktop\navigation-master\CYT4BB7_Library-master\CYT4BB7_Library-master\Example\Motherboard_Demo\E4_imu\luntui_3\iar\Debug_m7_0\Obj\adc_11722776235721520015.dir
[2] = C:\Users\jty\Desktop\navigation-master\CYT4BB7_Library-master\CYT4BB7_Library-master\Example\Motherboard_Demo\E4_imu\luntui_3\iar\Debug_m7_0\Obj\audioss_1346650047966882938.dir
[3] = C:\Users\jty\Desktop\navigation-master\CYT4BB7_Library-master\CYT4BB7_Library-master\Example\Motherboard_Demo\E4_imu\luntui_3\iar\Debug_m7_0\Obj\button_4990804375159372270.dir
[4] = C:\Users\jty\Desktop\navigation-master\CYT4BB7_Library-master\CYT4BB7_Library-master\Example\Motherboard_Demo\E4_imu\luntui_3\iar\Debug_m7_0\Obj\canfd_1800690984773873875.dir
[5] = C:\Users\jty\Desktop\navigation-master\CYT4BB7_Library-master\CYT4BB7_Library-master\Example\Motherboard_Demo\E4_imu\luntui_3\iar\Debug_m7_0\Obj\code_17896468042025673432.dir
[6] = C:\Users\jty\Desktop\navigation-master\CYT4BB7_Library-master\CYT4BB7_Library-master\Example\Motherboard_Demo\E4_imu\luntui_3\iar\Debug_m7_0\Obj\cpu_15938736945165268644.dir
[7] = C:\Users\jty\Desktop\navigation-master\CYT4BB7_Library-master\CYT4BB7_Library-master\Example\Motherboard_Demo\E4_imu\luntui_3\iar\Debug_m7_0\Obj\crypto_1190170608956581615.dir
[8] = C:\Users\jty\Desktop\navigation-master\CYT4BB7_Library-master\CYT4BB7_Library-master\Example\Motherboard_Demo\E4_imu\luntui_3\iar\Debug_m7_0\Obj\dma_12106025507578611576.dir
[9] = C:\Users\jty\Desktop\navigation-master\CYT4BB7_Library-master\CYT4BB7_Library-master\Example\Motherboard_Demo\E4_imu\luntui_3\iar\Debug_m7_0\Obj\eth_phy_18133017486186456677.dir
[10] = C:\Users\jty\Desktop\navigation-master\CYT4BB7_Library-master\CYT4BB7_Library-master\Example\Motherboard_Demo\E4_imu\luntui_3\iar\Debug_m7_0\Obj\ethernet_6029839089178797009.dir
[11] = C:\Users\jty\Desktop\navigation-master\CYT4BB7_Library-master\CYT4BB7_Library-master\Example\Motherboard_Demo\E4_imu\luntui_3\iar\Debug_m7_0\Obj\evtgen_3404189088603873129.dir
[12] = C:\Users\jty\Desktop\navigation-master\CYT4BB7_Library-master\CYT4BB7_Library-master\Example\Motherboard_Demo\E4_imu\luntui_3\iar\Debug_m7_0\Obj\flash_8529866181315662935.dir
[13] = C:\Users\jty\Desktop\navigation-master\CYT4BB7_Library-master\CYT4BB7_Library-master\Example\Motherboard_Demo\E4_imu\luntui_3\iar\Debug_m7_0\Obj\flash_864493325053435817.dir
[14] = C:\Users\jty\Desktop\navigation-master\CYT4BB7_Library-master\CYT4BB7_Library-master\Example\Motherboard_Demo\E4_imu\luntui_3\iar\Debug_m7_0\Obj\gpio_3999404635324069351.dir
[15] = C:\Users\jty\Desktop\navigation-master\CYT4BB7_Library-master\CYT4BB7_Library-master\Example\Motherboard_Demo\E4_imu\luntui_3\iar\Debug_m7_0\Obj\ipc_10145506163450686023.dir
[16] = C:\Users\jty\Desktop\navigation-master\CYT4BB7_Library-master\CYT4BB7_Library-master\Example\Motherboard_Demo\E4_imu\luntui_3\iar\Debug_m7_0\Obj\lin_18429031207028094880.dir
[17] = C:\Users\jty\Desktop\navigation-master\CYT4BB7_Library-master\CYT4BB7_Library-master\Example\Motherboard_Demo\E4_imu\luntui_3\iar\Debug_m7_0\Obj\lvd_6353935867039560245.dir
[18] = C:\Users\jty\Desktop\navigation-master\CYT4BB7_Library-master\CYT4BB7_Library-master\Example\Motherboard_Demo\E4_imu\luntui_3\iar\Debug_m7_0\Obj\mcwdt_4052485907822033969.dir
[19] = C:\Users\jty\Desktop\navigation-master\CYT4BB7_Library-master\CYT4BB7_Library-master\Example\Motherboard_Demo\E4_imu\luntui_3\iar\Debug_m7_0\Obj\mpu_5663187252346826382.dir
[20] = C:\Users\jty\Desktop\navigation-master\CYT4BB7_Library-master\CYT4BB7_Library-master\Example\Motherboard_Demo\E4_imu\luntui_3\iar\Debug_m7_0\Obj\power_14453085144426420577.dir
[21] = C:\Users\jty\Desktop\navigation-master\CYT4BB7_Library-master\CYT4BB7_Library-master\Example\Motherboard_Demo\E4_imu\luntui_3\iar\Debug_m7_0\Obj\prot_10722960861768657883.dir
[22] = C:\Users\jty\Desktop\navigation-master\CYT4BB7_Library-master\CYT4BB7_Library-master\Example\Motherboard_Demo\E4_imu\luntui_3\iar\Debug_m7_0\Obj\rev_b_4986922561640112550.dir
[23] = C:\Users\jty\Desktop\navigation-master\CYT4BB7_Library-master\CYT4BB7_Library-master\Example\Motherboard_Demo\E4_imu\luntui_3\iar\Debug_m7_0\Obj\rev_b_6162237342861132223.dir
[24] = C:\Users\jty\Desktop\navigation-master\CYT4BB7_Library-master\CYT4BB7_Library-master\Example\Motherboard_Demo\E4_imu\luntui_3\iar\Debug_m7_0\Obj\scb_15490842639181808494.dir
[25] = C:\Users\jty\Desktop\navigation-master\CYT4BB7_Library-master\CYT4BB7_Library-master\Example\Motherboard_Demo\E4_imu\luntui_3\iar\Debug_m7_0\Obj\sd_host_2982766354293506895.dir
[26] = C:\Users\jty\Desktop\navigation-master\CYT4BB7_Library-master\CYT4BB7_Library-master\Example\Motherboard_Demo\E4_imu\luntui_3\iar\Debug_m7_0\Obj\semihosting_143864889731838620.dir
[27] = C:\Users\jty\Desktop\navigation-master\CYT4BB7_Library-master\CYT4BB7_Library-master\Example\Motherboard_Demo\E4_imu\luntui_3\iar\Debug_m7_0\Obj\smartio_5451710003740070188.dir
[28] = C:\Users\jty\Desktop\navigation-master\CYT4BB7_Library-master\CYT4BB7_Library-master\Example\Motherboard_Demo\E4_imu\luntui_3\iar\Debug_m7_0\Obj\smif_427648126384146252.dir
[29] = C:\Users\jty\Desktop\navigation-master\CYT4BB7_Library-master\CYT4BB7_Library-master\Example\Motherboard_Demo\E4_imu\luntui_3\iar\Debug_m7_0\Obj\smif_mem_6470536964353725183.dir
[30] = C:\Users\jty\Desktop\navigation-master\CYT4BB7_Library-master\CYT4BB7_Library-master\Example\Motherboard_Demo\E4_imu\luntui_3\iar\Debug_m7_0\Obj\srom_13018798572330080582.dir
[31] = C:\Users\jty\Desktop\navigation-master\CYT4BB7_Library-master\CYT4BB7_Library-master\Example\Motherboard_Demo\E4_imu\luntui_3\iar\Debug_m7_0\Obj\startup_479057977785470282.dir
[32] = C:\Users\jty\Desktop\navigation-master\CYT4BB7_Library-master\CYT4BB7_Library-master\Example\Motherboard_Demo\E4_imu\luntui_3\iar\Debug_m7_0\Obj\sw_timer_4215635015939382130.dir
[33] = C:\Users\jty\Desktop\navigation-master\CYT4BB7_Library-master\CYT4BB7_Library-master\Example\Motherboard_Demo\E4_imu\luntui_3\iar\Debug_m7_0\Obj\sysclk_16149231235676103872.dir
[34] = C:\Users\jty\Desktop\navigation-master\CYT4BB7_Library-master\CYT4BB7_Library-master\Example\Motherboard_Demo\E4_imu\luntui_3\iar\Debug_m7_0\Obj\sysflt_12293435975120599261.dir
[35] = C:\Users\jty\Desktop\navigation-master\CYT4BB7_Library-master\CYT4BB7_Library-master\Example\Motherboard_Demo\E4_imu\luntui_3\iar\Debug_m7_0\Obj\sysint_7435970359207984181.dir
[36] = C:\Users\jty\Desktop\navigation-master\CYT4BB7_Library-master\CYT4BB7_Library-master\Example\Motherboard_Demo\E4_imu\luntui_3\iar\Debug_m7_0\Obj\syslib_16330585751512546975.dir
[37] = C:\Users\jty\Desktop\navigation-master\CYT4BB7_Library-master\CYT4BB7_Library-master\Example\Motherboard_Demo\E4_imu\luntui_3\iar\Debug_m7_0\Obj\syspm_10887939769544754770.dir
[38] = C:\Users\jty\Desktop\navigation-master\CYT4BB7_Library-master\CYT4BB7_Library-master\Example\Motherboard_Demo\E4_imu\luntui_3\iar\Debug_m7_0\Obj\sysreghc_17676636058511625587.dir
[39] = C:\Users\jty\Desktop\navigation-master\CYT4BB7_Library-master\CYT4BB7_Library-master\Example\Motherboard_Demo\E4_imu\luntui_3\iar\Debug_m7_0\Obj\sysreset_14586141425677365288.dir
[40] = C:\Users\jty\Desktop\navigation-master\CYT4BB7_Library-master\CYT4BB7_Library-master\Example\Motherboard_Demo\E4_imu\luntui_3\iar\Debug_m7_0\Obj\sysrtc_10747768817563771611.dir
[41] = C:\Users\jty\Desktop\navigation-master\CYT4BB7_Library-master\CYT4BB7_Library-master\Example\Motherboard_Demo\E4_imu\luntui_3\iar\Debug_m7_0\Obj\systick_16016591671695740695.dir
[42] = C:\Users\jty\Desktop\navigation-master\CYT4BB7_Library-master\CYT4BB7_Library-master\Example\Motherboard_Demo\E4_imu\luntui_3\iar\Debug_m7_0\Obj\syswdt_9118657615806274156.dir
[43] = C:\Users\jty\Desktop\navigation-master\CYT4BB7_Library-master\CYT4BB7_Library-master\Example\Motherboard_Demo\E4_imu\luntui_3\iar\Debug_m7_0\Obj\tcpwm_422923530147891246.dir
[44] = C:\Users\jty\Desktop\navigation-master\CYT4BB7_Library-master\CYT4BB7_Library-master\Example\Motherboard_Demo\E4_imu\luntui_3\iar\Debug_m7_0\Obj\trigmux_9729677290734583340.dir
[45] = C:\Users\jty\Desktop\navigation-master\CYT4BB7_Library-master\CYT4BB7_Library-master\Example\Motherboard_Demo\E4_imu\luntui_3\iar\Debug_m7_0\Obj\user_8514941877209965082.dir
[46] = C:\Users\jty\Desktop\navigation-master\CYT4BB7_Library-master\CYT4BB7_Library-master\Example\Motherboard_Demo\E4_imu\luntui_3\iar\Debug_m7_0\Obj\zf_common_1201165462030747823.dir
[47] = C:\Users\jty\Desktop\navigation-master\CYT4BB7_Library-master\CYT4BB7_Library-master\Example\Motherboard_Demo\E4_imu\luntui_3\iar\Debug_m7_0\Obj\zf_components_14936052685886095442.dir
[48] = C:\Users\jty\Desktop\navigation-master\CYT4BB7_Library-master\CYT4BB7_Library-master\Example\Motherboard_Demo\E4_imu\luntui_3\iar\Debug_m7_0\Obj\zf_device_6570275422786408770.dir
[49] = C:\Users\jty\Desktop\navigation-master\CYT4BB7_Library-master\CYT4BB7_Library-master\Example\Motherboard_Demo\E4_imu\luntui_3\iar\Debug_m7_0\Obj\zf_driver_11922370083829174090.dir
[50] = dl7M_tln.a
[51] = m7M_tlv.a
[52] = rt7M_tl.a
[53] = shb_l.a
[54] = zf_device_config.a

  50'514 bytes of readonly  code memory
   4'954 bytes of readonly  data memory
  72'164 bytes of readwrite data memory (+ 22'564 absolute)

Errors: none
Warnings: none
