###############################################################################
#
# IAR ELF Linker V9.40.1.364/W64 for ARM                  24/May/2026  00:04:26
# Copyright 2007-2023 IAR Systems AB.
#
#    Output file  =
#        C:\Users\jty\Desktop\CYT4BB7_Library-master\Example\Motherboard_Demo\E4_imu\luntui\iar\project_config\Debug_m7_0\Exe\cyt4bb7_cm_7_0.out
#    Map file     =
#        C:\Users\jty\Desktop\CYT4BB7_Library-master\Example\Motherboard_Demo\E4_imu\luntui\iar\Debug_m7_0\List\cyt4bb7_cm_7_0.map
#    Command line =
#        -f
#        C:\Users\jty\Desktop\CYT4BB7_Library-master\Example\Motherboard_Demo\E4_imu\luntui\iar\project_config\Debug_m7_0\Exe\cyt4bb7_cm_7_0.out.rsp
#        (C:\Users\jty\Desktop\CYT4BB7_Library-master\Example\Motherboard_Demo\E4_imu\luntui\iar\Debug_m7_0\Obj\user_8514941877209965082.dir\cm7_0_isr.o
#        C:\Users\jty\Desktop\CYT4BB7_Library-master\Example\Motherboard_Demo\E4_imu\luntui\iar\Debug_m7_0\Obj\adc_11722776235721520015.dir\cy_adc.o
#        C:\Users\jty\Desktop\CYT4BB7_Library-master\Example\Motherboard_Demo\E4_imu\luntui\iar\Debug_m7_0\Obj\button_4990804375159372270.dir\cy_button.o
#        C:\Users\jty\Desktop\CYT4BB7_Library-master\Example\Motherboard_Demo\E4_imu\luntui\iar\Debug_m7_0\Obj\canfd_1800690984773873875.dir\cy_canfd.o
#        C:\Users\jty\Desktop\CYT4BB7_Library-master\Example\Motherboard_Demo\E4_imu\luntui\iar\Debug_m7_0\Obj\cpu_15938736945165268644.dir\cy_cpu.o
#        C:\Users\jty\Desktop\CYT4BB7_Library-master\Example\Motherboard_Demo\E4_imu\luntui\iar\Debug_m7_0\Obj\crypto_1190170608956581615.dir\cy_crypto_config.o
#        C:\Users\jty\Desktop\CYT4BB7_Library-master\Example\Motherboard_Demo\E4_imu\luntui\iar\Debug_m7_0\Obj\eth_phy_18133017486186456677.dir\cy_dp83867.o
#        C:\Users\jty\Desktop\CYT4BB7_Library-master\Example\Motherboard_Demo\E4_imu\luntui\iar\Debug_m7_0\Obj\ethernet_6029839089178797009.dir\cy_ethif.o
#        C:\Users\jty\Desktop\CYT4BB7_Library-master\Example\Motherboard_Demo\E4_imu\luntui\iar\Debug_m7_0\Obj\evtgen_3404189088603873129.dir\cy_evtgen.o
#        C:\Users\jty\Desktop\CYT4BB7_Library-master\Example\Motherboard_Demo\E4_imu\luntui\iar\Debug_m7_0\Obj\flash_8529866181315662935.dir\cy_flash.o
#        C:\Users\jty\Desktop\CYT4BB7_Library-master\Example\Motherboard_Demo\E4_imu\luntui\iar\Debug_m7_0\Obj\gpio_3999404635324069351.dir\cy_gpio.o
#        C:\Users\jty\Desktop\CYT4BB7_Library-master\Example\Motherboard_Demo\E4_imu\luntui\iar\Debug_m7_0\Obj\audioss_1346650047966882938.dir\cy_i2s.o
#        C:\Users\jty\Desktop\CYT4BB7_Library-master\Example\Motherboard_Demo\E4_imu\luntui\iar\Debug_m7_0\Obj\rev_b_6162237342861132223.dir\cy_interrupt_map.o
#        C:\Users\jty\Desktop\CYT4BB7_Library-master\Example\Motherboard_Demo\E4_imu\luntui\iar\Debug_m7_0\Obj\ipc_10145506163450686023.dir\cy_ipc_drv.o
#        C:\Users\jty\Desktop\CYT4BB7_Library-master\Example\Motherboard_Demo\E4_imu\luntui\iar\Debug_m7_0\Obj\ipc_10145506163450686023.dir\cy_ipc_pipe.o
#        C:\Users\jty\Desktop\CYT4BB7_Library-master\Example\Motherboard_Demo\E4_imu\luntui\iar\Debug_m7_0\Obj\ipc_10145506163450686023.dir\cy_ipc_sema.o
#        C:\Users\jty\Desktop\CYT4BB7_Library-master\Example\Motherboard_Demo\E4_imu\luntui\iar\Debug_m7_0\Obj\lin_18429031207028094880.dir\cy_lin.o
#        C:\Users\jty\Desktop\CYT4BB7_Library-master\Example\Motherboard_Demo\E4_imu\luntui\iar\Debug_m7_0\Obj\lvd_6353935867039560245.dir\cy_lvd.o
#        C:\Users\jty\Desktop\CYT4BB7_Library-master\Example\Motherboard_Demo\E4_imu\luntui\iar\Debug_m7_0\Obj\mcwdt_4052485907822033969.dir\cy_mcwdt.o
#        C:\Users\jty\Desktop\CYT4BB7_Library-master\Example\Motherboard_Demo\E4_imu\luntui\iar\Debug_m7_0\Obj\dma_12106025507578611576.dir\cy_mdma.o
#        C:\Users\jty\Desktop\CYT4BB7_Library-master\Example\Motherboard_Demo\E4_imu\luntui\iar\Debug_m7_0\Obj\mpu_5663187252346826382.dir\cy_mpu.o
#        C:\Users\jty\Desktop\CYT4BB7_Library-master\Example\Motherboard_Demo\E4_imu\luntui\iar\Debug_m7_0\Obj\flash_864493325053435817.dir\cy_mw_flash.o
#        C:\Users\jty\Desktop\CYT4BB7_Library-master\Example\Motherboard_Demo\E4_imu\luntui\iar\Debug_m7_0\Obj\dma_12106025507578611576.dir\cy_pdma.o
#        C:\Users\jty\Desktop\CYT4BB7_Library-master\Example\Motherboard_Demo\E4_imu\luntui\iar\Debug_m7_0\Obj\power_14453085144426420577.dir\cy_power.o
#        C:\Users\jty\Desktop\CYT4BB7_Library-master\Example\Motherboard_Demo\E4_imu\luntui\iar\Debug_m7_0\Obj\prot_10722960861768657883.dir\cy_prot.o
#        C:\Users\jty\Desktop\CYT4BB7_Library-master\Example\Motherboard_Demo\E4_imu\luntui\iar\Debug_m7_0\Obj\scb_15490842639181808494.dir\cy_scb_common.o
#        C:\Users\jty\Desktop\CYT4BB7_Library-master\Example\Motherboard_Demo\E4_imu\luntui\iar\Debug_m7_0\Obj\scb_15490842639181808494.dir\cy_scb_ezi2c.o
#        C:\Users\jty\Desktop\CYT4BB7_Library-master\Example\Motherboard_Demo\E4_imu\luntui\iar\Debug_m7_0\Obj\scb_15490842639181808494.dir\cy_scb_i2c.o
#        C:\Users\jty\Desktop\CYT4BB7_Library-master\Example\Motherboard_Demo\E4_imu\luntui\iar\Debug_m7_0\Obj\scb_15490842639181808494.dir\cy_scb_spi.o
#        C:\Users\jty\Desktop\CYT4BB7_Library-master\Example\Motherboard_Demo\E4_imu\luntui\iar\Debug_m7_0\Obj\scb_15490842639181808494.dir\cy_scb_uart.o
#        C:\Users\jty\Desktop\CYT4BB7_Library-master\Example\Motherboard_Demo\E4_imu\luntui\iar\Debug_m7_0\Obj\sd_host_2982766354293506895.dir\cy_sd_host.o
#        C:\Users\jty\Desktop\CYT4BB7_Library-master\Example\Motherboard_Demo\E4_imu\luntui\iar\Debug_m7_0\Obj\semihosting_143864889731838620.dir\cy_semihosting.o
#        C:\Users\jty\Desktop\CYT4BB7_Library-master\Example\Motherboard_Demo\E4_imu\luntui\iar\Debug_m7_0\Obj\smartio_5451710003740070188.dir\cy_smartio.o
#        C:\Users\jty\Desktop\CYT4BB7_Library-master\Example\Motherboard_Demo\E4_imu\luntui\iar\Debug_m7_0\Obj\smif_427648126384146252.dir\cy_smif.o
#        C:\Users\jty\Desktop\CYT4BB7_Library-master\Example\Motherboard_Demo\E4_imu\luntui\iar\Debug_m7_0\Obj\smif_mem_6470536964353725183.dir\cy_smif_device_common.o
#        C:\Users\jty\Desktop\CYT4BB7_Library-master\Example\Motherboard_Demo\E4_imu\luntui\iar\Debug_m7_0\Obj\smif_mem_6470536964353725183.dir\cy_smif_hb_flash.o
#        C:\Users\jty\Desktop\CYT4BB7_Library-master\Example\Motherboard_Demo\E4_imu\luntui\iar\Debug_m7_0\Obj\smif_427648126384146252.dir\cy_smif_memslot.o
#        C:\Users\jty\Desktop\CYT4BB7_Library-master\Example\Motherboard_Demo\E4_imu\luntui\iar\Debug_m7_0\Obj\smif_mem_6470536964353725183.dir\cy_smif_s25fl.o
#        C:\Users\jty\Desktop\CYT4BB7_Library-master\Example\Motherboard_Demo\E4_imu\luntui\iar\Debug_m7_0\Obj\smif_mem_6470536964353725183.dir\cy_smif_s25fs.o
#        C:\Users\jty\Desktop\CYT4BB7_Library-master\Example\Motherboard_Demo\E4_imu\luntui\iar\Debug_m7_0\Obj\smif_mem_6470536964353725183.dir\cy_smif_semp.o
#        C:\Users\jty\Desktop\CYT4BB7_Library-master\Example\Motherboard_Demo\E4_imu\luntui\iar\Debug_m7_0\Obj\smif_427648126384146252.dir\cy_smif_ver_specific.o
#        C:\Users\jty\Desktop\CYT4BB7_Library-master\Example\Motherboard_Demo\E4_imu\luntui\iar\Debug_m7_0\Obj\srom_13018798572330080582.dir\cy_srom.o
#        C:\Users\jty\Desktop\CYT4BB7_Library-master\Example\Motherboard_Demo\E4_imu\luntui\iar\Debug_m7_0\Obj\sw_timer_4215635015939382130.dir\cy_sw_tmr.o
#        C:\Users\jty\Desktop\CYT4BB7_Library-master\Example\Motherboard_Demo\E4_imu\luntui\iar\Debug_m7_0\Obj\sysclk_16149231235676103872.dir\cy_sysclk.o
#        C:\Users\jty\Desktop\CYT4BB7_Library-master\Example\Motherboard_Demo\E4_imu\luntui\iar\Debug_m7_0\Obj\sysflt_12293435975120599261.dir\cy_sysflt.o
#        C:\Users\jty\Desktop\CYT4BB7_Library-master\Example\Motherboard_Demo\E4_imu\luntui\iar\Debug_m7_0\Obj\sysint_7435970359207984181.dir\cy_sysint.o
#        C:\Users\jty\Desktop\CYT4BB7_Library-master\Example\Motherboard_Demo\E4_imu\luntui\iar\Debug_m7_0\Obj\syslib_16330585751512546975.dir\cy_syslib.o
#        C:\Users\jty\Desktop\CYT4BB7_Library-master\Example\Motherboard_Demo\E4_imu\luntui\iar\Debug_m7_0\Obj\syslib_16330585751512546975.dir\cy_syslib_iar.o
#        C:\Users\jty\Desktop\CYT4BB7_Library-master\Example\Motherboard_Demo\E4_imu\luntui\iar\Debug_m7_0\Obj\syspm_10887939769544754770.dir\cy_syspm.o
#        C:\Users\jty\Desktop\CYT4BB7_Library-master\Example\Motherboard_Demo\E4_imu\luntui\iar\Debug_m7_0\Obj\sysreghc_17676636058511625587.dir\cy_sysreghc.o
#        C:\Users\jty\Desktop\CYT4BB7_Library-master\Example\Motherboard_Demo\E4_imu\luntui\iar\Debug_m7_0\Obj\sysreset_14586141425677365288.dir\cy_sysreset.o
#        C:\Users\jty\Desktop\CYT4BB7_Library-master\Example\Motherboard_Demo\E4_imu\luntui\iar\Debug_m7_0\Obj\sysrtc_10747768817563771611.dir\cy_sysrtc.o
#        C:\Users\jty\Desktop\CYT4BB7_Library-master\Example\Motherboard_Demo\E4_imu\luntui\iar\Debug_m7_0\Obj\systick_16016591671695740695.dir\cy_systick.o
#        C:\Users\jty\Desktop\CYT4BB7_Library-master\Example\Motherboard_Demo\E4_imu\luntui\iar\Debug_m7_0\Obj\syswdt_9118657615806274156.dir\cy_syswdt.o
#        C:\Users\jty\Desktop\CYT4BB7_Library-master\Example\Motherboard_Demo\E4_imu\luntui\iar\Debug_m7_0\Obj\tcpwm_422923530147891246.dir\cy_tcpwm.o
#        C:\Users\jty\Desktop\CYT4BB7_Library-master\Example\Motherboard_Demo\E4_imu\luntui\iar\Debug_m7_0\Obj\tcpwm_422923530147891246.dir\cy_tcpwm_counter.o
#        C:\Users\jty\Desktop\CYT4BB7_Library-master\Example\Motherboard_Demo\E4_imu\luntui\iar\Debug_m7_0\Obj\tcpwm_422923530147891246.dir\cy_tcpwm_pwm.o
#        C:\Users\jty\Desktop\CYT4BB7_Library-master\Example\Motherboard_Demo\E4_imu\luntui\iar\Debug_m7_0\Obj\tcpwm_422923530147891246.dir\cy_tcpwm_quaddec.o
#        C:\Users\jty\Desktop\CYT4BB7_Library-master\Example\Motherboard_Demo\E4_imu\luntui\iar\Debug_m7_0\Obj\tcpwm_422923530147891246.dir\cy_tcpwm_sr.o
#        C:\Users\jty\Desktop\CYT4BB7_Library-master\Example\Motherboard_Demo\E4_imu\luntui\iar\Debug_m7_0\Obj\trigmux_9729677290734583340.dir\cy_trigmux.o
#        C:\Users\jty\Desktop\CYT4BB7_Library-master\Example\Motherboard_Demo\E4_imu\luntui\iar\Debug_m7_0\Obj\ethernet_6029839089178797009.dir\edd.o
#        C:\Users\jty\Desktop\CYT4BB7_Library-master\Example\Motherboard_Demo\E4_imu\luntui\iar\Debug_m7_0\Obj\ethernet_6029839089178797009.dir\edd_rx.o
#        C:\Users\jty\Desktop\CYT4BB7_Library-master\Example\Motherboard_Demo\E4_imu\luntui\iar\Debug_m7_0\Obj\ethernet_6029839089178797009.dir\edd_tx.o
#        C:\Users\jty\Desktop\CYT4BB7_Library-master\Example\Motherboard_Demo\E4_imu\luntui\iar\Debug_m7_0\Obj\code_17896468042025673432.dir\flash.o
#        C:\Users\jty\Desktop\CYT4BB7_Library-master\Example\Motherboard_Demo\E4_imu\luntui\iar\Debug_m7_0\Obj\code_17896468042025673432.dir\key.o
#        C:\Users\jty\Desktop\CYT4BB7_Library-master\Example\Motherboard_Demo\E4_imu\luntui\iar\Debug_m7_0\Obj\code_17896468042025673432.dir\leg_control.o
#        C:\Users\jty\Desktop\CYT4BB7_Library-master\Example\Motherboard_Demo\E4_imu\luntui\iar\Debug_m7_0\Obj\user_8514941877209965082.dir\main_cm7_0.o
#        C:\Users\jty\Desktop\CYT4BB7_Library-master\Example\Motherboard_Demo\E4_imu\luntui\iar\Debug_m7_0\Obj\code_17896468042025673432.dir\menu.o
#        C:\Users\jty\Desktop\CYT4BB7_Library-master\Example\Motherboard_Demo\E4_imu\luntui\iar\Debug_m7_0\Obj\code_17896468042025673432.dir\motor_control.o
#        C:\Users\jty\Desktop\CYT4BB7_Library-master\Example\Motherboard_Demo\E4_imu\luntui\iar\Debug_m7_0\Obj\code_17896468042025673432.dir\navigation.o
#        C:\Users\jty\Desktop\CYT4BB7_Library-master\Example\Motherboard_Demo\E4_imu\luntui\iar\Debug_m7_0\Obj\code_17896468042025673432.dir\pid.o
#        C:\Users\jty\Desktop\CYT4BB7_Library-master\Example\Motherboard_Demo\E4_imu\luntui\iar\Debug_m7_0\Obj\zf_components_14936052685886095442.dir\seekfree_assistant.o
#        C:\Users\jty\Desktop\CYT4BB7_Library-master\Example\Motherboard_Demo\E4_imu\luntui\iar\Debug_m7_0\Obj\zf_components_14936052685886095442.dir\seekfree_assistant_interface.o
#        C:\Users\jty\Desktop\CYT4BB7_Library-master\Example\Motherboard_Demo\E4_imu\luntui\iar\Debug_m7_0\Obj\code_17896468042025673432.dir\small_driver_uart_control.o
#        C:\Users\jty\Desktop\CYT4BB7_Library-master\Example\Motherboard_Demo\E4_imu\luntui\iar\Debug_m7_0\Obj\startup_479057977785470282.dir\startup.o
#        C:\Users\jty\Desktop\CYT4BB7_Library-master\Example\Motherboard_Demo\E4_imu\luntui\iar\Debug_m7_0\Obj\startup_479057977785470282.dir\startup_cm7.o
#        C:\Users\jty\Desktop\CYT4BB7_Library-master\Example\Motherboard_Demo\E4_imu\luntui\iar\Debug_m7_0\Obj\rev_b_4986922561640112550.dir\system_tviibh4m_cm7.o
#        C:\Users\jty\Desktop\CYT4BB7_Library-master\Example\Motherboard_Demo\E4_imu\luntui\iar\Debug_m7_0\Obj\zf_common_1201165462030747823.dir\zf_common_clock.o
#        C:\Users\jty\Desktop\CYT4BB7_Library-master\Example\Motherboard_Demo\E4_imu\luntui\iar\Debug_m7_0\Obj\zf_common_1201165462030747823.dir\zf_common_debug.o
#        C:\Users\jty\Desktop\CYT4BB7_Library-master\Example\Motherboard_Demo\E4_imu\luntui\iar\Debug_m7_0\Obj\zf_common_1201165462030747823.dir\zf_common_fifo.o
#        C:\Users\jty\Desktop\CYT4BB7_Library-master\Example\Motherboard_Demo\E4_imu\luntui\iar\Debug_m7_0\Obj\zf_common_1201165462030747823.dir\zf_common_font.o
#        C:\Users\jty\Desktop\CYT4BB7_Library-master\Example\Motherboard_Demo\E4_imu\luntui\iar\Debug_m7_0\Obj\zf_common_1201165462030747823.dir\zf_common_function.o
#        C:\Users\jty\Desktop\CYT4BB7_Library-master\Example\Motherboard_Demo\E4_imu\luntui\iar\Debug_m7_0\Obj\zf_common_1201165462030747823.dir\zf_common_interrupt.o
#        C:\Users\jty\Desktop\CYT4BB7_Library-master\Example\Motherboard_Demo\E4_imu\luntui\iar\Debug_m7_0\Obj\zf_device_6570275422786408770.dir\zf_device_ble6a20.o
#        C:\Users\jty\Desktop\CYT4BB7_Library-master\Example\Motherboard_Demo\E4_imu\luntui\iar\Debug_m7_0\Obj\zf_device_6570275422786408770.dir\zf_device_dl1a.o
#        C:\Users\jty\Desktop\CYT4BB7_Library-master\Example\Motherboard_Demo\E4_imu\luntui\iar\Debug_m7_0\Obj\zf_device_6570275422786408770.dir\zf_device_dl1b.o
#        C:\Users\jty\Desktop\CYT4BB7_Library-master\Example\Motherboard_Demo\E4_imu\luntui\iar\Debug_m7_0\Obj\zf_device_6570275422786408770.dir\zf_device_gnss.o
#        C:\Users\jty\Desktop\CYT4BB7_Library-master\Example\Motherboard_Demo\E4_imu\luntui\iar\Debug_m7_0\Obj\zf_device_6570275422786408770.dir\zf_device_icm20602.o
#        C:\Users\jty\Desktop\CYT4BB7_Library-master\Example\Motherboard_Demo\E4_imu\luntui\iar\Debug_m7_0\Obj\zf_device_6570275422786408770.dir\zf_device_imu660ra.o
#        C:\Users\jty\Desktop\CYT4BB7_Library-master\Example\Motherboard_Demo\E4_imu\luntui\iar\Debug_m7_0\Obj\zf_device_6570275422786408770.dir\zf_device_imu660rb.o
#        C:\Users\jty\Desktop\CYT4BB7_Library-master\Example\Motherboard_Demo\E4_imu\luntui\iar\Debug_m7_0\Obj\zf_device_6570275422786408770.dir\zf_device_imu660rc.o
#        C:\Users\jty\Desktop\CYT4BB7_Library-master\Example\Motherboard_Demo\E4_imu\luntui\iar\Debug_m7_0\Obj\zf_device_6570275422786408770.dir\zf_device_imu963ra.o
#        C:\Users\jty\Desktop\CYT4BB7_Library-master\Example\Motherboard_Demo\E4_imu\luntui\iar\Debug_m7_0\Obj\zf_device_6570275422786408770.dir\zf_device_ips114.o
#        C:\Users\jty\Desktop\CYT4BB7_Library-master\Example\Motherboard_Demo\E4_imu\luntui\iar\Debug_m7_0\Obj\zf_device_6570275422786408770.dir\zf_device_ips200.o
#        C:\Users\jty\Desktop\CYT4BB7_Library-master\Example\Motherboard_Demo\E4_imu\luntui\iar\Debug_m7_0\Obj\zf_device_6570275422786408770.dir\zf_device_ips200pro.o
#        C:\Users\jty\Desktop\CYT4BB7_Library-master\Example\Motherboard_Demo\E4_imu\luntui\iar\Debug_m7_0\Obj\zf_device_6570275422786408770.dir\zf_device_key.o
#        C:\Users\jty\Desktop\CYT4BB7_Library-master\Example\Motherboard_Demo\E4_imu\luntui\iar\Debug_m7_0\Obj\zf_device_6570275422786408770.dir\zf_device_lora3a22.o
#        C:\Users\jty\Desktop\CYT4BB7_Library-master\Example\Motherboard_Demo\E4_imu\luntui\iar\Debug_m7_0\Obj\zf_device_6570275422786408770.dir\zf_device_menc15a.o
#        C:\Users\jty\Desktop\CYT4BB7_Library-master\Example\Motherboard_Demo\E4_imu\luntui\iar\Debug_m7_0\Obj\zf_device_6570275422786408770.dir\zf_device_mt9v03x.o
#        C:\Users\jty\Desktop\CYT4BB7_Library-master\Example\Motherboard_Demo\E4_imu\luntui\iar\Debug_m7_0\Obj\zf_device_6570275422786408770.dir\zf_device_oled.o
#        C:\Users\jty\Desktop\CYT4BB7_Library-master\Example\Motherboard_Demo\E4_imu\luntui\iar\Debug_m7_0\Obj\zf_device_6570275422786408770.dir\zf_device_pmw3901.o
#        C:\Users\jty\Desktop\CYT4BB7_Library-master\Example\Motherboard_Demo\E4_imu\luntui\iar\Debug_m7_0\Obj\zf_device_6570275422786408770.dir\zf_device_tft180.o
#        C:\Users\jty\Desktop\CYT4BB7_Library-master\Example\Motherboard_Demo\E4_imu\luntui\iar\Debug_m7_0\Obj\zf_device_6570275422786408770.dir\zf_device_tsl1401.o
#        C:\Users\jty\Desktop\CYT4BB7_Library-master\Example\Motherboard_Demo\E4_imu\luntui\iar\Debug_m7_0\Obj\zf_device_6570275422786408770.dir\zf_device_type.o
#        C:\Users\jty\Desktop\CYT4BB7_Library-master\Example\Motherboard_Demo\E4_imu\luntui\iar\Debug_m7_0\Obj\zf_device_6570275422786408770.dir\zf_device_uart_receiver.o
#        C:\Users\jty\Desktop\CYT4BB7_Library-master\Example\Motherboard_Demo\E4_imu\luntui\iar\Debug_m7_0\Obj\zf_device_6570275422786408770.dir\zf_device_wifi_spi.o
#        C:\Users\jty\Desktop\CYT4BB7_Library-master\Example\Motherboard_Demo\E4_imu\luntui\iar\Debug_m7_0\Obj\zf_device_6570275422786408770.dir\zf_device_wifi_uart.o
#        C:\Users\jty\Desktop\CYT4BB7_Library-master\Example\Motherboard_Demo\E4_imu\luntui\iar\Debug_m7_0\Obj\zf_device_6570275422786408770.dir\zf_device_wireless_uart.o
#        C:\Users\jty\Desktop\CYT4BB7_Library-master\Example\Motherboard_Demo\E4_imu\luntui\iar\Debug_m7_0\Obj\zf_driver_11922370083829174090.dir\zf_driver_adc.o
#        C:\Users\jty\Desktop\CYT4BB7_Library-master\Example\Motherboard_Demo\E4_imu\luntui\iar\Debug_m7_0\Obj\zf_driver_11922370083829174090.dir\zf_driver_delay.o
#        C:\Users\jty\Desktop\CYT4BB7_Library-master\Example\Motherboard_Demo\E4_imu\luntui\iar\Debug_m7_0\Obj\zf_driver_11922370083829174090.dir\zf_driver_dma.o
#        C:\Users\jty\Desktop\CYT4BB7_Library-master\Example\Motherboard_Demo\E4_imu\luntui\iar\Debug_m7_0\Obj\zf_driver_11922370083829174090.dir\zf_driver_encoder.o
#        C:\Users\jty\Desktop\CYT4BB7_Library-master\Example\Motherboard_Demo\E4_imu\luntui\iar\Debug_m7_0\Obj\zf_driver_11922370083829174090.dir\zf_driver_exti.o
#        C:\Users\jty\Desktop\CYT4BB7_Library-master\Example\Motherboard_Demo\E4_imu\luntui\iar\Debug_m7_0\Obj\zf_driver_11922370083829174090.dir\zf_driver_flash.o
#        C:\Users\jty\Desktop\CYT4BB7_Library-master\Example\Motherboard_Demo\E4_imu\luntui\iar\Debug_m7_0\Obj\zf_driver_11922370083829174090.dir\zf_driver_gpio.o
#        C:\Users\jty\Desktop\CYT4BB7_Library-master\Example\Motherboard_Demo\E4_imu\luntui\iar\Debug_m7_0\Obj\zf_driver_11922370083829174090.dir\zf_driver_ipc.o
#        C:\Users\jty\Desktop\CYT4BB7_Library-master\Example\Motherboard_Demo\E4_imu\luntui\iar\Debug_m7_0\Obj\zf_driver_11922370083829174090.dir\zf_driver_pit.o
#        C:\Users\jty\Desktop\CYT4BB7_Library-master\Example\Motherboard_Demo\E4_imu\luntui\iar\Debug_m7_0\Obj\zf_driver_11922370083829174090.dir\zf_driver_pwm.o
#        C:\Users\jty\Desktop\CYT4BB7_Library-master\Example\Motherboard_Demo\E4_imu\luntui\iar\Debug_m7_0\Obj\zf_driver_11922370083829174090.dir\zf_driver_soft_iic.o
#        C:\Users\jty\Desktop\CYT4BB7_Library-master\Example\Motherboard_Demo\E4_imu\luntui\iar\Debug_m7_0\Obj\zf_driver_11922370083829174090.dir\zf_driver_soft_spi.o
#        C:\Users\jty\Desktop\CYT4BB7_Library-master\Example\Motherboard_Demo\E4_imu\luntui\iar\Debug_m7_0\Obj\zf_driver_11922370083829174090.dir\zf_driver_spi.o
#        C:\Users\jty\Desktop\CYT4BB7_Library-master\Example\Motherboard_Demo\E4_imu\luntui\iar\Debug_m7_0\Obj\zf_driver_11922370083829174090.dir\zf_driver_timer.o
#        C:\Users\jty\Desktop\CYT4BB7_Library-master\Example\Motherboard_Demo\E4_imu\luntui\iar\Debug_m7_0\Obj\zf_driver_11922370083829174090.dir\zf_driver_uart.o
#        --no_out_extension -o
#        C:\Users\jty\Desktop\CYT4BB7_Library-master\Example\Motherboard_Demo\E4_imu\luntui\iar\project_config\Debug_m7_0\Exe\cyt4bb7_cm_7_0.out
#        --config_def _CORE_cm7_0_=0 --config_def _LINK_flash_=0 --map
#        C:\Users\jty\Desktop\CYT4BB7_Library-master\Example\Motherboard_Demo\E4_imu\luntui\iar\Debug_m7_0\List\cyt4bb7_cm_7_0.map
#        --config
#        C:\Users\jty\Desktop\CYT4BB7_Library-master\Example\Motherboard_Demo\E4_imu\luntui\iar\project_config\..\icf\linker_directives_tviibh.icf
#        --semihosting
#        C:\Users\jty\Desktop\CYT4BB7_Library-master\Example\Motherboard_Demo\E4_imu\luntui\iar\project_config\..\..\..\libraries\sdk\tviibh4m\src\drivers\crypto\libs\libcrypto_server_cm0plus_iar.a
#        C:\Users\jty\Desktop\CYT4BB7_Library-master\Example\Motherboard_Demo\E4_imu\luntui\iar\project_config\..\..\..\libraries\zf_device\zf_device_config.a
#        C:\Users\jty\Desktop\CYT4BB7_Library-master\Example\Motherboard_Demo\E4_imu\luntui\iar\project_config\..\..\..\libraries\sdk\common\hdr\cmsis\dsp\iar_cortexM7lf_math.a
#        --entry __iar_program_start --vfe --text_out locale --cpu=Cortex-M7
#        --fpu=VFPv5_d16) --dependencies=n
#        C:\Users\jty\Desktop\CYT4BB7_Library-master\Example\Motherboard_Demo\E4_imu\luntui\iar\project_config\Debug_m7_0\Exe\cyt4bb7_cm_7_0.out.iar_deps
#
###############################################################################

*******************************************************************************
*** RUNTIME MODEL ATTRIBUTES
***

CppFlavor       = *
__CPP_Runtime   = 1
__Heap_Handler  = Basic
__SystemLibrary = DLib
__dlib_version  = 6


*******************************************************************************
*** HEAP SELECTION
***

The basic heap was selected because --advanced_heap
was not specified and the application did not appear to
be primarily optimized for speed.


*******************************************************************************
*** PLACEMENT SUMMARY
***

"A0":  place at start of [from 0x1008'0000 to 0x1027'ffff] { section .intvec };
"P1":  place in [from 0x1008'0000 to 0x1027'ffff] { ro };
"P2":  place in [from 0x2802'0000 to 0x2807'ffff] { rw };
define block HEAP with size = 1K, alignment = 8 { };
define block CSTACK with size = 8K, alignment = 8 { };
define block HEAP_STACK { block HEAP, last block CSTACK };
"A1":  place at end of [from 0x2802'0000 to 0x2807'ffff] { block HEAP_STACK };
do not initialize { section .intvec_ram };
initialize by copy { rw };

No sections matched the following patterns:

  ro section .sflash_app_prot  in "P6"
  ro section .sflash_nar       in "P4"
  ro section .sflash_pkey      in "P5"
  ro section .sflash_toc2      in "P7"
  ro section .sflash_uf_rows   in "P3"
  ro section .work_flash       in "P8"
  section .global_ram_data     in "P9"


  Section            Kind         Address    Size  Object
  -------            ----         -------    ----  ------
"A0":                                        0x80
  .intvec            ro code  0x1008'0000    0x80  startup_cm7.o [31]
                            - 0x1008'0080    0x80

"P1":                                      0xbdfa
  .text              ro code  0x1008'0080   0xeae  xprintffull_nomb.o [50]
  .text              ro code  0x1008'0f2e    0x7e  lz77_init_single.o [52]
  .text              ro code  0x1008'0fac    0x16  strchr.o [52]
  .text              ro code  0x1008'0fc2     0xa  xsprout.o [50]
  .text              ro code  0x1008'0fcc    0x40  xfail_s.o [50]
  .text              ro code  0x1008'100c    0x36  strlen.o [52]
  .text              ro code  0x1008'1044    0x58  memchr.o [52]
  .text              ro code  0x1008'109c    0xa6  ABImemcpy.o [52]
  .text              ro code  0x1008'1144    0x70  frexp.o [51]
  .text              ro code  0x1008'11b4    0x34  DblCmpLe.o [51]
  .text              ro code  0x1008'11e8    0x34  DblCmpGe.o [51]
  .text              ro code  0x1008'121c   0x104  ldexp.o [51]
  .text              ro code  0x1008'1320     0xe  DblToS32.o [51]
  .text              ro code  0x1008'132e     0xe  S32ToDbl.o [51]
  .text              ro code  0x1008'133c    0x12  DblSub.o [51]
  .text              ro code  0x1008'134e    0x12  DblDiv.o [51]
  .text              ro code  0x1008'1360     0xe  DblToU32.o [51]
  .text              ro code  0x1008'136e     0xe  U32ToDbl.o [51]
  .text              ro code  0x1008'137c    0x12  DblMul.o [51]
  .text              ro code  0x1008'1390   0x230  I64DivMod.o [52]
  .text              ro code  0x1008'15c0     0x6  abort.o [50]
  .text              ro code  0x1008'15c8     0x2  I64DivZer.o [52]
  .text              ro code  0x1008'15cc    0x14  exit.o [53]
  .text              ro code  0x1008'15e0   0xe18  zf_driver_pwm.o [49]
  .text              ro code  0x1008'23f8   0x444  zf_common_debug.o [46]
  .text              ro code  0x1008'283c    0x66  ABImemset.o [52]
  .text              ro code  0x1008'28a4   0x194  cy_gpio.o [14]
  .text              ro code  0x1008'2a38   0x20a  cy_tcpwm_pwm.o [43]
  .text              ro code  0x1008'2c42     0xc  cy_tcpwm.o [43]
  .text              ro code  0x1008'2c50   0xaec  zf_driver_uart.o [49]
  .text              ro code  0x1008'373c    0x40  sprintf.o [50]
  .text              ro code  0x1008'377c   0x1f8  zf_common_fifo.o [46]
  .text              ro code  0x1008'3974    0xe2  zf_common_interrupt.o [46]
  .text              ro code  0x1008'3a58     0x6  ABImemclr4.o [52]
  .text              ro code  0x1008'3a60   0x314  cy_scb_uart.o [24]
  .text              ro code  0x1008'3d74    0xac  cy_sysint.o [35]
  .text              ro code  0x1008'3e20    0x32  ABImemset48.o [52]
  .text              ro code  0x1008'3e54   0xc00  zf_driver_spi.o [49]
  .text              ro code  0x1008'4a54   0x1f0  cy_scb_spi.o [24]
  .text              ro code  0x1008'4c44   0xb20  zf_device_tft180.o [48]
  .text              ro code  0x1008'5764    0x16  vla_alloc.o [50]
  .text              ro code  0x1008'577c   0x220  zf_common_function.o [46]
  .text              ro code  0x1008'599c   0x110  zf_driver_gpio.o [49]
  .text              ro code  0x1008'5aac   0x284  zf_driver_delay.o [49]
  .text              ro code  0x1008'5d30   0x13c  heap0.o [50]
  .text              ro code  0x1008'5e6c     0x4  heaptramp0.o [50]
  .text              ro code  0x1008'5e70   0x1ae  cy_tcpwm_counter.o [43]
  .text              ro code  0x1008'6020    0x2c  xgetmemchunk.o [50]
  .text              ro code  0x1008'604c   0x8e8  cy_sysclk.o [33]
  .text              ro code  0x1008'6934    0x70  strncpy.o [52]
  .text              ro code  0x1008'69a4    0xf8  cy_syslib.o [36]
  .text              ro code  0x1008'6a9c     0x2  cy_syslib.o [36]
  .text              ro code  0x1008'6aa0   0x644  leg_control.o [5]
  .text              ro code  0x1008'70e4    0x1e  sqrt.o [51]
  .text              ro code  0x1008'7102     0xc  cy_syslib.o [36]
  .text              ro code  0x1008'7110    0x60  atan.o [51]
  .text              ro code  0x1008'7170   0x118  xatan.o [51]
  .text              ro code  0x1008'7288   0x644  navigation.o [5]
  .text              ro code  0x1008'78cc   0x288  flash.o [5]
  .text              ro code  0x1008'7b54     0x8  abs.o [50]
  .text              ro code  0x1008'7b5c   0x204  zf_driver_flash.o [49]
  .text              ro code  0x1008'7d60   0x2dc  cy_mw_flash.o [13]
  .text              ro code  0x1008'803c   0x2ec  cy_srom.o [30]
  .text              ro code  0x1008'8328   0x4ac  cy_flash.o [12]
  .text              ro code  0x1008'87d4    0x60  cy_ipc_drv.o [15]
  .rodata            const    0x1008'8834   0x5f0  zf_common_font.o [46]
  .text              ro code  0x1008'8e24   0x548  zf_device_imu660rc.o [48]
  .text              ro code  0x1008'936c    0x1e  sqrtf.o [51]
  .text              ro code  0x1008'938c    0x6a  atan2f.o [51]
  .text              ro code  0x1008'93f8    0x5c  asinf.o [51]
  .text              ro code  0x1008'9454    0xdc  zf_driver_exti.o [49]
  .text              ro code  0x1008'9530    0xa4  xatanf.o [51]
  .text              ro code  0x1008'95d4   0x50c  menu.o [5]
  .text              ro code  0x1008'9ae0   0x398  zf_driver_pit.o [49]
  .text              ro code  0x1008'9e78   0x378  cm7_0_isr.o [45]
  .text              ro code  0x1008'a1f0    0xd0  key.o [5]
  .text              ro code  0x1008'a2c0    0xf4  pid.o [5]
  .text              ro code  0x1008'a3b4   0x17a  small_driver_uart_control.o [5]
  .text              ro code  0x1008'a530   0x32c  motor_control.o [5]
  .text              ro code  0x1008'a85c    0x7c  zf_device_tsl1401.o [48]
  .text              ro code  0x1008'a8d8    0x74  zf_device_ble6a20.o [48]
  .text              ro code  0x1008'a94c    0x74  zf_driver_adc.o [49]
  .text              ro code  0x1008'a9c0    0x44  zf_device_type.o [48]
  .rodata            const    0x1008'aa04   0x228  zf_common_font.o [46]
  .text              ro code  0x1008'ac2c   0x204  startup.o [31]
  .text              ro code  0x1008'ae30   0x150  system_tviibh4m_cm7.o [22]
  .text              ro code  0x1008'af80     0x8  startup_cm7.o [31]
  .text              ro code  0x1008'af88     0x6  startup_cm7.o [31]
  .text              ro code  0x1008'af90   0x198  cy_interrupt_map.o [23]
  .text              ro code  0x1008'b128    0xd0  main_cm7_0.o [45]
  .text              ro code  0x1008'b1f8    0x1c  zf_common_clock.o [46]
  .text              ro code  0x1008'b214    0xb0  startup_cm7.o [31]
  .rodata            const    0x1008'b2c4    0x84  cy_sysclk.o [33]
  .rodata            const    0x1008'b348    0x84  cy_sysclk.o [33]
  .rodata            const    0x1008'b3cc    0x84  system_tviibh4m_cm7.o [22]
  .rodata            const    0x1008'b450    0x80  cy_srom.o [30]
  .rodata            const    0x1008'b4d0    0x7c  cy_mw_flash.o [13]
  .rodata            const    0x1008'b54c    0x78  zf_common_function.o [46]
  .rodata            const    0x1008'b5c4    0x78  zf_device_imu660rc.o [48]
  .rodata            const    0x1008'b63c    0x74  zf_common_fifo.o [46]
  .rodata            const    0x1008'b6b0    0x74  zf_device_tft180.o [48]
  .rodata            const    0x1008'b724    0x74  zf_driver_flash.o [49]
  .rodata            const    0x1008'b798    0x74  zf_driver_uart.o [49]
  .rodata            const    0x1008'b80c    0x70  zf_driver_pwm.o [49]
  .rodata            const    0x1008'b87c    0x70  zf_driver_spi.o [49]
  .rodata            const    0x1008'b8ec    0x68  navigation.o [5]
  .text              ro code  0x1008'b954    0x38  zero_init3.o [52]
  .text              ro code  0x1008'b98c    0x28  data_init.o [52]
  .text              ro code  0x1008'b9b4    0x22  fpinit_M.o [51]
  .iar.init_table    const    0x1008'b9d8    0x20  - Linker created -
  .text              ro code  0x1008'b9f8    0x20  startup_cm7.o [31]
  .text              ro code  0x1008'ba20    0x1e  cy_syslib_iar.o [36]
  .text              ro code  0x1008'ba40    0x1e  cmain.o [52]
  .text              ro code  0x1008'ba60     0x4  startup_cm7.o [31]
  .text              ro code  0x1008'ba64     0x4  exit.o [50]
  .text              ro code  0x1008'ba68     0xa  cexit.o [52]
  .rodata            const    0x1008'ba74    0x1c  zf_common_debug.o [46]
  .rodata            const    0x1008'ba90    0x1c  zf_device_imu660rc.o [48]
  .text              ro code  0x1008'baac    0x1c  startup_cm7.o [31]
  .text              ro code  0x1008'bac8    0x1c  cstartup_M.o [52]
  .rodata            const    0x1008'bae4    0x18  startup.o [31]
  .rodata            const    0x1008'bafc    0x18  system_tviibh4m_cm7.o [22]
  .rodata            const    0x1008'bb14    0x18  zf_common_debug.o [46]
  .rodata            const    0x1008'bb2c    0x14  cy_flash.o [12]
  .rodata            const    0x1008'bb40    0x10  zf_common_debug.o [46]
  .rodata            const    0x1008'bb50    0x10  zf_common_debug.o [46]
  .rodata            const    0x1008'bb60     0xc  zf_common_debug.o [46]
  .rodata            const    0x1008'bb6c     0xc  zf_common_debug.o [46]
  .rodata            const    0x1008'bb78     0xc  zf_common_debug.o [46]
  .rodata            const    0x1008'bb84     0x8  cy_mw_flash.o [13]
  .rodata            const    0x1008'bb8c     0x8  cy_srom.o [30]
  .rodata            const    0x1008'bb94     0x8  cy_sysclk.o [33]
  .rodata            const    0x1008'bb9c     0x8  menu.o [5]
  .rodata            const    0x1008'bba4     0x8  menu.o [5]
  .rodata            const    0x1008'bbac     0x8  menu.o [5]
  .rodata            const    0x1008'bbb4     0x8  menu.o [5]
  .rodata            const    0x1008'bbbc     0x8  menu.o [5]
  .rodata            const    0x1008'bbc4     0x8  menu.o [5]
  .rodata            const    0x1008'bbcc     0x4  cy_interrupt_map.o [23]
  .rodata            const    0x1008'bbd0     0x4  cy_interrupt_map.o [23]
  .rodata            const    0x1008'bbd4     0x4  cy_interrupt_map.o [23]
  .rodata            const    0x1008'bbd8     0x4  cy_interrupt_map.o [23]
  .rodata            const    0x1008'bbdc     0x4  cy_interrupt_map.o [23]
  .rodata            const    0x1008'bbe0     0x4  cy_interrupt_map.o [23]
  .rodata            const    0x1008'bbe4     0x4  cy_interrupt_map.o [23]
  .rodata            const    0x1008'bbe8     0x4  cy_interrupt_map.o [23]
  .rodata            const    0x1008'bbec     0x4  cy_ipc_drv.o [15]
  .rodata            const    0x1008'bbf0     0x4  cy_scb_spi.o [24]
  .rodata            const    0x1008'bbf4     0x4  cy_scb_spi.o [24]
  .rodata            const    0x1008'bbf8     0x4  cy_scb_spi.o [24]
  .rodata            const    0x1008'bbfc     0x4  cy_scb_spi.o [24]
  .rodata            const    0x1008'bc00     0x4  cy_scb_uart.o [24]
  .rodata            const    0x1008'bc04     0x4  cy_scb_uart.o [24]
  .rodata            const    0x1008'bc08     0x4  cy_scb_uart.o [24]
  .rodata            const    0x1008'bc0c     0x4  cy_scb_uart.o [24]
  .rodata            const    0x1008'bc10     0x4  cy_scb_uart.o [24]
  .rodata            const    0x1008'bc14     0x4  cy_scb_uart.o [24]
  .rodata            const    0x1008'bc18     0x4  cy_scb_uart.o [24]
  .rodata            const    0x1008'bc1c     0x4  cy_scb_uart.o [24]
  .rodata            const    0x1008'bc20     0x4  cy_scb_uart.o [24]
  .rodata            const    0x1008'bc24     0x4  cy_scb_uart.o [24]
  .rodata            const    0x1008'bc28     0x4  cy_srom.o [30]
  .rodata            const    0x1008'bc2c     0x4  cy_srom.o [30]
  .rodata            const    0x1008'bc30     0x4  cy_sysint.o [35]
  .rodata            const    0x1008'bc34     0x4  cy_sysint.o [35]
  .rodata            const    0x1008'bc38     0x4  cy_tcpwm_counter.o [43]
  .rodata            const    0x1008'bc3c     0x4  cy_tcpwm_counter.o [43]
  .rodata            const    0x1008'bc40     0x4  cy_tcpwm_counter.o [43]
  .rodata            const    0x1008'bc44     0x4  cy_tcpwm_counter.o [43]
  .rodata            const    0x1008'bc48     0x4  cy_tcpwm_counter.o [43]
  .rodata            const    0x1008'bc4c     0x4  cy_tcpwm_pwm.o [43]
  .rodata            const    0x1008'bc50     0x4  cy_tcpwm_pwm.o [43]
  .rodata            const    0x1008'bc54     0x4  cy_tcpwm_pwm.o [43]
  .rodata            const    0x1008'bc58     0x4  cy_tcpwm_pwm.o [43]
  .rodata            const    0x1008'bc5c     0x4  cy_tcpwm_pwm.o [43]
  .rodata            const    0x1008'bc60     0x4  cy_tcpwm_pwm.o [43]
  .rodata            const    0x1008'bc64     0x4  cy_tcpwm_pwm.o [43]
  .rodata            const    0x1008'bc68     0x4  menu.o [5]
  .rodata            const    0x1008'bc6c     0x4  menu.o [5]
  .rodata            const    0x1008'bc70     0x4  menu.o [5]
  .text              ro code  0x1008'bc74     0x4  startup_cm7.o [31]
  .text              ro code  0x1008'bc78     0x4  startup_cm7.o [31]
  .text              ro code  0x1008'bc7c     0x4  startup_cm7.o [31]
  .text              ro code  0x1008'bc80     0x4  startup_cm7.o [31]
  .text              ro code  0x1008'bc84     0x4  startup_cm7.o [31]
  .text              ro code  0x1008'bc88     0x4  startup_cm7.o [31]
  .text              ro code  0x1008'bc8c     0x4  startup_cm7.o [31]
  .text              ro code  0x1008'bc90     0x4  startup_cm7.o [31]
  .text              ro code  0x1008'bc94     0x4  startup_cm7.o [31]
  .text              ro code  0x1008'bc98     0x4  startup_cm7.o [31]
  .text              ro code  0x1008'bc9c     0x4  startup_cm7.o [31]
  .text              ro code  0x1008'bca0     0x4  startup_cm7.o [31]
  .text              ro code  0x1008'bca4     0x4  startup_cm7.o [31]
  .text              ro code  0x1008'bca8     0x4  startup_cm7.o [31]
  .text              ro code  0x1008'bcac     0x4  startup_cm7.o [31]
  .rodata            const    0x1008'bcb0     0x0  zero_init3.o [52]
  .rodata            const    0x1008'bcb0     0x0  lz77_init_single.o [52]
  Initializer bytes  const    0x1008'bcb0   0x17a  <for P2-1>
                            - 0x1008'be2a  0xbdaa

"P2", part 1 of 3:                          0x915
  P2-1                        0x2802'0000   0x915  <Init block>
    .data            inited   0x2802'0000   0x6ec  cy_interrupt_map.o [23]
    .data            inited   0x2802'06ec     0x4  cy_interrupt_map.o [23]
    .data            inited   0x2802'06f0    0x30  key.o [5]
    .data            inited   0x2802'0720     0x4  leg_control.o [5]
    .data            inited   0x2802'0724     0x4  leg_control.o [5]
    .data            inited   0x2802'0728     0x4  menu.o [5]
    .data            inited   0x2802'072c     0x8  menu.o [5]
    .data            inited   0x2802'0734    0x14  menu.o [5]
    .data            inited   0x2802'0748     0xc  menu.o [5]
    .data            inited   0x2802'0754    0x3c  menu.o [5]
    .data            inited   0x2802'0790    0x80  menu.o [5]
    .data            inited   0x2802'0810     0x4  zf_device_type.o [48]
    .data            inited   0x2802'0814     0x4  zf_device_type.o [48]
    .data            inited   0x2802'0818     0xc  zf_driver_adc.o [49]
    .data            inited   0x2802'0824    0x60  zf_driver_exti.o [49]
    .data            inited   0x2802'0884    0x3c  zf_driver_pit.o [49]
    .data            inited   0x2802'08c0    0x10  zf_driver_spi.o [49]
    .data            inited   0x2802'08d0    0x1c  zf_driver_uart.o [49]
    .data            inited   0x2802'08ec    0x1c  zf_driver_uart.o [49]
    .data            inited   0x2802'0908     0x2  zf_device_tft180.o [48]
    .data            inited   0x2802'090a     0x2  zf_device_tft180.o [48]
    .data            inited   0x2802'090c     0x2  zf_device_tft180.o [48]
    .data            inited   0x2802'090e     0x2  zf_device_tft180.o [48]
    .data            inited   0x2802'0910     0x2  zf_driver_delay.o [49]
    .data            inited   0x2802'0912     0x1  zf_common_debug.o [46]
    .data            inited   0x2802'0913     0x1  zf_device_tft180.o [48]
    .data            inited   0x2802'0914     0x1  zf_driver_delay.o [49]
                            - 0x2802'0915   0x915

"P2", part 2 of 3:                         0xbc1c
  .bss               zero     0x2802'0918  0x9c40  navigation.o [5]
  .bss               zero     0x2802'a558   0x800  flash.o [5]
  .bss               zero     0x2802'ad58   0x800  zf_driver_flash.o [49]
  .bss               zero     0x2802'b558   0x3e8  navigation.o [5]
  .bss               zero     0x2802'b940   0x350  navigation.o [5]
  .bss               zero     0x2802'bc90   0x200  zf_device_tsl1401.o [48]
  .bss               zero     0x2802'be90   0x188  zf_driver_uart.o [49]
  .bss               zero     0x2802'c018    0x70  cy_syslib.o [36]
  .bss               zero     0x2802'c088    0x70  zf_driver_uart.o [49]
  .bss               zero     0x2802'c0f8    0x48  zf_driver_adc.o [49]
  .bss               zero     0x2802'c140    0x40  zf_common_debug.o [46]
  .bss               zero     0x2802'c180    0x40  zf_device_ble6a20.o [48]
  .bss               zero     0x2802'c1c0    0x34  pid.o [5]
  .bss               zero     0x2802'c1f4    0x34  pid.o [5]
  .bss               zero     0x2802'c228    0x34  pid.o [5]
  .bss               zero     0x2802'c25c    0x34  pid.o [5]
  .bss               zero     0x2802'c290    0x34  pid.o [5]
  .bss               zero     0x2802'c2c4    0x34  pid.o [5]
  .bss               zero     0x2802'c2f8    0x34  pid.o [5]
  .bss               zero     0x2802'c32c    0x34  pid.o [5]
  .bss               zero     0x2802'c360    0x34  pid.o [5]
  .bss               zero     0x2802'c394    0x20  leg_control.o [5]
  .bss               zero     0x2802'c3b4    0x18  cy_sysclk.o [33]
  .bss               zero     0x2802'c3cc    0x18  cy_syslib.o [36]
  .bss               zero     0x2802'c3e4    0x18  zf_common_debug.o [46]
  .bss               zero     0x2802'c3fc    0x18  zf_device_ble6a20.o [48]
  .bss               zero     0x2802'c414    0x14  small_driver_uart_control.o [5]
  .bss               zero     0x2802'c428    0x14  zf_common_debug.o [46]
  .bss               zero     0x2802'c440    0x10  cy_srom.o [30]
  .bss               zero     0x2802'c450    0x10  zf_device_imu660rc.o [48]
  .bss               zero     0x2802'c460     0x8  zf_device_imu660rc.o [48]
  .bss               zero     0x2802'c468     0x8  zf_driver_uart.o [49]
  .bss               zero     0x2802'c470     0x8  zf_driver_uart.o [49]
  .bss               zero     0x2802'c478     0x8  heap0.o [50]
  .bss               zero     0x2802'c480     0x4  cy_srom.o [30]
  .bss               zero     0x2802'c484     0x4  cy_srom.o [30]
  .bss               zero     0x2802'c488     0x4  cy_syslib.o [36]
  .bss               zero     0x2802'c48c     0x4  key.o [5]
  .bss               zero     0x2802'c490     0x4  leg_control.o [5]
  .bss               zero     0x2802'c494     0x4  menu.o [5]
  .bss               zero     0x2802'c498     0x4  menu.o [5]
  .bss               zero     0x2802'c49c     0x4  menu.o [5]
  .bss               zero     0x2802'c4a0     0x4  menu.o [5]
  .bss               zero     0x2802'c4a4     0x4  menu.o [5]
  .bss               zero     0x2802'c4a8     0x4  menu.o [5]
  .bss               zero     0x2802'c4ac     0x4  menu.o [5]
  .bss               zero     0x2802'c4b0     0x4  menu.o [5]
  .bss               zero     0x2802'c4b4     0x4  menu.o [5]
  .bss               zero     0x2802'c4b8     0x4  menu.o [5]
  .bss               zero     0x2802'c4bc     0x4  motor_control.o [5]
  .bss               zero     0x2802'c4c0     0x4  motor_control.o [5]
  .bss               zero     0x2802'c4c4     0x4  motor_control.o [5]
  .bss               zero     0x2802'c4c8     0x4  motor_control.o [5]
  .bss               zero     0x2802'c4cc     0x4  motor_control.o [5]
  .bss               zero     0x2802'c4d0     0x4  motor_control.o [5]
  .bss               zero     0x2802'c4d4     0x4  navigation.o [5]
  .bss               zero     0x2802'c4d8     0x4  navigation.o [5]
  .bss               zero     0x2802'c4dc     0x4  system_tviibh4m_cm7.o [22]
  .bss               zero     0x2802'c4e0     0x4  system_tviibh4m_cm7.o [22]
  .bss               zero     0x2802'c4e4     0x4  system_tviibh4m_cm7.o [22]
  .bss               zero     0x2802'c4e8     0x4  system_tviibh4m_cm7.o [22]
  .bss               zero     0x2802'c4ec     0x4  system_tviibh4m_cm7.o [22]
  .bss               zero     0x2802'c4f0     0x4  zf_common_clock.o [46]
  .bss               zero     0x2802'c4f4     0x4  zf_common_interrupt.o [46]
  .bss               zero     0x2802'c4f8     0x4  zf_device_imu660rc.o [48]
  .bss               zero     0x2802'c4fc     0x4  zf_device_imu660rc.o [48]
  .bss               zero     0x2802'c500     0x4  zf_device_imu660rc.o [48]
  .bss               zero     0x2802'c504     0x4  zf_driver_spi.o [49]
  .bss               zero     0x2802'c508     0x4  xgetmemchunk.o [50]
  .bss               zero     0x2802'c50c     0x4  xfail_s.o [50]
  .bss               zero     0x2802'c510     0x2  leg_control.o [5]
  .bss               zero     0x2802'c512     0x2  leg_control.o [5]
  .bss               zero     0x2802'c514     0x2  leg_control.o [5]
  .bss               zero     0x2802'c516     0x2  leg_control.o [5]
  .bss               zero     0x2802'c518     0x2  zf_device_imu660rc.o [48]
  .bss               zero     0x2802'c51a     0x2  zf_device_imu660rc.o [48]
  .bss               zero     0x2802'c51c     0x2  zf_device_imu660rc.o [48]
  .bss               zero     0x2802'c51e     0x2  zf_device_imu660rc.o [48]
  .bss               zero     0x2802'c520     0x2  zf_device_imu660rc.o [48]
  .bss               zero     0x2802'c522     0x2  zf_device_imu660rc.o [48]
  .bss               zero     0x2802'c524     0x1  cy_mw_flash.o [13]
  .bss               zero     0x2802'c525     0x1  cy_mw_flash.o [13]
  .bss               zero     0x2802'c526     0x1  cy_sysclk.o [33]
  .bss               zero     0x2802'c527     0x1  flash.o [5]
  .bss               zero     0x2802'c528     0x1  zf_common_debug.o [46]
  .bss               zero     0x2802'c529     0x1  zf_common_debug.o [46]
  .bss               zero     0x2802'c52a     0x1  zf_common_debug.o [46]
  .bss               zero     0x2802'c52b     0x1  zf_device_ble6a20.o [48]
  .bss               zero     0x2802'c52c     0x1  zf_device_imu660rc.o [48]
  .bss               zero     0x2802'c52d     0x1  zf_device_tft180.o [48]
  .bss               zero     0x2802'c52e     0x1  zf_device_tsl1401.o [48]
  .bss               zero     0x2802'c52f     0x1  zf_device_tsl1401.o [48]
  .bss               zero     0x2802'c530     0x1  zf_device_type.o [48]
  .bss               zero     0x2802'c531     0x1  zf_driver_flash.o [49]
                            - 0x2802'c532  0xbc1a

"P2", part 3 of 3:                           0x80
  .intvec_ram        uninit   0x2802'c580    0x80  startup_cm7.o [31]
                            - 0x2802'c600    0x80

"A1":                                      0x2400
  HEAP_STACK                  0x2807'dc00  0x2400  <Block>
    HEAP                      0x2807'dc00   0x400  <Block>
      HEAP           uninit   0x2807'dc00   0x400  <Block tail>
    CSTACK                    0x2807'e000  0x2000  <Block>
      CSTACK         uninit   0x2807'e000  0x2000  <Block tail>
                            - 0x2808'0000  0x2400

Unused ranges:

         From           To       Size
         ----           --       ----
  0x1008'be7a  0x1027'ffff  0x1f'4186
  0x2802'0915  0x2802'0917        0x3
  0x2802'c534  0x2802'c57f       0x4c
  0x2802'c600  0x2807'dbff   0x5'1600


*******************************************************************************
*** INIT TABLE
***

          Address      Size
          -------      ----
Zero (__iar_zero_init3)
    1 destination range, total size 0xbc1a:
          0x2802'0918  0xbc1a

Copy/lz77 (__iar_lz77_init_single3)
    1 source range, total size 0x17a (16% of destination):
          0x1008'bcb0   0x17a
    1 destination range, total size 0x915:
          0x2802'0000   0x915



*******************************************************************************
*** MODULE SUMMARY
***

    Module                       ro code  ro data  rw data
    ------                       -------  -------  -------
command line/config:
    ------------------------------------------------------
    Total:

C:\Users\jty\Desktop\CYT4BB7_Library-master\Example\Motherboard_Demo\E4_imu\luntui\iar\Debug_m7_0\Obj\adc_11722776235721520015.dir: [1]
    ------------------------------------------------------
    Total:

C:\Users\jty\Desktop\CYT4BB7_Library-master\Example\Motherboard_Demo\E4_imu\luntui\iar\Debug_m7_0\Obj\audioss_1346650047966882938.dir: [2]
    ------------------------------------------------------
    Total:

C:\Users\jty\Desktop\CYT4BB7_Library-master\Example\Motherboard_Demo\E4_imu\luntui\iar\Debug_m7_0\Obj\button_4990804375159372270.dir: [3]
    ------------------------------------------------------
    Total:

C:\Users\jty\Desktop\CYT4BB7_Library-master\Example\Motherboard_Demo\E4_imu\luntui\iar\Debug_m7_0\Obj\canfd_1800690984773873875.dir: [4]
    ------------------------------------------------------
    Total:

C:\Users\jty\Desktop\CYT4BB7_Library-master\Example\Motherboard_Demo\E4_imu\luntui\iar\Debug_m7_0\Obj\code_17896468042025673432.dir: [5]
    flash.o                          648             2'049
    key.o                            208        8       52
    leg_control.o                  1'604        1       52
    menu.o                         1'292       98      272
    motor_control.o                  812                24
    navigation.o                   1'604      104   41'856
    pid.o                            244               468
    small_driver_uart_control.o      378                20
    ------------------------------------------------------
    Total:                         6'790      211   44'793

C:\Users\jty\Desktop\CYT4BB7_Library-master\Example\Motherboard_Demo\E4_imu\luntui\iar\Debug_m7_0\Obj\cpu_15938736945165268644.dir: [6]
    ------------------------------------------------------
    Total:

C:\Users\jty\Desktop\CYT4BB7_Library-master\Example\Motherboard_Demo\E4_imu\luntui\iar\Debug_m7_0\Obj\crypto_1190170608956581615.dir: [7]
    ------------------------------------------------------
    Total:

C:\Users\jty\Desktop\CYT4BB7_Library-master\Example\Motherboard_Demo\E4_imu\luntui\iar\Debug_m7_0\Obj\dma_12106025507578611576.dir: [8]
    ------------------------------------------------------
    Total:

C:\Users\jty\Desktop\CYT4BB7_Library-master\Example\Motherboard_Demo\E4_imu\luntui\iar\Debug_m7_0\Obj\eth_phy_18133017486186456677.dir: [9]
    ------------------------------------------------------
    Total:

C:\Users\jty\Desktop\CYT4BB7_Library-master\Example\Motherboard_Demo\E4_imu\luntui\iar\Debug_m7_0\Obj\ethernet_6029839089178797009.dir: [10]
    ------------------------------------------------------
    Total:

C:\Users\jty\Desktop\CYT4BB7_Library-master\Example\Motherboard_Demo\E4_imu\luntui\iar\Debug_m7_0\Obj\evtgen_3404189088603873129.dir: [11]
    ------------------------------------------------------
    Total:

C:\Users\jty\Desktop\CYT4BB7_Library-master\Example\Motherboard_Demo\E4_imu\luntui\iar\Debug_m7_0\Obj\flash_8529866181315662935.dir: [12]
    cy_flash.o                     1'196       20
    ------------------------------------------------------
    Total:                         1'196       20

C:\Users\jty\Desktop\CYT4BB7_Library-master\Example\Motherboard_Demo\E4_imu\luntui\iar\Debug_m7_0\Obj\flash_864493325053435817.dir: [13]
    cy_mw_flash.o                    732      132        2
    ------------------------------------------------------
    Total:                           732      132        2

C:\Users\jty\Desktop\CYT4BB7_Library-master\Example\Motherboard_Demo\E4_imu\luntui\iar\Debug_m7_0\Obj\gpio_3999404635324069351.dir: [14]
    cy_gpio.o                        404
    ------------------------------------------------------
    Total:                           404

C:\Users\jty\Desktop\CYT4BB7_Library-master\Example\Motherboard_Demo\E4_imu\luntui\iar\Debug_m7_0\Obj\ipc_10145506163450686023.dir: [15]
    cy_ipc_drv.o                      96        4
    ------------------------------------------------------
    Total:                            96        4

C:\Users\jty\Desktop\CYT4BB7_Library-master\Example\Motherboard_Demo\E4_imu\luntui\iar\Debug_m7_0\Obj\lin_18429031207028094880.dir: [16]
    ------------------------------------------------------
    Total:

C:\Users\jty\Desktop\CYT4BB7_Library-master\Example\Motherboard_Demo\E4_imu\luntui\iar\Debug_m7_0\Obj\lvd_6353935867039560245.dir: [17]
    ------------------------------------------------------
    Total:

C:\Users\jty\Desktop\CYT4BB7_Library-master\Example\Motherboard_Demo\E4_imu\luntui\iar\Debug_m7_0\Obj\mcwdt_4052485907822033969.dir: [18]
    ------------------------------------------------------
    Total:

C:\Users\jty\Desktop\CYT4BB7_Library-master\Example\Motherboard_Demo\E4_imu\luntui\iar\Debug_m7_0\Obj\mpu_5663187252346826382.dir: [19]
    ------------------------------------------------------
    Total:

C:\Users\jty\Desktop\CYT4BB7_Library-master\Example\Motherboard_Demo\E4_imu\luntui\iar\Debug_m7_0\Obj\power_14453085144426420577.dir: [20]
    ------------------------------------------------------
    Total:

C:\Users\jty\Desktop\CYT4BB7_Library-master\Example\Motherboard_Demo\E4_imu\luntui\iar\Debug_m7_0\Obj\prot_10722960861768657883.dir: [21]
    ------------------------------------------------------
    Total:

C:\Users\jty\Desktop\CYT4BB7_Library-master\Example\Motherboard_Demo\E4_imu\luntui\iar\Debug_m7_0\Obj\rev_b_4986922561640112550.dir: [22]
    system_tviibh4m_cm7.o            336      156       20
    ------------------------------------------------------
    Total:                           336      156       20

C:\Users\jty\Desktop\CYT4BB7_Library-master\Example\Motherboard_Demo\E4_imu\luntui\iar\Debug_m7_0\Obj\rev_b_6162237342861132223.dir: [23]
    cy_interrupt_map.o               408      320    1'776
    ------------------------------------------------------
    Total:                           408      320    1'776

C:\Users\jty\Desktop\CYT4BB7_Library-master\Example\Motherboard_Demo\E4_imu\luntui\iar\Debug_m7_0\Obj\scb_15490842639181808494.dir: [24]
    cy_scb_spi.o                     496       16
    cy_scb_uart.o                    788       40
    ------------------------------------------------------
    Total:                         1'284       56

C:\Users\jty\Desktop\CYT4BB7_Library-master\Example\Motherboard_Demo\E4_imu\luntui\iar\Debug_m7_0\Obj\sd_host_2982766354293506895.dir: [25]
    ------------------------------------------------------
    Total:

C:\Users\jty\Desktop\CYT4BB7_Library-master\Example\Motherboard_Demo\E4_imu\luntui\iar\Debug_m7_0\Obj\semihosting_143864889731838620.dir: [26]
    ------------------------------------------------------
    Total:

C:\Users\jty\Desktop\CYT4BB7_Library-master\Example\Motherboard_Demo\E4_imu\luntui\iar\Debug_m7_0\Obj\smartio_5451710003740070188.dir: [27]
    ------------------------------------------------------
    Total:

C:\Users\jty\Desktop\CYT4BB7_Library-master\Example\Motherboard_Demo\E4_imu\luntui\iar\Debug_m7_0\Obj\smif_427648126384146252.dir: [28]
    ------------------------------------------------------
    Total:

C:\Users\jty\Desktop\CYT4BB7_Library-master\Example\Motherboard_Demo\E4_imu\luntui\iar\Debug_m7_0\Obj\smif_mem_6470536964353725183.dir: [29]
    ------------------------------------------------------
    Total:

C:\Users\jty\Desktop\CYT4BB7_Library-master\Example\Motherboard_Demo\E4_imu\luntui\iar\Debug_m7_0\Obj\srom_13018798572330080582.dir: [30]
    cy_srom.o                        748      144       24
    ------------------------------------------------------
    Total:                           748      144       24

C:\Users\jty\Desktop\CYT4BB7_Library-master\Example\Motherboard_Demo\E4_imu\luntui\iar\Debug_m7_0\Obj\startup_479057977785470282.dir: [31]
    startup.o                        516       24
    startup_cm7.o                    442               128
    ------------------------------------------------------
    Total:                           958       24      128

C:\Users\jty\Desktop\CYT4BB7_Library-master\Example\Motherboard_Demo\E4_imu\luntui\iar\Debug_m7_0\Obj\sw_timer_4215635015939382130.dir: [32]
    ------------------------------------------------------
    Total:

C:\Users\jty\Desktop\CYT4BB7_Library-master\Example\Motherboard_Demo\E4_imu\luntui\iar\Debug_m7_0\Obj\sysclk_16149231235676103872.dir: [33]
    cy_sysclk.o                    2'280      272       25
    ------------------------------------------------------
    Total:                         2'280      272       25

C:\Users\jty\Desktop\CYT4BB7_Library-master\Example\Motherboard_Demo\E4_imu\luntui\iar\Debug_m7_0\Obj\sysflt_12293435975120599261.dir: [34]
    ------------------------------------------------------
    Total:

C:\Users\jty\Desktop\CYT4BB7_Library-master\Example\Motherboard_Demo\E4_imu\luntui\iar\Debug_m7_0\Obj\sysint_7435970359207984181.dir: [35]
    cy_sysint.o                      172        8
    ------------------------------------------------------
    Total:                           172        8

C:\Users\jty\Desktop\CYT4BB7_Library-master\Example\Motherboard_Demo\E4_imu\luntui\iar\Debug_m7_0\Obj\syslib_16330585751512546975.dir: [36]
    cy_syslib.o                      262               140
    cy_syslib_iar.o                   30
    ------------------------------------------------------
    Total:                           292               140

C:\Users\jty\Desktop\CYT4BB7_Library-master\Example\Motherboard_Demo\E4_imu\luntui\iar\Debug_m7_0\Obj\syspm_10887939769544754770.dir: [37]
    ------------------------------------------------------
    Total:

C:\Users\jty\Desktop\CYT4BB7_Library-master\Example\Motherboard_Demo\E4_imu\luntui\iar\Debug_m7_0\Obj\sysreghc_17676636058511625587.dir: [38]
    ------------------------------------------------------
    Total:

C:\Users\jty\Desktop\CYT4BB7_Library-master\Example\Motherboard_Demo\E4_imu\luntui\iar\Debug_m7_0\Obj\sysreset_14586141425677365288.dir: [39]
    ------------------------------------------------------
    Total:

C:\Users\jty\Desktop\CYT4BB7_Library-master\Example\Motherboard_Demo\E4_imu\luntui\iar\Debug_m7_0\Obj\sysrtc_10747768817563771611.dir: [40]
    ------------------------------------------------------
    Total:

C:\Users\jty\Desktop\CYT4BB7_Library-master\Example\Motherboard_Demo\E4_imu\luntui\iar\Debug_m7_0\Obj\systick_16016591671695740695.dir: [41]
    ------------------------------------------------------
    Total:

C:\Users\jty\Desktop\CYT4BB7_Library-master\Example\Motherboard_Demo\E4_imu\luntui\iar\Debug_m7_0\Obj\syswdt_9118657615806274156.dir: [42]
    ------------------------------------------------------
    Total:

C:\Users\jty\Desktop\CYT4BB7_Library-master\Example\Motherboard_Demo\E4_imu\luntui\iar\Debug_m7_0\Obj\tcpwm_422923530147891246.dir: [43]
    cy_tcpwm.o                        12
    cy_tcpwm_counter.o               430       20
    cy_tcpwm_pwm.o                   522       28
    ------------------------------------------------------
    Total:                           964       48

C:\Users\jty\Desktop\CYT4BB7_Library-master\Example\Motherboard_Demo\E4_imu\luntui\iar\Debug_m7_0\Obj\trigmux_9729677290734583340.dir: [44]
    ------------------------------------------------------
    Total:

C:\Users\jty\Desktop\CYT4BB7_Library-master\Example\Motherboard_Demo\E4_imu\luntui\iar\Debug_m7_0\Obj\user_8514941877209965082.dir: [45]
    cm7_0_isr.o                      888
    main_cm7_0.o                     208
    ------------------------------------------------------
    Total:                         1'096

C:\Users\jty\Desktop\CYT4BB7_Library-master\Example\Motherboard_Demo\E4_imu\luntui\iar\Debug_m7_0\Obj\zf_common_1201165462030747823.dir: [46]
    zf_common_clock.o                 28                 4
    zf_common_debug.o              1'092      120      112
    zf_common_fifo.o                 504      116
    zf_common_font.o                        2'072
    zf_common_function.o             544      120
    zf_common_interrupt.o            226                 4
    ------------------------------------------------------
    Total:                         2'394    2'428      120

C:\Users\jty\Desktop\CYT4BB7_Library-master\Example\Motherboard_Demo\E4_imu\luntui\iar\Debug_m7_0\Obj\zf_components_14936052685886095442.dir: [47]
    ------------------------------------------------------
    Total:

C:\Users\jty\Desktop\CYT4BB7_Library-master\Example\Motherboard_Demo\E4_imu\luntui\iar\Debug_m7_0\Obj\zf_device_6570275422786408770.dir: [48]
    zf_device_ble6a20.o              116                89
    zf_device_imu660rc.o           1'352      148       49
    zf_device_tft180.o             2'848      118       10
    zf_device_tsl1401.o              124               514
    zf_device_type.o                  68        1        9
    ------------------------------------------------------
    Total:                         4'508      267      671

C:\Users\jty\Desktop\CYT4BB7_Library-master\Example\Motherboard_Demo\E4_imu\luntui\iar\Debug_m7_0\Obj\zf_driver_11922370083829174090.dir: [49]
    zf_driver_adc.o                  116        2       84
    zf_driver_delay.o                644                 3
    zf_driver_exti.o                 220       16       96
    zf_driver_flash.o                516      116    2'049
    zf_driver_gpio.o                 272
    zf_driver_pit.o                  920       10       60
    zf_driver_pwm.o                3'608      112
    zf_driver_spi.o                3'072      114       20
    zf_driver_uart.o               2'796      125      576
    ------------------------------------------------------
    Total:                        12'164      495    2'888

dl7M_tln.a: [50]
    abort.o                            6
    abs.o                              8
    exit.o                             4
    heap0.o                          316                 8
    heaptramp0.o                       4
    sprintf.o                         64
    vla_alloc.o                       22
    xfail_s.o                         64                 4
    xgetmemchunk.o                    44                 4
    xprintffull_nomb.o             3'758
    xsprout.o                         10
    ------------------------------------------------------
    Total:                         4'300                16

m7M_tlv.a: [51]
    DblCmpGe.o                        52
    DblCmpLe.o                        52
    DblDiv.o                          18
    DblMul.o                          18
    DblSub.o                          18
    DblToS32.o                        14
    DblToU32.o                        14
    S32ToDbl.o                        14
    U32ToDbl.o                        14
    asinf.o                           92
    atan.o                            96
    atan2f.o                         106
    fpinit_M.o                        34
    frexp.o                          112
    ldexp.o                          260
    sqrt.o                            30
    sqrtf.o                           30
    xatan.o                          280
    xatanf.o                         164
    ------------------------------------------------------
    Total:                         1'418

rt7M_tl.a: [52]
    ABImemclr4.o                       6
    ABImemcpy.o                      166
    ABImemset.o                      102
    ABImemset48.o                     50
    I64DivMod.o                      560
    I64DivZer.o                        2
    cexit.o                           10
    cmain.o                           30
    cstartup_M.o                      28
    data_init.o                       40
    lz77_init_single.o               126
    memchr.o                          88
    strchr.o                          22
    strlen.o                          54
    strncpy.o                        112
    zero_init3.o                      56
    ------------------------------------------------------
    Total:                         1'452

shb_l.a: [53]
    exit.o                            20
    ------------------------------------------------------
    Total:                            20

    Gaps                              48        4        4
    Linker created                             33    9'216
----------------------------------------------------------
    Grand Total:                  44'060    4'622   59'823


*******************************************************************************
*** ENTRY LIST
***

Entry                       Address    Size  Type      Object
-----                       -------    ----  ----      ------
.iar.init_table$$Base   0x1008'b9d8           --   Gb  - Linker created -
.iar.init_table$$Limit  0x1008'b9f8           --   Gb  - Linker created -
?main                   0x1008'ba41          Code  Gb  cmain.o [52]
Aldata                  0x2802'c478     0x8  Data  Lc  heap0.o [50]
B_H                     0x2802'0720     0x4  Data  Gb  leg_control.o [5]
B_X                     0x2802'0724     0x4  Data  Gb  leg_control.o [5]
BusFault_Handler        0x1008'bc7d          Code  Wk  startup_cm7.o [31]
CSTACK$$Base            0x2807'e000           --   Gb  - Linker created -
CSTACK$$Limit           0x2808'0000           --   Gb  - Linker created -
ChangeNum_flag          0x2802'c498     0x4  Data  Gb  menu.o [5]
CopyVectorTable         0x1008'adcd    0x34  Code  Lc  startup.o [31]
CpuUserInt0_Handler     0x1008'afaf    0x26  Code  Gb  cy_interrupt_map.o [23]
CpuUserInt10_Handler    0x1008'bc99          Code  Wk  startup_cm7.o [31]
CpuUserInt11_Handler    0x1008'bc9d          Code  Wk  startup_cm7.o [31]
CpuUserInt12_Handler    0x1008'bca1          Code  Wk  startup_cm7.o [31]
CpuUserInt13_Handler    0x1008'bca5          Code  Wk  startup_cm7.o [31]
CpuUserInt14_Handler    0x1008'bca9          Code  Wk  startup_cm7.o [31]
CpuUserInt15_Handler    0x1008'bcad          Code  Wk  startup_cm7.o [31]
CpuUserInt1_Handler     0x1008'afd5    0x26  Code  Gb  cy_interrupt_map.o [23]
CpuUserInt2_Handler     0x1008'affb    0x26  Code  Gb  cy_interrupt_map.o [23]
CpuUserInt3_Handler     0x1008'b021    0x26  Code  Gb  cy_interrupt_map.o [23]
CpuUserInt4_Handler     0x1008'b047    0x26  Code  Gb  cy_interrupt_map.o [23]
CpuUserInt5_Handler     0x1008'b06d    0x26  Code  Gb  cy_interrupt_map.o [23]
CpuUserInt6_Handler     0x1008'b093    0x26  Code  Gb  cy_interrupt_map.o [23]
CpuUserInt7_Handler     0x1008'b0b9    0x26  Code  Gb  cy_interrupt_map.o [23]
CpuUserInt8_Handler     0x1008'bc91          Code  Wk  startup_cm7.o [31]
CpuUserInt9_Handler     0x1008'bc95          Code  Wk  startup_cm7.o [31]
Cy_DefaultUserHandler   0x1008'afad     0x2  Code  Gb  cy_interrupt_map.o [23]
Cy_FlashHandler         0x1008'7dd3    0x34  Code  Lc  cy_mw_flash.o [13]
Cy_FlashInit            0x1008'7e07    0x3c  Code  Gb  cy_mw_flash.o [13]
Cy_FlashSectorErase     0x1008'7e43    0x7e  Code  Gb  cy_mw_flash.o [13]
Cy_FlashWriteWork       0x1008'7f4d    0xbc  Code  Gb  cy_mw_flash.o [13]
Cy_Flash_BlankCheck     0x1008'86b3    0xb4  Code  Gb  cy_flash.o [12]
Cy_Flash_BoundsCheck    0x1008'8569    0x24  Code  Gb  cy_flash.o [12]
Cy_Flash_CallSromApiForFlashWrite
                        0x1008'8359    0x6a  Code  Lc  cy_flash.o [12]
Cy_Flash_EraseSector    0x1008'864b    0x68  Code  Gb  cy_flash.o [12]
Cy_Flash_IsWorkSmallSector
                        0x1008'84bf    0x40  Code  Gb  cy_flash.o [12]
Cy_Flash_MainBoundsCheck
                        0x1008'84ff    0x6a  Code  Gb  cy_flash.o [12]
Cy_Flash_ProcessOpcode  0x1008'858d    0xbe  Code  Gb  cy_flash.o [12]
Cy_Flash_ProgramRow     0x1008'83c3    0x92  Code  Gb  cy_flash.o [12]
Cy_Flash_WorkBoundsCheck
                        0x1008'8455    0x6a  Code  Gb  cy_flash.o [12]
Cy_Flashc_GetMainBankMode
                        0x1008'8337     0xe  Code  Lc  cy_flash.o [12]
Cy_Flashc_GetWorkBankMode
                        0x1008'8329     0xe  Code  Lc  cy_flash.o [12]
Cy_Flashc_InvalidateFlashCacheBuffer
                        0x1008'8345    0x14  Code  Lc  cy_flash.o [12]
Cy_Flashc_InvalidateFlashCacheBuffer
                        0x1008'7da7    0x14  Code  Lc  cy_mw_flash.o [13]
Cy_Flashc_MainWriteEnable
                        0x1008'7dbb     0xc  Code  Lc  cy_mw_flash.o [13]
Cy_Flashc_WorkWriteEnable
                        0x1008'7dc7     0xc  Code  Lc  cy_mw_flash.o [13]
Cy_GPIO_ClearInterrupt  0x1008'2977     0xe  Code  Lc  cy_gpio.o [14]
Cy_GPIO_ClearInterrupt  0x1008'9455     0xe  Code  Lc  zf_driver_exti.o [49]
Cy_GPIO_Clr             0x1008'59b1     0xa  Code  Lc  zf_driver_gpio.o [49]
Cy_GPIO_GetInterruptStatusMasked
                        0x1008'9463     0xa  Code  Lc  zf_driver_exti.o [49]
Cy_GPIO_Pin_Init        0x1008'29bb    0x72  Code  Gb  cy_gpio.o [14]
Cy_GPIO_Read            0x1008'599d     0xa  Code  Lc  zf_driver_gpio.o [49]
Cy_GPIO_Set             0x1008'59a7     0xa  Code  Lc  zf_driver_gpio.o [49]
Cy_GPIO_SetDriveSel     0x1008'2959    0x1e  Code  Lc  cy_gpio.o [14]
Cy_GPIO_SetDrivemode    0x1008'2909    0x1c  Code  Lc  cy_gpio.o [14]
Cy_GPIO_SetHSIOM        0x1008'28a5    0x4c  Code  Lc  cy_gpio.o [14]
Cy_GPIO_SetInterruptEdge
                        0x1008'299f    0x1c  Code  Lc  cy_gpio.o [14]
Cy_GPIO_SetInterruptMask
                        0x1008'2985    0x1a  Code  Lc  cy_gpio.o [14]
Cy_GPIO_SetSlewRate     0x1008'293f    0x1a  Code  Lc  cy_gpio.o [14]
Cy_GPIO_SetVtrip        0x1008'2925    0x1a  Code  Lc  cy_gpio.o [14]
Cy_GPIO_Write           0x1008'28f1    0x18  Code  Lc  cy_gpio.o [14]
Cy_IPC_Drv_AcquireNotify
                        0x1008'87d5     0xc  Code  Lc  cy_ipc_drv.o [15]
Cy_IPC_Drv_ClearInterrupt
                        0x1008'8087    0x14  Code  Lc  cy_srom.o [30]
Cy_IPC_Drv_GetInterruptStatusMasked
                        0x1008'8083     0x4  Code  Lc  cy_srom.o [30]
Cy_IPC_Drv_GetIntrBaseAddr
                        0x1008'803d    0x34  Code  Lc  cy_srom.o [30]
Cy_IPC_Drv_IsLockAcquired
                        0x1008'809b     0x8  Code  Lc  cy_srom.o [30]
Cy_IPC_Drv_LockAcquire  0x1008'87e9    0x10  Code  Gb  cy_ipc_drv.o [15]
Cy_IPC_Drv_SendMsgWord_2
                        0x1008'87f9    0x34  Code  Gb  cy_ipc_drv.o [15]
Cy_IPC_Drv_SetInterruptMask
                        0x1008'8071    0x12  Code  Lc  cy_srom.o [30]
Cy_IPC_Drv_WriteData1Value
                        0x1008'87e5     0x4  Code  Lc  cy_ipc_drv.o [15]
Cy_IPC_Drv_WriteDataValue
                        0x1008'87e1     0x4  Code  Lc  cy_ipc_drv.o [15]
Cy_RestoreIRQ           0x1008'af89          Code  Gb  startup_cm7.o [31]
Cy_SCB_ClearRxFifo      0x1008'3e5f    0x1e  Code  Lc  zf_driver_spi.o [49]
Cy_SCB_ClearRxFifo      0x1008'2e05    0x1e  Code  Lc  zf_driver_uart.o [49]
Cy_SCB_ClearRxInterrupt
                        0x1008'2e6b     0xa  Code  Lc  zf_driver_uart.o [49]
Cy_SCB_ClearTxInterrupt
                        0x1008'2e81     0xa  Code  Lc  zf_driver_uart.o [49]
Cy_SCB_GetFifoSize      0x1008'3eb9    0x12  Code  Lc  zf_driver_spi.o [49]
Cy_SCB_GetNumInRxFifo   0x1008'3e55     0xa  Code  Lc  zf_driver_spi.o [49]
Cy_SCB_GetNumInRxFifo   0x1008'2dfb     0xa  Code  Lc  zf_driver_uart.o [49]
Cy_SCB_GetNumInTxFifo   0x1008'3e83     0xa  Code  Lc  zf_driver_spi.o [49]
Cy_SCB_GetNumInTxFifo   0x1008'2e29     0xa  Code  Lc  zf_driver_uart.o [49]
Cy_SCB_GetRxInterruptMask
                        0x1008'2e65     0x6  Code  Lc  zf_driver_uart.o [49]
Cy_SCB_GetTxInterruptMask
                        0x1008'2e7b     0x6  Code  Lc  zf_driver_uart.o [49]
Cy_SCB_GetTxSrValid     0x1008'3e8d     0xa  Code  Lc  zf_driver_spi.o [49]
Cy_SCB_GetTxSrValid     0x1008'2e33     0xa  Code  Lc  zf_driver_uart.o [49]
Cy_SCB_IsTxComplete     0x1008'3e97    0x22  Code  Lc  zf_driver_spi.o [49]
Cy_SCB_IsTxComplete     0x1008'2e3d    0x22  Code  Lc  zf_driver_uart.o [49]
Cy_SCB_ReadRxFifo       0x1008'2df5     0x6  Code  Lc  zf_driver_uart.o [49]
Cy_SCB_SPI_ClearRxFifo  0x1008'3ee9     0x8  Code  Lc  zf_driver_spi.o [49]
Cy_SCB_SPI_Enable       0x1008'3ecb     0xa  Code  Lc  zf_driver_spi.o [49]
Cy_SCB_SPI_GetNumInRxFifo
                        0x1008'3ee1     0x8  Code  Lc  zf_driver_spi.o [49]
Cy_SCB_SPI_Init         0x1008'4a55   0x1d8  Code  Gb  cy_scb_spi.o [24]
Cy_SCB_SPI_SetActiveSlaveSelect
                        0x1008'3ed5     0xc  Code  Lc  zf_driver_spi.o [49]
Cy_SCB_SetRxInterruptMask
                        0x1008'2e5f     0x6  Code  Lc  zf_driver_uart.o [49]
Cy_SCB_SetTxInterruptMask
                        0x1008'2e75     0x6  Code  Lc  zf_driver_uart.o [49]
Cy_SCB_UART_DeInit      0x1008'3ce5    0x5c  Code  Gb  cy_scb_uart.o [24]
Cy_SCB_UART_Enable      0x1008'2e8b     0xa  Code  Lc  zf_driver_uart.o [49]
Cy_SCB_UART_Init        0x1008'3a61   0x284  Code  Gb  cy_scb_uart.o [24]
Cy_SCB_WriteTxFifo      0x1008'3e7d     0x6  Code  Lc  zf_driver_spi.o [49]
Cy_SCB_WriteTxFifo      0x1008'2e23     0x6  Code  Lc  zf_driver_uart.o [49]
Cy_SaveIRQ              0x1008'af81          Code  Gb  startup_cm7.o [31]
Cy_Srom_CallApi         0x1008'80a3    0xb8  Code  Gb  cy_srom.o [30]
Cy_Srom_CallApi_NonBlock
                        0x1008'815b    0x66  Code  Gb  cy_srom.o [30]
Cy_Srom_ConvertRespToStatus
                        0x1008'8227    0x1e  Code  Gb  cy_srom.o [30]
Cy_Srom_GetApiResponse  0x1008'81f1    0x36  Code  Gb  cy_srom.o [30]
Cy_Srom_GetResponseType
                        0x1008'81c1    0x30  Code  Gb  cy_srom.o [30]
Cy_Srom_ISR_ResponseIPC
                        0x1008'82a1    0x58  Code  Lc  cy_srom.o [30]
Cy_Srom_SetResponseHandler
                        0x1008'8245    0x5a  Code  Gb  cy_srom.o [30]
Cy_SysClk_CheckDividerExisting
                        0x1008'5aad    0x2a  Code  Lc  zf_driver_delay.o [49]
Cy_SysClk_CheckDividerExisting
                        0x1008'9ae1    0x2c  Code  Lc  zf_driver_pit.o [49]
Cy_SysClk_CheckDividerExisting
                        0x1008'15e1    0x2c  Code  Lc  zf_driver_pwm.o [49]
Cy_SysClk_CheckDividerExisting
                        0x1008'3ef1    0x2c  Code  Lc  zf_driver_spi.o [49]
Cy_SysClk_CheckDividerExisting
                        0x1008'2c51    0x2c  Code  Lc  zf_driver_uart.o [49]
Cy_SysClk_ClkPathGetSource
                        0x1008'61c1    0x54  Code  Gb  cy_sysclk.o [33]
Cy_SysClk_EcoGetStatus  0x1008'604d    0x1a  Code  Lc  cy_sysclk.o [33]
Cy_SysClk_Fast0ClkGetDivider
                        0x1008'6195    0x16  Code  Lc  cy_sysclk.o [33]
Cy_SysClk_Fast1ClkGetDivider
                        0x1008'61ab    0x16  Code  Lc  cy_sysclk.o [33]
Cy_SysClk_FllGetConfiguration
                        0x1008'621d    0x7e  Code  Gb  cy_sysclk.o [33]
Cy_SysClk_FllGetLockStatus
                        0x1008'6067     0xc  Code  Lc  cy_sysclk.o [33]
Cy_SysClk_GetClockGroup
                        0x1008'5b55     0x8  Code  Lc  zf_driver_delay.o [49]
Cy_SysClk_GetClockGroup
                        0x1008'9b8f     0x8  Code  Lc  zf_driver_pit.o [49]
Cy_SysClk_GetClockGroup
                        0x1008'168f     0x8  Code  Lc  zf_driver_pwm.o [49]
Cy_SysClk_GetClockGroup
                        0x1008'3fd5     0x8  Code  Lc  zf_driver_spi.o [49]
Cy_SysClk_GetClockGroup
                        0x1008'2d35     0x8  Code  Lc  zf_driver_uart.o [49]
Cy_SysClk_GetCoreFrequency
                        0x1008'68e1    0x2a  Code  Gb  cy_sysclk.o [33]
Cy_SysClk_GetEcoFrequency
                        0x1008'63e9    0x32  Code  Gb  cy_sysclk.o [33]
Cy_SysClk_GetExtFrequency
                        0x1008'641d    0x1e  Code  Gb  cy_sysclk.o [33]
Cy_SysClk_GetFast0Frequency
                        0x1008'6835    0x56  Code  Gb  cy_sysclk.o [33]
Cy_SysClk_GetFast1Frequency
                        0x1008'688b    0x56  Code  Gb  cy_sysclk.o [33]
Cy_SysClk_GetFllInputFrequency
                        0x1008'653d     0xc  Code  Gb  cy_sysclk.o [33]
Cy_SysClk_GetFllOutputFrequency
                        0x1008'6565    0x78  Code  Gb  cy_sysclk.o [33]
Cy_SysClk_GetHfClkFrequency
                        0x1008'67b7    0x7a  Code  Gb  cy_sysclk.o [33]
Cy_SysClk_GetIlo0Frequency
                        0x1008'643b    0x32  Code  Gb  cy_sysclk.o [33]
Cy_SysClk_GetIlo1Frequency
                        0x1008'646d    0x32  Code  Gb  cy_sysclk.o [33]
Cy_SysClk_GetImoFrequency
                        0x1008'63b7    0x32  Code  Gb  cy_sysclk.o [33]
Cy_SysClk_GetPathFrequency
                        0x1008'6785    0x32  Code  Gb  cy_sysclk.o [33]
Cy_SysClk_GetPathSourceFrequency
                        0x1008'64d9    0x64  Code  Gb  cy_sysclk.o [33]
Cy_SysClk_GetPll400MNo  0x1008'60b1    0x14  Code  Lc  cy_sysclk.o [33]
Cy_SysClk_GetPllInputFrequency
                        0x1008'6549    0x1c  Code  Gb  cy_sysclk.o [33]
Cy_SysClk_GetPllNo      0x1008'6075    0x12  Code  Lc  cy_sysclk.o [33]
Cy_SysClk_GetPllOutputFrequency
                        0x1008'65e1   0x1a0  Code  Gb  cy_sysclk.o [33]
Cy_SysClk_GetWcoFrequency
                        0x1008'649f    0x32  Code  Gb  cy_sysclk.o [33]
Cy_SysClk_HfClockGetDivider
                        0x1008'6153    0x42  Code  Lc  cy_sysclk.o [33]
Cy_SysClk_HfClockGetSource
                        0x1008'60ff    0x54  Code  Lc  cy_sysclk.o [33]
Cy_SysClk_InitGetFreqParams
                        0x1008'639d    0x1a  Code  Gb  cy_sysclk.o [33]
Cy_SysClk_PeriphAssignDivider
                        0x1008'5b5d    0x68  Code  Lc  zf_driver_delay.o [49]
Cy_SysClk_PeriphAssignDivider
                        0x1008'9b97    0x68  Code  Lc  zf_driver_pit.o [49]
Cy_SysClk_PeriphAssignDivider
                        0x1008'1697    0x6a  Code  Lc  zf_driver_pwm.o [49]
Cy_SysClk_PeriphAssignDivider
                        0x1008'3fdd    0x6a  Code  Lc  zf_driver_spi.o [49]
Cy_SysClk_PeriphAssignDivider
                        0x1008'2d3d    0x6a  Code  Lc  zf_driver_uart.o [49]
Cy_SysClk_PeriphEnableDivider
                        0x1008'5bc5    0x4c  Code  Lc  zf_driver_delay.o [49]
Cy_SysClk_PeriphEnableDivider
                        0x1008'9bff    0x4c  Code  Lc  zf_driver_pit.o [49]
Cy_SysClk_PeriphEnableDivider
                        0x1008'1701    0x4e  Code  Lc  zf_driver_pwm.o [49]
Cy_SysClk_PeriphEnableDivider
                        0x1008'4047    0x4e  Code  Lc  zf_driver_spi.o [49]
Cy_SysClk_PeriphEnableDivider
                        0x1008'2da7    0x4e  Code  Lc  zf_driver_uart.o [49]
Cy_SysClk_PeriphSetDivider
                        0x1008'5ad7    0x7e  Code  Lc  zf_driver_delay.o [49]
Cy_SysClk_PeriphSetDivider
                        0x1008'9b0d    0x82  Code  Lc  zf_driver_pit.o [49]
Cy_SysClk_PeriphSetDivider
                        0x1008'160d    0x82  Code  Lc  zf_driver_pwm.o [49]
Cy_SysClk_PeriphSetFracDivider
                        0x1008'3f1d    0xb8  Code  Lc  zf_driver_spi.o [49]
Cy_SysClk_PeriphSetFracDivider
                        0x1008'2c7d    0xb8  Code  Lc  zf_driver_uart.o [49]
Cy_SysClk_Pll400MGetConfiguration
                        0x1008'6309    0x84  Code  Gb  cy_sysclk.o [33]
Cy_SysClk_Pll400MGetLockStatus
                        0x1008'60c5    0x2a  Code  Lc  cy_sysclk.o [33]
Cy_SysClk_PllGetConfiguration
                        0x1008'62b5    0x48  Code  Gb  cy_sysclk.o [33]
Cy_SysClk_PllGetLockStatus
                        0x1008'6087    0x28  Code  Lc  cy_sysclk.o [33]
Cy_SysClk_WcoOkay       0x1008'60f1     0xe  Code  Lc  cy_sysclk.o [33]
Cy_SysInt_InitIRQ       0x1008'3d75    0x7e  Code  Gb  cy_sysint.o [35]
Cy_SysInt_SetSystemIrqVector
                        0x1008'3df3    0x12  Code  Gb  cy_sysint.o [35]
Cy_SysInt_SystemIrqUserTableRamPointer
                        0x2802'06ec     0x4  Data  Gb  cy_interrupt_map.o [23]
Cy_SysLib_CleanCoreDCacheByAddr
                        0x1008'6a5d    0x24  Code  Gb  cy_syslib.o [36]
Cy_SysLib_DelayCycles   0x1008'ba21          Code  Gb  cy_syslib_iar.o [36]
Cy_SysLib_EnterCriticalSection
                        0x1008'ba31          Code  Gb  cy_syslib_iar.o [36]
Cy_SysLib_ExitCriticalSection
                        0x1008'ba39          Code  Gb  cy_syslib_iar.o [36]
Cy_SysLib_FaultHandler  0x1008'69a9    0x90  Code  Gb  cy_syslib.o [36]
Cy_SysLib_Halt          0x1008'69a5     0x4  Code  Gb  cy_syslib.o [36]
Cy_SysLib_InvalidateCoreDCacheByAddr
                        0x1008'6a39    0x24  Code  Gb  cy_syslib.o [36]
Cy_SysLib_ProcessingFault
                        0x1008'6a9d     0x2  Code  Wk  cy_syslib.o [36]
[...]
imu660rc_gyro_z         0x2802'c51c     0x2  Data  Gb  zf_device_imu660rc.o [48]
imu660rc_init           0x1008'9201   0x116  Code  Gb  zf_device_imu660rc.o [48]
imu660rc_pitch          0x2802'c4fc     0x4  Data  Gb  zf_device_imu660rc.o [48]
imu660rc_quarternion    0x2802'c450    0x10  Data  Gb  zf_device_imu660rc.o [48]
imu660rc_quarternion_rate
                        0x2802'c52c     0x1  Data  Lc  zf_device_imu660rc.o [48]
imu660rc_read_register  0x1008'8e47    0x24  Code  Lc  zf_device_imu660rc.o [48]
imu660rc_read_registers
                        0x1008'8e6b    0x26  Code  Lc  zf_device_imu660rc.o [48]
imu660rc_roll           0x2802'c4f8     0x4  Data  Gb  zf_device_imu660rc.o [48]
imu660rc_self_check     0x1008'9109    0x32  Code  Lc  zf_device_imu660rc.o [48]
imu660rc_set_mem_bank   0x1008'90fb     0xe  Code  Lc  zf_device_imu660rc.o [48]
imu660rc_transition_factor
                        0x2802'c460     0x8  Data  Gb  zf_device_imu660rc.o [48]
imu660rc_write_register
                        0x1008'8e25    0x22  Code  Lc  zf_device_imu660rc.o [48]
imu660rc_yaw            0x2802'c500     0x4  Data  Gb  zf_device_imu660rc.o [48]
intFreqInitialized      0x2802'c526     0x1  Data  Gb  cy_sysclk.o [33]
internalBaseFreqInfo    0x2802'c3b4    0x18  Data  Gb  cy_sysclk.o [33]
interrupt_global_disable
                        0x1008'39e1    0x14  Code  Gb  zf_common_interrupt.o [46]
interrupt_global_enable
                        0x1008'39d1    0x10  Code  Gb  zf_common_interrupt.o [46]
interrupt_global_flag   0x2802'c4f4     0x4  Data  Lc  zf_common_interrupt.o [46]
interrupt_init          0x1008'3a21    0x36  Code  Gb  zf_common_interrupt.o [46]
interrupt_set_priority  0x1008'3a15     0xc  Code  Gb  zf_common_interrupt.o [46]
inverseKinematics       0x1008'6aa1   0x546  Code  Gb  leg_control.o [5]
last_imu660rc_gyro_z    0x2802'c4c0     0x4  Data  Gb  motor_control.o [5]
layer                   0x2802'c494     0x4  Data  Gb  menu.o [5]
ldexp                   0x1008'1231          Code  Gb  ldexp.o [51]
ldexpl                  0x1008'1231          Code  Gb  ldexp.o [51]
leg_PID_param_init      0x1008'a531    0x38  Code  Gb  motor_control.o [5]
leg_control_init        0x1008'7051    0x44  Code  Gb  leg_control.o [5]
leg_position_set        0x1008'6fed    0x64  Code  Gb  leg_control.o [5]
line                    0x2802'0728     0x4  Data  Gb  menu.o [5]
main                    0x1008'b129    0xd0  Code  Gb  main_cm7_0.o [45]
memchr                  0x1008'1045          Code  Gb  memchr.o [52]
menu                    0x2802'0754    0x3c  Data  Gb  menu.o [5]
menu1_string            0x2802'072c     0x8  Data  Gb  menu.o [5]
menu2_string            0x2802'0734    0x14  Data  Gb  menu.o [5]
menu3_string            0x2802'0748     0xc  Data  Gb  menu.o [5]
menu_Confirm            0x1008'988b    0x92  Code  Gb  menu.o [5]
menu_Display            0x1008'9a37    0x3c  Code  Gb  menu.o [5]
menu_Func               0x1008'95d5   0x1ae  Code  Gb  menu.o [5]
menu_add                0x1008'980b    0x80  Code  Gb  menu.o [5]
menu_display            0x1008'999f    0x98  Code  Gb  menu.o [5]
menu_low                0x1008'9783    0x88  Code  Gb  menu.o [5]
menu_num                0x2802'0790    0x80  Data  Gb  menu.o [5]
menu_return             0x1008'991d    0x82  Code  Gb  menu.o [5]
motor_Loop              0x1008'a725    0x82  Code  Gb  motor_control.o [5]
motor_value             0x2802'c414    0x14  Data  Gb  small_driver_uart_control.o [5]
navigation_end          0x2802'c4a0     0x4  Data  Gb  menu.o [5]
navigation_rec          0x2802'c4a4     0x4  Data  Gb  menu.o [5]
navigation_start        0x2802'c49c     0x4  Data  Gb  menu.o [5]
out_PID_param_init      0x1008'a569    0x32  Code  Gb  motor_control.o [5]
pid_flag                0x2802'c4a8     0x4  Data  Gb  menu.o [5]
pit0_ch0_isr            0x1008'9e79    0x80  Code  Gb  cm7_0_isr.o [45]
pit0_ch10_isr           0x1008'a035     0xa  Code  Gb  cm7_0_isr.o [45]
pit0_ch11_isr           0x1008'a03f     0xa  Code  Gb  cm7_0_isr.o [45]
pit0_ch12_isr           0x1008'a049     0xa  Code  Gb  cm7_0_isr.o [45]
pit0_ch13_isr           0x1008'a053     0xa  Code  Gb  cm7_0_isr.o [45]
pit0_ch14_isr           0x1008'a05d     0xa  Code  Gb  cm7_0_isr.o [45]
pit0_ch15_isr           0x1008'a067     0xa  Code  Gb  cm7_0_isr.o [45]
pit0_ch16_isr           0x1008'a071     0xa  Code  Gb  cm7_0_isr.o [45]
pit0_ch17_isr           0x1008'a07b     0xa  Code  Gb  cm7_0_isr.o [45]
pit0_ch18_isr           0x1008'a085     0xa  Code  Gb  cm7_0_isr.o [45]
pit0_ch19_isr           0x1008'a08f     0xa  Code  Gb  cm7_0_isr.o [45]
pit0_ch1_isr            0x1008'9ef9    0xca  Code  Gb  cm7_0_isr.o [45]
pit0_ch20_isr           0x1008'a099     0xa  Code  Gb  cm7_0_isr.o [45]
pit0_ch21_isr           0x1008'a0a3     0xe  Code  Gb  cm7_0_isr.o [45]
pit0_ch2_isr            0x1008'9fc3    0x6c  Code  Gb  cm7_0_isr.o [45]
pit_init                0x1008'9c75   0x1ee  Code  Gb  zf_driver_pit.o [49]
pit_isr_flag_clear      0x1008'9c4b    0x2a  Code  Gb  zf_driver_pit.o [49]
pit_isr_func            0x2802'0884    0x3c  Data  Gb  zf_driver_pit.o [49]
pitch_PID_param_init    0x1008'a655    0x30  Code  Gb  motor_control.o [5]
programSizeBytesLut     0x1008'bb2c    0x14  Data  Lc  cy_flash.o [12]
pwm_all_channel_close   0x1008'2191    0x1a  Code  Gb  zf_driver_pwm.o [49]
pwm_init                0x1008'2205   0x1e4  Code  Gb  zf_driver_pwm.o [49]
pwm_set_duty            0x1008'21ab    0x5a  Code  Gb  zf_driver_pwm.o [49]
quarternion_normalize   0x1008'8f05    0xb4  Code  Lc  zf_device_imu660rc.o [48]
quarternion_to_euler    0x1008'8fb9   0x142  Code  Lc  zf_device_imu660rc.o [48]
reset                   0x2802'c4b8     0x4  Data  Gb  menu.o [5]
roll_PID_param_init     0x1008'a625    0x30  Code  Gb  motor_control.o [5]
sar_adc                 0x2802'0818     0xc  Data  Lc  zf_driver_adc.o [49]
scalbln                 0x1008'1231          Code  Gb  ldexp.o [51]
scalblnl                0x1008'1231          Code  Gb  ldexp.o [51]
scalbn                  0x1008'1231          Code  Gb  ldexp.o [51]
scalbnl                 0x1008'1231          Code  Gb  ldexp.o [51]
scale                   0x1008'0e61    0x46  Code  Lc  xprintffull_nomb.o [50]
scb_module              0x2802'08ec    0x1c  Data  Gb  zf_driver_uart.o [49]
sec_hand                0x2802'c50c     0x4  Data  Lc  xfail_s.o [50]
set_wireless_type       0x1008'a9c3    0x32  Code  Gb  zf_device_type.o [48]
small_driver_get_speed  0x1008'a4a9    0x2a  Code  Gb  small_driver_uart_control.o [5]
small_driver_init       0x1008'a4d3    0x2e  Code  Gb  small_driver_uart_control.o [5]
small_driver_set_duty   0x1008'a467    0x42  Code  Gb  small_driver_uart_control.o [5]
small_driver_uart_init  0x1008'a505    0x2a  Code  Gb  small_driver_uart_control.o [5]
spi_get_clk_hsiom       0x1008'4151    0x28  Code  Lc  zf_driver_spi.o [49]
spi_get_clk_pin         0x1008'4095    0x28  Code  Lc  zf_driver_spi.o [49]
spi_get_cs_hsiom        0x1008'41c9    0x44  Code  Lc  zf_driver_spi.o [49]
spi_get_cs_pin          0x1008'410d    0x44  Code  Lc  zf_driver_spi.o [49]
spi_get_miso_hsiom      0x1008'41a1    0x28  Code  Lc  zf_driver_spi.o [49]
spi_get_miso_pin        0x1008'40e5    0x28  Code  Lc  zf_driver_spi.o [49]
spi_get_mosi_hsiom      0x1008'4179    0x28  Code  Lc  zf_driver_spi.o [49]
spi_get_mosi_pin        0x1008'40bd    0x28  Code  Lc  zf_driver_spi.o [49]
spi_init                0x1008'478d   0x2b2  Code  Gb  zf_driver_spi.o [49]
spi_module              0x2802'08c0    0x10  Data  Gb  zf_driver_spi.o [49]
spi_read_8bit_register  0x1008'4591    0xea  Code  Gb  zf_driver_spi.o [49]
spi_read_8bit_registers
                        0x1008'467b    0xfe  Code  Gb  zf_driver_spi.o [49]
spi_write_16bit_array   0x1008'43f3    0xb6  Code  Gb  zf_driver_spi.o [49]
spi_write_8bit          0x1008'4349    0xaa  Code  Gb  zf_driver_spi.o [49]
spi_write_8bit_register
                        0x1008'44a9    0xde  Code  Gb  zf_driver_spi.o [49]
sprintf                 0x1008'373d    0x40  Code  Gb  sprintf.o [50]
sqrt                    0x1008'70e5          Code  Gb  sqrt.o [51]
sqrtf                   0x1008'936d          Code  Gb  sqrtf.o [51]
sqrtl                   0x1008'70e5          Code  Gb  sqrt.o [51]
strchr                  0x1008'0fad          Code  Gb  strchr.o [52]
strlen                  0x1008'100d          Code  Gb  strlen.o [52]
strncpy                 0x1008'6935          Code  Gb  strncpy.o [52]
switch_transition_length
                        0x1008'420d   0x13c  Code  Lc  zf_driver_spi.o [49]
system_clock            0x2802'c4f0     0x4  Data  Gb  zf_common_clock.o [46]
system_delay_init       0x1008'5c6f    0xa6  Code  Gb  zf_driver_delay.o [49]
system_delay_ms         0x1008'5c11    0x5e  Code  Gb  zf_driver_delay.o [49]
task                    0x2802'c4ac     0x4  Data  Gb  menu.o [5]
tft180_bgcolor          0x2802'090e     0x2  Data  Lc  zf_device_tft180.o [48]
tft180_clear            0x1008'4e2d    0x7c  Code  Gb  zf_device_tft180.o [48]
tft180_debug_init       0x1008'4dc3    0x68  Code  Lc  zf_device_tft180.o [48]
tft180_display_dir      0x2802'c52d     0x1  Data  Lc  zf_device_tft180.o [48]
tft180_display_font     0x2802'0913     0x1  Data  Lc  zf_device_tft180.o [48]
tft180_height_max       0x2802'090a     0x2  Data  Gb  zf_device_tft180.o [48]
tft180_init             0x1008'53e5   0x35a  Code  Gb  zf_device_tft180.o [48]
tft180_pencolor         0x2802'090c     0x2  Data  Lc  zf_device_tft180.o [48]
tft180_set_color        0x1008'4ee3     0xe  Code  Gb  zf_device_tft180.o [48]
tft180_set_dir          0x1008'4ea9    0x3a  Code  Gb  zf_device_tft180.o [48]
tft180_set_region       0x1008'4c63   0x160  Code  Lc  zf_device_tft180.o [48]
tft180_show_char        0x1008'4ef1   0x1f4  Code  Gb  zf_device_tft180.o [48]
tft180_show_float       0x1008'526d   0x13e  Code  Gb  zf_device_tft180.o [48]
tft180_show_int         0x1008'518f    0xde  Code  Gb  zf_device_tft180.o [48]
tft180_show_string      0x1008'50e5    0xaa  Code  Gb  zf_device_tft180.o [48]
tft180_width_max        0x2802'0908     0x2  Data  Gb  zf_device_tft180.o [48]
tft180_write_index      0x1008'4c45    0x1e  Code  Lc  zf_device_tft180.o [48]
timer_ch                0x2802'0914     0x1  Data  Lc  zf_driver_delay.o [49]
tsl1401_collect_pit_handler
                        0x1008'a85d    0x68  Code  Gb  zf_device_tsl1401.o [48]
tsl1401_data            0x2802'bc90   0x200  Data  Gb  zf_device_tsl1401.o [48]
tsl1401_finish_flag     0x2802'c52f     0x1  Data  Gb  zf_device_tsl1401.o [48]
tsl1401_init_state      0x2802'c52e     0x1  Data  Lc  zf_device_tsl1401.o [48]
turn_p                  0x2802'c4b4     0x4  Data  Gb  menu.o [5]
turn_start              0x2802'c4b0     0x4  Data  Gb  menu.o [5]
type_default_callback   0x1008'a9c1     0x2  Code  Lc  zf_device_type.o [48]
uart0_isr               0x1008'a0b1    0x12  Code  Gb  cm7_0_isr.o [45]
uart1_isr               0x1008'a0c3    0x16  Code  Gb  cm7_0_isr.o [45]
uart2_isr               0x1008'a0d9    0x12  Code  Gb  cm7_0_isr.o [45]
uart3_isr               0x1008'a0eb     0xa  Code  Gb  cm7_0_isr.o [45]
uart4_isr               0x1008'a0f5    0x14  Code  Gb  cm7_0_isr.o [45]
uart5_isr               0x1008'a181     0xa  Code  Gb  cm7_0_isr.o [45]
uart6_isr               0x1008'a18b     0xa  Code  Gb  cm7_0_isr.o [45]
uart_context            0x2802'be90   0x188  Data  Gb  zf_driver_uart.o [49]
uart_control_callback   0x1008'a3b5    0xb2  Code  Gb  small_driver_uart_control.o [5]
uart_data_buffer        0x2802'c088    0x70  Data  Lc  zf_driver_uart.o [49]
uart_data_buffer_count  0x2802'c468     0x8  Data  Lc  zf_driver_uart.o [49]
uart_data_refresh       0x2802'c470     0x8  Data  Lc  zf_driver_uart.o [49]
uart_init               0x1008'353d   0x1c0  Code  Gb  zf_driver_uart.o [49]
uart_isr_func           0x2802'08d0    0x1c  Data  Gb  zf_driver_uart.o [49]
uart_isr_mask           0x1008'2e95    0xfa  Code  Gb  zf_driver_uart.o [49]
uart_query_byte         0x1008'31fb    0x74  Code  Gb  zf_driver_uart.o [49]
uart_receiver_handler   0x2802'0814     0x4  Data  Gb  zf_device_type.o [48]
uart_rx_interrupt       0x1008'338b   0x1a8  Code  Gb  zf_driver_uart.o [49]
uart_tx_interrupt       0x1008'326f   0x11c  Code  Gb  zf_driver_uart.o [49]
uart_write_buffer       0x1008'31c1    0x1e  Code  Gb  zf_driver_uart.o [49]
uart_write_byte         0x1008'3199    0x28  Code  Gb  zf_driver_uart.o [49]
uart_write_string       0x1008'31df    0x1c  Code  Gb  zf_driver_uart.o [49]
wireless_module_uart_handler
                        0x2802'0810     0x4  Data  Gb  zf_device_type.o [48]
wireless_type           0x2802'c530     0x1  Data  Gb  zf_device_type.o [48]
zf_debug_assert_enable  0x2802'0912     0x1  Data  Lc  zf_common_debug.o [46]
zf_debug_init_flag      0x2802'c528     0x1  Data  Lc  zf_common_debug.o [46]


[1] = C:\Users\jty\Desktop\CYT4BB7_Library-master\Example\Motherboard_Demo\E4_imu\luntui\iar\Debug_m7_0\Obj\adc_11722776235721520015.dir
[2] = C:\Users\jty\Desktop\CYT4BB7_Library-master\Example\Motherboard_Demo\E4_imu\luntui\iar\Debug_m7_0\Obj\audioss_1346650047966882938.dir
[3] = C:\Users\jty\Desktop\CYT4BB7_Library-master\Example\Motherboard_Demo\E4_imu\luntui\iar\Debug_m7_0\Obj\button_4990804375159372270.dir
[4] = C:\Users\jty\Desktop\CYT4BB7_Library-master\Example\Motherboard_Demo\E4_imu\luntui\iar\Debug_m7_0\Obj\canfd_1800690984773873875.dir
[5] = C:\Users\jty\Desktop\CYT4BB7_Library-master\Example\Motherboard_Demo\E4_imu\luntui\iar\Debug_m7_0\Obj\code_17896468042025673432.dir
[6] = C:\Users\jty\Desktop\CYT4BB7_Library-master\Example\Motherboard_Demo\E4_imu\luntui\iar\Debug_m7_0\Obj\cpu_15938736945165268644.dir
[7] = C:\Users\jty\Desktop\CYT4BB7_Library-master\Example\Motherboard_Demo\E4_imu\luntui\iar\Debug_m7_0\Obj\crypto_1190170608956581615.dir
[8] = C:\Users\jty\Desktop\CYT4BB7_Library-master\Example\Motherboard_Demo\E4_imu\luntui\iar\Debug_m7_0\Obj\dma_12106025507578611576.dir
[9] = C:\Users\jty\Desktop\CYT4BB7_Library-master\Example\Motherboard_Demo\E4_imu\luntui\iar\Debug_m7_0\Obj\eth_phy_18133017486186456677.dir
[10] = C:\Users\jty\Desktop\CYT4BB7_Library-master\Example\Motherboard_Demo\E4_imu\luntui\iar\Debug_m7_0\Obj\ethernet_6029839089178797009.dir
[11] = C:\Users\jty\Desktop\CYT4BB7_Library-master\Example\Motherboard_Demo\E4_imu\luntui\iar\Debug_m7_0\Obj\evtgen_3404189088603873129.dir
[12] = C:\Users\jty\Desktop\CYT4BB7_Library-master\Example\Motherboard_Demo\E4_imu\luntui\iar\Debug_m7_0\Obj\flash_8529866181315662935.dir
[13] = C:\Users\jty\Desktop\CYT4BB7_Library-master\Example\Motherboard_Demo\E4_imu\luntui\iar\Debug_m7_0\Obj\flash_864493325053435817.dir
[14] = C:\Users\jty\Desktop\CYT4BB7_Library-master\Example\Motherboard_Demo\E4_imu\luntui\iar\Debug_m7_0\Obj\gpio_3999404635324069351.dir
[15] = C:\Users\jty\Desktop\CYT4BB7_Library-master\Example\Motherboard_Demo\E4_imu\luntui\iar\Debug_m7_0\Obj\ipc_10145506163450686023.dir
[16] = C:\Users\jty\Desktop\CYT4BB7_Library-master\Example\Motherboard_Demo\E4_imu\luntui\iar\Debug_m7_0\Obj\lin_18429031207028094880.dir
[17] = C:\Users\jty\Desktop\CYT4BB7_Library-master\Example\Motherboard_Demo\E4_imu\luntui\iar\Debug_m7_0\Obj\lvd_6353935867039560245.dir
[18] = C:\Users\jty\Desktop\CYT4BB7_Library-master\Example\Motherboard_Demo\E4_imu\luntui\iar\Debug_m7_0\Obj\mcwdt_4052485907822033969.dir
[19] = C:\Users\jty\Desktop\CYT4BB7_Library-master\Example\Motherboard_Demo\E4_imu\luntui\iar\Debug_m7_0\Obj\mpu_5663187252346826382.dir
[20] = C:\Users\jty\Desktop\CYT4BB7_Library-master\Example\Motherboard_Demo\E4_imu\luntui\iar\Debug_m7_0\Obj\power_14453085144426420577.dir
[21] = C:\Users\jty\Desktop\CYT4BB7_Library-master\Example\Motherboard_Demo\E4_imu\luntui\iar\Debug_m7_0\Obj\prot_10722960861768657883.dir
[22] = C:\Users\jty\Desktop\CYT4BB7_Library-master\Example\Motherboard_Demo\E4_imu\luntui\iar\Debug_m7_0\Obj\rev_b_4986922561640112550.dir
[23] = C:\Users\jty\Desktop\CYT4BB7_Library-master\Example\Motherboard_Demo\E4_imu\luntui\iar\Debug_m7_0\Obj\rev_b_6162237342861132223.dir
[24] = C:\Users\jty\Desktop\CYT4BB7_Library-master\Example\Motherboard_Demo\E4_imu\luntui\iar\Debug_m7_0\Obj\scb_15490842639181808494.dir
[25] = C:\Users\jty\Desktop\CYT4BB7_Library-master\Example\Motherboard_Demo\E4_imu\luntui\iar\Debug_m7_0\Obj\sd_host_2982766354293506895.dir
[26] = C:\Users\jty\Desktop\CYT4BB7_Library-master\Example\Motherboard_Demo\E4_imu\luntui\iar\Debug_m7_0\Obj\semihosting_143864889731838620.dir
[27] = C:\Users\jty\Desktop\CYT4BB7_Library-master\Example\Motherboard_Demo\E4_imu\luntui\iar\Debug_m7_0\Obj\smartio_5451710003740070188.dir
[28] = C:\Users\jty\Desktop\CYT4BB7_Library-master\Example\Motherboard_Demo\E4_imu\luntui\iar\Debug_m7_0\Obj\smif_427648126384146252.dir
[29] = C:\Users\jty\Desktop\CYT4BB7_Library-master\Example\Motherboard_Demo\E4_imu\luntui\iar\Debug_m7_0\Obj\smif_mem_6470536964353725183.dir
[30] = C:\Users\jty\Desktop\CYT4BB7_Library-master\Example\Motherboard_Demo\E4_imu\luntui\iar\Debug_m7_0\Obj\srom_13018798572330080582.dir
[31] = C:\Users\jty\Desktop\CYT4BB7_Library-master\Example\Motherboard_Demo\E4_imu\luntui\iar\Debug_m7_0\Obj\startup_479057977785470282.dir
[32] = C:\Users\jty\Desktop\CYT4BB7_Library-master\Example\Motherboard_Demo\E4_imu\luntui\iar\Debug_m7_0\Obj\sw_timer_4215635015939382130.dir
[33] = C:\Users\jty\Desktop\CYT4BB7_Library-master\Example\Motherboard_Demo\E4_imu\luntui\iar\Debug_m7_0\Obj\sysclk_16149231235676103872.dir
[34] = C:\Users\jty\Desktop\CYT4BB7_Library-master\Example\Motherboard_Demo\E4_imu\luntui\iar\Debug_m7_0\Obj\sysflt_12293435975120599261.dir
[35] = C:\Users\jty\Desktop\CYT4BB7_Library-master\Example\Motherboard_Demo\E4_imu\luntui\iar\Debug_m7_0\Obj\sysint_7435970359207984181.dir
[36] = C:\Users\jty\Desktop\CYT4BB7_Library-master\Example\Motherboard_Demo\E4_imu\luntui\iar\Debug_m7_0\Obj\syslib_16330585751512546975.dir
[37] = C:\Users\jty\Desktop\CYT4BB7_Library-master\Example\Motherboard_Demo\E4_imu\luntui\iar\Debug_m7_0\Obj\syspm_10887939769544754770.dir
[38] = C:\Users\jty\Desktop\CYT4BB7_Library-master\Example\Motherboard_Demo\E4_imu\luntui\iar\Debug_m7_0\Obj\sysreghc_17676636058511625587.dir
[39] = C:\Users\jty\Desktop\CYT4BB7_Library-master\Example\Motherboard_Demo\E4_imu\luntui\iar\Debug_m7_0\Obj\sysreset_14586141425677365288.dir
[40] = C:\Users\jty\Desktop\CYT4BB7_Library-master\Example\Motherboard_Demo\E4_imu\luntui\iar\Debug_m7_0\Obj\sysrtc_10747768817563771611.dir
[41] = C:\Users\jty\Desktop\CYT4BB7_Library-master\Example\Motherboard_Demo\E4_imu\luntui\iar\Debug_m7_0\Obj\systick_16016591671695740695.dir
[42] = C:\Users\jty\Desktop\CYT4BB7_Library-master\Example\Motherboard_Demo\E4_imu\luntui\iar\Debug_m7_0\Obj\syswdt_9118657615806274156.dir
[43] = C:\Users\jty\Desktop\CYT4BB7_Library-master\Example\Motherboard_Demo\E4_imu\luntui\iar\Debug_m7_0\Obj\tcpwm_422923530147891246.dir
[44] = C:\Users\jty\Desktop\CYT4BB7_Library-master\Example\Motherboard_Demo\E4_imu\luntui\iar\Debug_m7_0\Obj\trigmux_9729677290734583340.dir
[45] = C:\Users\jty\Desktop\CYT4BB7_Library-master\Example\Motherboard_Demo\E4_imu\luntui\iar\Debug_m7_0\Obj\user_8514941877209965082.dir
[46] = C:\Users\jty\Desktop\CYT4BB7_Library-master\Example\Motherboard_Demo\E4_imu\luntui\iar\Debug_m7_0\Obj\zf_common_1201165462030747823.dir
[47] = C:\Users\jty\Desktop\CYT4BB7_Library-master\Example\Motherboard_Demo\E4_imu\luntui\iar\Debug_m7_0\Obj\zf_components_14936052685886095442.dir
[48] = C:\Users\jty\Desktop\CYT4BB7_Library-master\Example\Motherboard_Demo\E4_imu\luntui\iar\Debug_m7_0\Obj\zf_device_6570275422786408770.dir
[49] = C:\Users\jty\Desktop\CYT4BB7_Library-master\Example\Motherboard_Demo\E4_imu\luntui\iar\Debug_m7_0\Obj\zf_driver_11922370083829174090.dir
[50] = dl7M_tln.a
[51] = m7M_tlv.a
[52] = rt7M_tl.a
[53] = shb_l.a
[54] = zf_device_config.a

  44'060 bytes of readonly  code memory
   4'622 bytes of readonly  data memory
  59'823 bytes of readwrite data memory

Errors: none
Warnings: none
